Archive member included to satisfy reference by file (symbol)

/Applications/ARM/bin/../lib/gcc/arm-none-eabi/10.3.1/../../../../arm-none-eabi/lib/thumb/v7e-m/nofp/libc_nano.a(lib_a-assert.o)
                              build/lfs.o (__assert_func)
/Applications/ARM/bin/../lib/gcc/arm-none-eabi/10.3.1/../../../../arm-none-eabi/lib/thumb/v7e-m/nofp/libc_nano.a(lib_a-exit.o)
                              /Applications/ARM/bin/../lib/gcc/arm-none-eabi/10.3.1/../../../../arm-none-eabi/lib/thumb/v7e-m/nofp/crt0.o (exit)
/Applications/ARM/bin/../lib/gcc/arm-none-eabi/10.3.1/../../../../arm-none-eabi/lib/thumb/v7e-m/nofp/libc_nano.a(lib_a-fprintf.o)
                              /Applications/ARM/bin/../lib/gcc/arm-none-eabi/10.3.1/../../../../arm-none-eabi/lib/thumb/v7e-m/nofp/libc_nano.a(lib_a-assert.o) (fiprintf)
/Applications/ARM/bin/../lib/gcc/arm-none-eabi/10.3.1/../../../../arm-none-eabi/lib/thumb/v7e-m/nofp/libc_nano.a(lib_a-impure.o)
                              /Applications/ARM/bin/../lib/gcc/arm-none-eabi/10.3.1/../../../../arm-none-eabi/lib/thumb/v7e-m/nofp/libc_nano.a(lib_a-exit.o) (_global_impure_ptr)
/Applications/ARM/bin/../lib/gcc/arm-none-eabi/10.3.1/../../../../arm-none-eabi/lib/thumb/v7e-m/nofp/libc_nano.a(lib_a-init.o)
                              /Applications/ARM/bin/../lib/gcc/arm-none-eabi/10.3.1/../../../../arm-none-eabi/lib/thumb/v7e-m/nofp/crt0.o (__libc_init_array)
/Applications/ARM/bin/../lib/gcc/arm-none-eabi/10.3.1/../../../../arm-none-eabi/lib/thumb/v7e-m/nofp/libc_nano.a(lib_a-malloc.o)
                              build/lfs.o (malloc)
/Applications/ARM/bin/../lib/gcc/arm-none-eabi/10.3.1/../../../../arm-none-eabi/lib/thumb/v7e-m/nofp/libc_nano.a(lib_a-memcmp.o)
                              build/lfs.o (memcmp)
/Applications/ARM/bin/../lib/gcc/arm-none-eabi/10.3.1/../../../../arm-none-eabi/lib/thumb/v7e-m/nofp/libc_nano.a(lib_a-memcpy-stub.o)
                              build/sfud.o (memcpy)
/Applications/ARM/bin/../lib/gcc/arm-none-eabi/10.3.1/../../../../arm-none-eabi/lib/thumb/v7e-m/nofp/libc_nano.a(lib_a-memset.o)
                              /Applications/ARM/bin/../lib/gcc/arm-none-eabi/10.3.1/../../../../arm-none-eabi/lib/thumb/v7e-m/nofp/crt0.o (memset)
/Applications/ARM/bin/../lib/gcc/arm-none-eabi/10.3.1/../../../../arm-none-eabi/lib/thumb/v7e-m/nofp/libc_nano.a(lib_a-nano-freer.o)
                              /Applications/ARM/bin/../lib/gcc/arm-none-eabi/10.3.1/../../../../arm-none-eabi/lib/thumb/v7e-m/nofp/libc_nano.a(lib_a-malloc.o) (_free_r)
/Applications/ARM/bin/../lib/gcc/arm-none-eabi/10.3.1/../../../../arm-none-eabi/lib/thumb/v7e-m/nofp/libc_nano.a(lib_a-nano-mallocr.o)
                              /Applications/ARM/bin/../lib/gcc/arm-none-eabi/10.3.1/../../../../arm-none-eabi/lib/thumb/v7e-m/nofp/libc_nano.a(lib_a-malloc.o) (_malloc_r)
/Applications/ARM/bin/../lib/gcc/arm-none-eabi/10.3.1/../../../../arm-none-eabi/lib/thumb/v7e-m/nofp/libc_nano.a(lib_a-nano-vfprintf.o)
                              /Applications/ARM/bin/../lib/gcc/arm-none-eabi/10.3.1/../../../../arm-none-eabi/lib/thumb/v7e-m/nofp/libc_nano.a(lib_a-fprintf.o) (_vfprintf_r)
/Applications/ARM/bin/../lib/gcc/arm-none-eabi/10.3.1/../../../../arm-none-eabi/lib/thumb/v7e-m/nofp/libc_nano.a(lib_a-nano-vfprintf_i.o)
                              /Applications/ARM/bin/../lib/gcc/arm-none-eabi/10.3.1/../../../../arm-none-eabi/lib/thumb/v7e-m/nofp/libc_nano.a(lib_a-nano-vfprintf.o) (_printf_i)
/Applications/ARM/bin/../lib/gcc/arm-none-eabi/10.3.1/../../../../arm-none-eabi/lib/thumb/v7e-m/nofp/libc_nano.a(lib_a-printf.o)
                              build/sfud_port.o (printf)
/Applications/ARM/bin/../lib/gcc/arm-none-eabi/10.3.1/../../../../arm-none-eabi/lib/thumb/v7e-m/nofp/libc_nano.a(lib_a-sbrkr.o)
                              /Applications/ARM/bin/../lib/gcc/arm-none-eabi/10.3.1/../../../../arm-none-eabi/lib/thumb/v7e-m/nofp/libc_nano.a(lib_a-nano-mallocr.o) (_sbrk_r)
/Applications/ARM/bin/../lib/gcc/arm-none-eabi/10.3.1/../../../../arm-none-eabi/lib/thumb/v7e-m/nofp/libc_nano.a(lib_a-strchr.o)
                              build/lfs.o (strchr)
/Applications/ARM/bin/../lib/gcc/arm-none-eabi/10.3.1/../../../../arm-none-eabi/lib/thumb/v7e-m/nofp/libc_nano.a(lib_a-strcpy.o)
                              build/lfs.o (strcpy)
/Applications/ARM/bin/../lib/gcc/arm-none-eabi/10.3.1/../../../../arm-none-eabi/lib/thumb/v7e-m/nofp/libc_nano.a(lib_a-strcspn.o)
                              build/lfs.o (strcspn)
/Applications/ARM/bin/../lib/gcc/arm-none-eabi/10.3.1/../../../../arm-none-eabi/lib/thumb/v7e-m/nofp/libc_nano.a(lib_a-strlen.o)
                              build/lfs.o (strlen)
/Applications/ARM/bin/../lib/gcc/arm-none-eabi/10.3.1/../../../../arm-none-eabi/lib/thumb/v7e-m/nofp/libc_nano.a(lib_a-strspn.o)
                              build/lfs.o (strspn)
/Applications/ARM/bin/../lib/gcc/arm-none-eabi/10.3.1/../../../../arm-none-eabi/lib/thumb/v7e-m/nofp/libc_nano.a(lib_a-vsnprintf.o)
[...]
Memory Configuration

Name             Origin             Length             Attributes
ROM              0x0000000008000000 0x0000000000040000 xr
RAM1             0x0000000020000000 0x0000000000008000 xrw
RAM2             0x0000000020008000 0x0000000000008000 xrw
*default*        0x0000000000000000 0xffffffffffffffff

Linker script and memory map

LOAD /Applications/ARM/bin/../lib/gcc/arm-none-eabi/10.3.1/thumb/v7e-m/nofp/crti.o
LOAD /Applications/ARM/bin/../lib/gcc/arm-none-eabi/10.3.1/thumb/v7e-m/nofp/crtbegin.o
LOAD /Applications/ARM/bin/../lib/gcc/arm-none-eabi/10.3.1/../../../../arm-none-eabi/lib/thumb/v7e-m/nofp/crt0.o
LOAD build/sfud.o
LOAD build/sfud_sfdp.o
LOAD build/sfud_port.o
LOAD build/lfs.o
LOAD build/lfs_util.o
LOAD build/lfs_port.o
LOAD build/system_stm32wlxx.o
LOAD build/stm32wlxx_hal.o
LOAD build/stm32wlxx_hal_adc.o
LOAD build/stm32wlxx_hal_adc_ex.o
LOAD build/stm32wlxx_hal_comp.o
LOAD build/stm32wlxx_hal_cortex.o
LOAD build/stm32wlxx_hal_crc.o
LOAD build/stm32wlxx_hal_crc_ex.o
LOAD build/stm32wlxx_hal_cryp.o
LOAD build/stm32wlxx_hal_cryp_ex.o
LOAD build/stm32wlxx_hal_dac.o
LOAD build/stm32wlxx_hal_dac_ex.o
LOAD build/stm32wlxx_hal_dma.o
LOAD build/stm32wlxx_hal_dma_ex.o
LOAD build/stm32wlxx_hal_exti.o
LOAD build/stm32wlxx_hal_flash.o
LOAD build/stm32wlxx_hal_flash_ex.o
LOAD build/stm32wlxx_hal_gpio.o
LOAD build/stm32wlxx_hal_gtzc.o
LOAD build/stm32wlxx_hal_hsem.o
LOAD build/stm32wlxx_hal_i2c.o
LOAD build/stm32wlxx_hal_i2c_ex.o
LOAD build/stm32wlxx_hal_i2s.o
LOAD build/stm32wlxx_hal_ipcc.o
LOAD build/stm32wlxx_hal_irda.o
LOAD build/stm32wlxx_hal_iwdg.o
LOAD build/stm32wlxx_hal_lptim.o
LOAD build/stm32wlxx_hal_pka.o
LOAD build/stm32wlxx_hal_pwr.o
LOAD build/stm32wlxx_hal_pwr_ex.o
LOAD build/stm32wlxx_hal_rcc.o
LOAD build/stm32wlxx_hal_rcc_ex.o
LOAD build/stm32wlxx_hal_rng.o
LOAD build/stm32wlxx_hal_rng_ex.o
LOAD build/stm32wlxx_hal_rtc.o
LOAD build/stm32wlxx_hal_rtc_ex.o
LOAD build/stm32wlxx_hal_smartcard.o
LOAD build/stm32wlxx_hal_smartcard_ex.o
LOAD build/stm32wlxx_hal_smbus.o
LOAD build/stm32wlxx_hal_smbus_ex.o
LOAD build/stm32wlxx_hal_spi.o
LOAD build/stm32wlxx_hal_spi_ex.o
LOAD build/stm32wlxx_hal_subghz.o
LOAD build/stm32wlxx_hal_tim.o
LOAD build/stm32wlxx_hal_tim_ex.o
LOAD build/stm32wlxx_hal_uart.o
LOAD build/stm32wlxx_hal_uart_ex.o
LOAD build/stm32wlxx_hal_usart.o
LOAD build/stm32wlxx_hal_usart_ex.o
LOAD build/stm32wlxx_hal_wwdg.o
LOAD build/stm32wlxx_ll_adc.o
LOAD build/stm32wlxx_ll_comp.o
LOAD build/stm32wlxx_ll_crc.o
LOAD build/stm32wlxx_ll_dac.o
LOAD build/stm32wlxx_ll_dma.o
LOAD build/stm32wlxx_ll_exti.o
LOAD build/stm32wlxx_ll_gpio.o
LOAD build/stm32wlxx_ll_i2c.o
LOAD build/stm32wlxx_ll_lptim.o
LOAD build/stm32wlxx_ll_lpuart.o
LOAD build/stm32wlxx_ll_pka.o
LOAD build/stm32wlxx_ll_pwr.o
LOAD build/stm32wlxx_ll_rcc.o
LOAD build/stm32wlxx_ll_rng.o
LOAD build/stm32wlxx_ll_rtc.o
LOAD build/stm32wlxx_ll_spi.o
LOAD build/stm32wlxx_ll_tim.o
LOAD build/stm32wlxx_ll_usart.o
LOAD build/stm32wlxx_ll_utils.o
LOAD build/flash.o
LOAD build/gpio.o
LOAD build/spi.o
LOAD build/stm32wlxx_it.o
LOAD build/system.o
LOAD build/main.o
LOAD build/startup_stm32wle5xx.o
LOAD /Applications/ARM/bin/../lib/gcc/arm-none-eabi/10.3.1/../../../../arm-none-eabi/lib/thumb/v7e-m/nofp/libc_nano.a
LOAD /Applications/ARM/bin/../lib/gcc/arm-none-eabi/10.3.1/../../../../arm-none-eabi/lib/thumb/v7e-m/nofp/libm.a
LOAD /Applications/ARM/bin/../lib/gcc/arm-none-eabi/10.3.1/../../../../arm-none-eabi/lib/thumb/v7e-m/nofp/libnosys.a
START GROUP
LOAD /Applications/ARM/bin/../lib/gcc/arm-none-eabi/10.3.1/thumb/v7e-m/nofp/libgcc.a
LOAD /Applications/ARM/bin/../lib/gcc/arm-none-eabi/10.3.1/../../../../arm-none-eabi/lib/thumb/v7e-m/nofp/libc_nano.a
END GROUP
START GROUP
LOAD /Applications/ARM/bin/../lib/gcc/arm-none-eabi/10.3.1/thumb/v7e-m/nofp/libgcc.a
LOAD /Applications/ARM/bin/../lib/gcc/arm-none-eabi/10.3.1/../../../../arm-none-eabi/lib/thumb/v7e-m/nofp/libc_nano.a
END GROUP
LOAD /Applications/ARM/bin/../lib/gcc/arm-none-eabi/10.3.1/thumb/v7e-m/nofp/crtend.o
LOAD /Applications/ARM/bin/../lib/gcc/arm-none-eabi/10.3.1/thumb/v7e-m/nofp/crtn.o
                0x0000000020008000                _estack = (ORIGIN (RAM1) + LENGTH (RAM1))
                0x0000000000000200                _Min_Heap_Size = 0x200
                0x0000000000000400                _Min_Stack_Size = 0x400

.isr_vector     0x0000000008000000      0x138
                0x0000000008000000                . = ALIGN (0x8)
 *(.isr_vector)
 .isr_vector    0x0000000008000000      0x138 build/startup_stm32wle5xx.o
                0x0000000008000000                g_pfnVectors
                0x0000000008000138                . = ALIGN (0x8)

.text           0x0000000008000140     0x2b50
                0x0000000008000140                . = ALIGN (0x8)
 *(.text)
 .text          0x0000000008000140       0x40 /Applications/ARM/bin/../lib/gcc/arm-none-eabi/10.3.1/thumb/v7e-m/nofp/crtbegin.o
 .text          0x0000000008000180       0xa0 /Applications/ARM/bin/../lib/gcc/arm-none-eabi/10.3.1/../../../../arm-none-eabi/lib/thumb/v7e-m/nofp/libc_nano.a(lib_a-memchr.o)
                0x0000000008000180                memchr
 *(.text*)
 .text.make_adress_byte_array
                0x0000000008000220       0x50 build/sfud.o
 .text.sfud_read_status
                0x0000000008000270       0x5c build/sfud.o
                0x0000000008000270                sfud_read_status
 .text.wait_busy
                0x00000000080002cc       0x3c build/sfud.o
 .text.sfud_read
                0x0000000008000308       0xec build/sfud.o
                0x0000000008000308                sfud_read
 .text.set_write_enabled
                0x00000000080003f4       0x80 build/sfud.o
 .text.sfud_chip_erase
                0x0000000008000474       0xc4 build/sfud.o
                0x0000000008000474                sfud_chip_erase
 .text.sfud_erase
                0x0000000008000538      0x13c build/sfud.o
                0x0000000008000538                sfud_erase
 .text.page256_or_1_byte_write
                0x0000000008000674      0x144 build/sfud.o
 .text.sfud_write
                0x00000000080007b8      0x180 build/sfud.o
                0x00000000080007b8                sfud_write
 .text.sfud_sfdp_get_suitable_eraser
                0x0000000008000938       0x60 build/sfud_sfdp.o
                0x0000000008000938                sfud_sfdp_get_suitable_eraser
 .text.sfud_log_debug
                0x0000000008000998       0x44 build/sfud_port.o
                0x0000000008000998                sfud_log_debug
 .text.sfud_log_info
                0x00000000080009dc       0x40 build/sfud_port.o
                0x00000000080009dc                sfud_log_info
 .text.lfs_pair_isnull
                0x0000000008000a1c       0x14 build/lfs.o
 .text.lfs_pair_cmp
                0x0000000008000a30       0x22 build/lfs.o
 .text.lfs_tag_dsize
                0x0000000008000a52       0x14 build/lfs.o
 .text.lfs_gstate_xor
                0x0000000008000a66       0x1c build/lfs.o
 .text.lfs_gstate_iszero
                0x0000000008000a82       0x18 build/lfs.o
 .text.lfs_gstate_hasmovehere
                0x0000000008000a9a       0x1c build/lfs.o
 .text.lfs_deinit
                0x0000000008000ab6       0x2c build/lfs.o
 *fill*         0x0000000008000ae2        0x2 
 .text.lfs_bd_read
                0x0000000008000ae4      0x188 build/lfs.o
 .text.lfs_dir_getslice
                0x0000000008000c6c      0x124 build/lfs.o
 .text.lfs_dir_get
                0x0000000008000d90       0x18 build/lfs.o
 .text.lfs_dir_getgstate
                0x0000000008000da8       0x34 build/lfs.o
 .text.lfs_dir_fetchmatch
                0x0000000008000ddc      0x3f4 build/lfs.o
 .text.lfs_bd_cmp.constprop.0
                0x00000000080011d0       0x62 build/lfs.o
 .text.lfs_dir_find_match
                0x0000000008001232       0x3a build/lfs.o
 .text.lfs_cache_zero.isra.0
                0x000000000800126c       0x16 build/lfs.o
 *fill*         0x0000000008001282        0x2 
 .text.lfs_init
                0x0000000008001284      0x1e0 build/lfs.o
 .text.lfs_unmount
                0x0000000008001464        0x4 build/lfs.o
                0x0000000008001464                lfs_unmount
 .text.lfs_mount
                0x0000000008001468      0x204 build/lfs.o
                0x0000000008001468                lfs_mount
 .text.lfs_crc  0x000000000800166c       0x38 build/lfs_util.o
                0x000000000800166c                lfs_crc
 .text.LFS_Init
                0x00000000080016a4       0x24 build/lfs_port.o
                0x00000000080016a4                LFS_Init
 .text.SystemInit
                0x00000000080016c8        0x2 build/system_stm32wlxx.o
                0x00000000080016c8                SystemInit
 *fill*         0x00000000080016ca        0x2 
 .text.HAL_IncTick
                0x00000000080016cc       0x18 build/stm32wlxx_hal.o
                0x00000000080016cc                HAL_IncTick
 .text.NMI_Handler
                0x00000000080016e4        0x2 build/stm32wlxx_it.o
                0x00000000080016e4                NMI_Handler
 .text.HardFault_Handler
                0x00000000080016e6        0x2 build/stm32wlxx_it.o
                0x00000000080016e6                HardFault_Handler
 .text.MemManage_Handler
                0x00000000080016e8        0x2 build/stm32wlxx_it.o
                0x00000000080016e8                MemManage_Handler
 .text.BusFault_Handler
                0x00000000080016ea        0x2 build/stm32wlxx_it.o
                0x00000000080016ea                BusFault_Handler
 .text.UsageFault_Handler
                0x00000000080016ec        0x2 build/stm32wlxx_it.o
                0x00000000080016ec                UsageFault_Handler
 .text.SVC_Handler
                0x00000000080016ee        0x2 build/stm32wlxx_it.o
                0x00000000080016ee                SVC_Handler
 .text.DebugMon_Handler
                0x00000000080016f0        0x2 build/stm32wlxx_it.o
                0x00000000080016f0                DebugMon_Handler
 .text.PendSV_Handler
                0x00000000080016f2        0x2 build/stm32wlxx_it.o
                0x00000000080016f2                PendSV_Handler
 .text.SysTick_Handler
                0x00000000080016f4        0x4 build/stm32wlxx_it.o
                0x00000000080016f4                SysTick_Handler
 .text.startup.main
                0x00000000080016f8        0x8 build/main.o
                0x00000000080016f8                main
 .text.Reset_Handler
                0x0000000008001700       0x50 build/startup_stm32wle5xx.o
                0x0000000008001700                Reset_Handler
 .text.Default_Handler
                0x0000000008001750        0x2 build/startup_stm32wle5xx.o
                0x0000000008001750                DMA2_Channel3_IRQHandler
                0x0000000008001750                EXTI2_IRQHandler
                0x0000000008001750                TIM1_CC_IRQHandler
                0x0000000008001750                EXTI3_IRQHandler
                0x0000000008001750                LPTIM2_IRQHandler
                0x0000000008001750                I2C3_ER_IRQHandler
                0x0000000008001750                LPTIM3_IRQHandler
                0x0000000008001750                EXTI0_IRQHandler
                0x0000000008001750                I2C2_EV_IRQHandler
                0x0000000008001750                TAMP_STAMP_LSECSS_SSRU_IRQHandler
                0x0000000008001750                SPI1_IRQHandler
                0x0000000008001750                DMA2_Channel2_IRQHandler
                0x0000000008001750                DMA1_Channel4_IRQHandler
                0x0000000008001750                PKA_IRQHandler
                0x0000000008001750                TIM17_IRQHandler
                0x0000000008001750                DMA1_Channel7_IRQHandler
                0x0000000008001750                SUBGHZSPI_IRQHandler
                0x0000000008001750                DMA2_Channel1_IRQHandler
                0x0000000008001750                I2C1_EV_IRQHandler
                0x0000000008001750                SUBGHZ_Radio_IRQHandler
                0x0000000008001750                DMAMUX1_OVR_IRQHandler
                0x0000000008001750                DMA1_Channel6_IRQHandler
                0x0000000008001750                TIM16_IRQHandler
                0x0000000008001750                DMA2_Channel4_IRQHandler
                0x0000000008001750                RCC_IRQHandler
                0x0000000008001750                TIM1_TRG_COM_IRQHandler
                0x0000000008001750                DMA1_Channel1_IRQHandler
                0x0000000008001750                Default_Handler
                0x0000000008001750                DMA2_Channel7_IRQHandler
                0x0000000008001750                EXTI15_10_IRQHandler
                0x0000000008001750                ADC_IRQHandler
                0x0000000008001750                I2C3_EV_IRQHandler
                0x0000000008001750                EXTI9_5_IRQHandler
                0x0000000008001750                RTC_WKUP_IRQHandler
                0x0000000008001750                PVD_PVM_IRQHandler
                0x0000000008001750                SPI2_IRQHandler
                0x0000000008001750                DMA2_Channel5_IRQHandler
                0x0000000008001750                DMA1_Channel5_IRQHandler
                0x0000000008001750                EXTI4_IRQHandler
                0x0000000008001750                RNG_IRQHandler
                0x0000000008001750                DMA1_Channel3_IRQHandler
                0x0000000008001750                COMP_IRQHandler
                0x0000000008001750                HSEM_IRQHandler
                0x0000000008001750                TIM1_UP_IRQHandler
                0x0000000008001750                WWDG_IRQHandler
                0x0000000008001750                LPUART1_IRQHandler
                0x0000000008001750                DMA2_Channel6_IRQHandler
                0x0000000008001750                TIM2_IRQHandler
                0x0000000008001750                TIM1_BRK_IRQHandler
                0x0000000008001750                DAC_IRQHandler
                0x0000000008001750                EXTI1_IRQHandler
                0x0000000008001750                AES_IRQHandler
                0x0000000008001750                USART2_IRQHandler
                0x0000000008001750                I2C2_ER_IRQHandler
                0x0000000008001750                DMA1_Channel2_IRQHandler
                0x0000000008001750                FLASH_IRQHandler
                0x0000000008001750                USART1_IRQHandler
                0x0000000008001750                I2C1_ER_IRQHandler
                0x0000000008001750                LPTIM1_IRQHandler
                0x0000000008001750                RTC_Alarm_IRQHandler
 *fill*         0x0000000008001752        0x2 
 .text.__assert_func
                0x0000000008001754       0x3c /Applications/ARM/bin/../lib/gcc/arm-none-eabi/10.3.1/../../../../arm-none-eabi/lib/thumb/v7e-m/nofp/libc_nano.a(lib_a-assert.o)
                0x0000000008001754                __assert_func
 .text.fprintf  0x0000000008001790       0x24 /Applications/ARM/bin/../lib/gcc/arm-none-eabi/10.3.1/../../../../arm-none-eabi/lib/thumb/v7e-m/nofp/libc_nano.a(lib_a-fprintf.o)
                0x0000000008001790                fprintf
                0x0000000008001790                fiprintf
 .text.__libc_init_array
                0x00000000080017b4       0x48 /Applications/ARM/bin/../lib/gcc/arm-none-eabi/10.3.1/../../../../arm-none-eabi/lib/thumb/v7e-m/nofp/libc_nano.a(lib_a-init.o)
                0x00000000080017b4                __libc_init_array
 .text.malloc   0x00000000080017fc       0x10 /Applications/ARM/bin/../lib/gcc/arm-none-eabi/10.3.1/../../../../arm-none-eabi/lib/thumb/v7e-m/nofp/libc_nano.a(lib_a-malloc.o)
                0x00000000080017fc                malloc
 .text.free     0x000000000800180c       0x10 /Applications/ARM/bin/../lib/gcc/arm-none-eabi/10.3.1/../../../../arm-none-eabi/lib/thumb/v7e-m/nofp/libc_nano.a(lib_a-malloc.o)
                0x000000000800180c                free
 .text.memcmp   0x000000000800181c       0x20 /Applications/ARM/bin/../lib/gcc/arm-none-eabi/10.3.1/../../../../arm-none-eabi/lib/thumb/v7e-m/nofp/libc_nano.a(lib_a-memcmp.o)
                0x000000000800181c                memcmp
 .text.memcpy   0x000000000800183c       0x1c /Applications/ARM/bin/../lib/gcc/arm-none-eabi/10.3.1/../../../../arm-none-eabi/lib/thumb/v7e-m/nofp/libc_nano.a(lib_a-memcpy-stub.o)
                0x000000000800183c                memcpy
 .text.memset   0x0000000008001858       0x10 /Applications/ARM/bin/../lib/gcc/arm-none-eabi/10.3.1/../../../../arm-none-eabi/lib/thumb/v7e-m/nofp/libc_nano.a(lib_a-memset.o)
                0x0000000008001858                memset
 .text._free_r  0x0000000008001868       0x94 /Applications/ARM/bin/../lib/gcc/arm-none-eabi/10.3.1/../../../../arm-none-eabi/lib/thumb/v7e-m/nofp/libc_nano.a(lib_a-nano-freer.o)
                0x0000000008001868                _free_r
 .text.sbrk_aligned
                0x00000000080018fc       0x40 /Applications/ARM/bin/../lib/gcc/arm-none-eabi/10.3.1/../../../../arm-none-eabi/lib/thumb/v7e-m/nofp/libc_nano.a(lib_a-nano-mallocr.o)
 .text._malloc_r
                0x000000000800193c       0xe8 /Applications/ARM/bin/../lib/gcc/arm-none-eabi/10.3.1/../../../../arm-none-eabi/lib/thumb/v7e-m/nofp/libc_nano.a(lib_a-nano-mallocr.o)
                0x000000000800193c                _malloc_r
 .text.__sfputc_r
                0x0000000008001a24       0x2a /Applications/ARM/bin/../lib/gcc/arm-none-eabi/10.3.1/../../../../arm-none-eabi/lib/thumb/v7e-m/nofp/libc_nano.a(lib_a-nano-vfprintf.o)
 .text.__sfputs_r
                0x0000000008001a4e       0x24 /Applications/ARM/bin/../lib/gcc/arm-none-eabi/10.3.1/../../../../arm-none-eabi/lib/thumb/v7e-m/nofp/libc_nano.a(lib_a-nano-vfprintf.o)
                0x0000000008001a4e                __sfputs_r
 *fill*         0x0000000008001a72        0x2 
 .text._vfprintf_r
                0x0000000008001a74      0x260 /Applications/ARM/bin/../lib/gcc/arm-none-eabi/10.3.1/../../../../arm-none-eabi/lib/thumb/v7e-m/nofp/libc_nano.a(lib_a-nano-vfprintf.o)
                0x0000000008001a74                _vfiprintf_r
                0x0000000008001a74                _vfprintf_r
 .text._printf_common
                0x0000000008001cd4       0xda /Applications/ARM/bin/../lib/gcc/arm-none-eabi/10.3.1/../../../../arm-none-eabi/lib/thumb/v7e-m/nofp/libc_nano.a(lib_a-nano-vfprintf_i.o)
                0x0000000008001cd4                _printf_common
 *fill*         0x0000000008001dae        0x2 
 .text._printf_i
                0x0000000008001db0      0x24c /Applications/ARM/bin/../lib/gcc/arm-none-eabi/10.3.1/../../../../arm-none-eabi/lib/thumb/v7e-m/nofp/libc_nano.a(lib_a-nano-vfprintf_i.o)
                0x0000000008001db0                _printf_i
 .text.printf   0x0000000008001ffc       0x30 /Applications/ARM/bin/../lib/gcc/arm-none-eabi/10.3.1/../../../../arm-none-eabi/lib/thumb/v7e-m/nofp/libc_nano.a(lib_a-printf.o)
                0x0000000008001ffc                printf
                0x0000000008001ffc                iprintf
 .text._sbrk_r  0x000000000800202c       0x20 /Applications/ARM/bin/../lib/gcc/arm-none-eabi/10.3.1/../../../../arm-none-eabi/lib/thumb/v7e-m/nofp/libc_nano.a(lib_a-sbrkr.o)
                0x000000000800202c                _sbrk_r
 .text._vsnprintf_r
                0x000000000800204c       0x56 /Applications/ARM/bin/../lib/gcc/arm-none-eabi/10.3.1/../../../../arm-none-eabi/lib/thumb/v7e-m/nofp/libc_nano.a(lib_a-vsnprintf.o)
                0x000000000800204c                _vsnprintf_r
                0x000000000800204c                _vsniprintf_r
 *fill*         0x00000000080020a2        0x2 
 .text.vsnprintf
                0x00000000080020a4       0x1c /Applications/ARM/bin/../lib/gcc/arm-none-eabi/10.3.1/../../../../arm-none-eabi/lib/thumb/v7e-m/nofp/libc_nano.a(lib_a-vsnprintf.o)
                0x00000000080020a4                vsnprintf
                0x00000000080020a4                vsniprintf
 .text.__swbuf_r
                0x00000000080020c0       0xa4 /Applications/ARM/bin/../lib/gcc/arm-none-eabi/10.3.1/../../../../arm-none-eabi/lib/thumb/v7e-m/nofp/libc_nano.a(lib_a-wbuf.o)
                0x00000000080020c0                __swbuf_r
 .text.__swsetup_r
                0x0000000008002164       0xdc /Applications/ARM/bin/../lib/gcc/arm-none-eabi/10.3.1/../../../../arm-none-eabi/lib/thumb/v7e-m/nofp/libc_nano.a(lib_a-wsetup.o)
                0x0000000008002164                __swsetup_r
 .text.abort    0x0000000008002240        0xe /Applications/ARM/bin/../lib/gcc/arm-none-eabi/10.3.1/../../../../arm-none-eabi/lib/thumb/v7e-m/nofp/libc_nano.a(lib_a-abort.o)
                0x0000000008002240                abort
 *fill*         0x000000000800224e        0x2 
 .text.__sflush_r
                0x0000000008002250      0x104 /Applications/ARM/bin/../lib/gcc/arm-none-eabi/10.3.1/../../../../arm-none-eabi/lib/thumb/v7e-m/nofp/libc_nano.a(lib_a-fflush.o)
                0x0000000008002250                __sflush_r
 .text._fflush_r
                0x0000000008002354       0x78 /Applications/ARM/bin/../lib/gcc/arm-none-eabi/10.3.1/../../../../arm-none-eabi/lib/thumb/v7e-m/nofp/libc_nano.a(lib_a-fflush.o)
                0x0000000008002354                _fflush_r
 .text.std      0x00000000080023cc       0x48 /Applications/ARM/bin/../lib/gcc/arm-none-eabi/10.3.1/../../../../arm-none-eabi/lib/thumb/v7e-m/nofp/libc_nano.a(lib_a-findfp.o)
 .text._cleanup_r
                0x0000000008002414        0xc /Applications/ARM/bin/../lib/gcc/arm-none-eabi/10.3.1/../../../../arm-none-eabi/lib/thumb/v7e-m/nofp/libc_nano.a(lib_a-findfp.o)
                0x0000000008002414                _cleanup_r
 .text.__sfmoreglue
                0x0000000008002420       0x2c /Applications/ARM/bin/../lib/gcc/arm-none-eabi/10.3.1/../../../../arm-none-eabi/lib/thumb/v7e-m/nofp/libc_nano.a(lib_a-findfp.o)
                0x0000000008002420                __sfmoreglue
 .text.__sfp_lock_acquire
                0x000000000800244c        0xc /Applications/ARM/bin/../lib/gcc/arm-none-eabi/10.3.1/../../../../arm-none-eabi/lib/thumb/v7e-m/nofp/libc_nano.a(lib_a-findfp.o)
                0x000000000800244c                __sfp_lock_acquire
 .text.__sfp_lock_release
                0x0000000008002458        0xc /Applications/ARM/bin/../lib/gcc/arm-none-eabi/10.3.1/../../../../arm-none-eabi/lib/thumb/v7e-m/nofp/libc_nano.a(lib_a-findfp.o)
                0x0000000008002458                __sfp_lock_release
 .text.__sinit_lock_acquire
                0x0000000008002464        0xc /Applications/ARM/bin/../lib/gcc/arm-none-eabi/10.3.1/../../../../arm-none-eabi/lib/thumb/v7e-m/nofp/libc_nano.a(lib_a-findfp.o)
                0x0000000008002464                __sinit_lock_acquire
 .text.__sinit_lock_release
                0x0000000008002470        0xc /Applications/ARM/bin/../lib/gcc/arm-none-eabi/10.3.1/../../../../arm-none-eabi/lib/thumb/v7e-m/nofp/libc_nano.a(lib_a-findfp.o)
                0x0000000008002470                __sinit_lock_release
 .text.__sinit  0x000000000800247c       0x70 /Applications/ARM/bin/../lib/gcc/arm-none-eabi/10.3.1/../../../../arm-none-eabi/lib/thumb/v7e-m/nofp/libc_nano.a(lib_a-findfp.o)
                0x000000000800247c                __sinit
 .text.__sfp    0x00000000080024ec       0x8c /Applications/ARM/bin/../lib/gcc/arm-none-eabi/10.3.1/../../../../arm-none-eabi/lib/thumb/v7e-m/nofp/libc_nano.a(lib_a-findfp.o)
                0x00000000080024ec                __sfp
 .text._fwalk_reent
                0x0000000008002578       0x3e /Applications/ARM/bin/../lib/gcc/arm-none-eabi/10.3.1/../../../../arm-none-eabi/lib/thumb/v7e-m/nofp/libc_nano.a(lib_a-fwalk.o)
                0x0000000008002578                _fwalk_reent
 .text.__retarget_lock_init_recursive
                0x00000000080025b6        0x2 /Applications/ARM/bin/../lib/gcc/arm-none-eabi/10.3.1/../../../../arm-none-eabi/lib/thumb/v7e-m/nofp/libc_nano.a(lib_a-lock.o)
                0x00000000080025b6                __retarget_lock_init_recursive
 .text.__retarget_lock_acquire_recursive
                0x00000000080025b8        0x2 /Applications/ARM/bin/../lib/gcc/arm-none-eabi/10.3.1/../../../../arm-none-eabi/lib/thumb/v7e-m/nofp/libc_nano.a(lib_a-lock.o)
                0x00000000080025b8                __retarget_lock_acquire_recursive
 .text.__retarget_lock_release_recursive
                0x00000000080025ba        0x2 /Applications/ARM/bin/../lib/gcc/arm-none-eabi/10.3.1/../../../../arm-none-eabi/lib/thumb/v7e-m/nofp/libc_nano.a(lib_a-lock.o)
                0x00000000080025ba                __retarget_lock_release_recursive
 .text.__swhatbuf_r
                0x00000000080025bc       0x4a /Applications/ARM/bin/../lib/gcc/arm-none-eabi/10.3.1/../../../../arm-none-eabi/lib/thumb/v7e-m/nofp/libc_nano.a(lib_a-makebuf.o)
                0x00000000080025bc                __swhatbuf_r
 *fill*         0x0000000008002606        0x2 
 .text.__smakebuf_r
                0x0000000008002608       0x80 /Applications/ARM/bin/../lib/gcc/arm-none-eabi/10.3.1/../../../../arm-none-eabi/lib/thumb/v7e-m/nofp/libc_nano.a(lib_a-makebuf.o)
                0x0000000008002608                __smakebuf_r
 .text.memmove  0x0000000008002688       0x34 /Applications/ARM/bin/../lib/gcc/arm-none-eabi/10.3.1/../../../../arm-none-eabi/lib/thumb/v7e-m/nofp/libc_nano.a(lib_a-memmove.o)
                0x0000000008002688                memmove
 .text.__malloc_lock
                0x00000000080026bc        0xc /Applications/ARM/bin/../lib/gcc/arm-none-eabi/10.3.1/../../../../arm-none-eabi/lib/thumb/v7e-m/nofp/libc_nano.a(lib_a-mlock.o)
                0x00000000080026bc                __malloc_lock
 .text.__malloc_unlock
                0x00000000080026c8        0xc /Applications/ARM/bin/../lib/gcc/arm-none-eabi/10.3.1/../../../../arm-none-eabi/lib/thumb/v7e-m/nofp/libc_nano.a(lib_a-mlock.o)
                0x00000000080026c8                __malloc_unlock
 .text._realloc_r
                0x00000000080026d4       0x5e /Applications/ARM/bin/../lib/gcc/arm-none-eabi/10.3.1/../../../../arm-none-eabi/lib/thumb/v7e-m/nofp/libc_nano.a(lib_a-nano-reallocr.o)
                0x00000000080026d4                _realloc_r
 .text.__ssputs_r
                0x0000000008002732       0xb6 /Applications/ARM/bin/../lib/gcc/arm-none-eabi/10.3.1/../../../../arm-none-eabi/lib/thumb/v7e-m/nofp/libc_nano.a(lib_a-nano-svfprintf.o)
                0x0000000008002732                __ssputs_r
 .text._svfprintf_r
                0x00000000080027e8      0x200 /Applications/ARM/bin/../lib/gcc/arm-none-eabi/10.3.1/../../../../arm-none-eabi/lib/thumb/v7e-m/nofp/libc_nano.a(lib_a-nano-svfprintf.o)
                0x00000000080027e8                _svfprintf_r
                0x00000000080027e8                _svfiprintf_r
 .text._raise_r
                0x00000000080029e8       0x50 /Applications/ARM/bin/../lib/gcc/arm-none-eabi/10.3.1/../../../../arm-none-eabi/lib/thumb/v7e-m/nofp/libc_nano.a(lib_a-signal.o)
                0x00000000080029e8                _raise_r
 .text.raise    0x0000000008002a38       0x10 /Applications/ARM/bin/../lib/gcc/arm-none-eabi/10.3.1/../../../../arm-none-eabi/lib/thumb/v7e-m/nofp/libc_nano.a(lib_a-signal.o)
                0x0000000008002a38                raise
 .text._kill_r  0x0000000008002a48       0x24 /Applications/ARM/bin/../lib/gcc/arm-none-eabi/10.3.1/../../../../arm-none-eabi/lib/thumb/v7e-m/nofp/libc_nano.a(lib_a-signalr.o)
                0x0000000008002a48                _kill_r
 .text._getpid_r
                0x0000000008002a6c        0x4 /Applications/ARM/bin/../lib/gcc/arm-none-eabi/10.3.1/../../../../arm-none-eabi/lib/thumb/v7e-m/nofp/libc_nano.a(lib_a-signalr.o)
                0x0000000008002a6c                _getpid_r
 .text.__sread  0x0000000008002a70       0x22 /Applications/ARM/bin/../lib/gcc/arm-none-eabi/10.3.1/../../../../arm-none-eabi/lib/thumb/v7e-m/nofp/libc_nano.a(lib_a-stdio.o)
                0x0000000008002a70                __sread
 .text.__swrite
                0x0000000008002a92       0x38 /Applications/ARM/bin/../lib/gcc/arm-none-eabi/10.3.1/../../../../arm-none-eabi/lib/thumb/v7e-m/nofp/libc_nano.a(lib_a-stdio.o)
                0x0000000008002a92                __swrite
 .text.__sseek  0x0000000008002aca       0x24 /Applications/ARM/bin/../lib/gcc/arm-none-eabi/10.3.1/../../../../arm-none-eabi/lib/thumb/v7e-m/nofp/libc_nano.a(lib_a-stdio.o)
                0x0000000008002aca                __sseek
 .text.__sclose
                0x0000000008002aee        0x8 /Applications/ARM/bin/../lib/gcc/arm-none-eabi/10.3.1/../../../../arm-none-eabi/lib/thumb/v7e-m/nofp/libc_nano.a(lib_a-stdio.o)
                0x0000000008002aee                __sclose
 *fill*         0x0000000008002af6        0x2 
 .text._write_r
                0x0000000008002af8       0x24 /Applications/ARM/bin/../lib/gcc/arm-none-eabi/10.3.1/../../../../arm-none-eabi/lib/thumb/v7e-m/nofp/libc_nano.a(lib_a-writer.o)
                0x0000000008002af8                _write_r
 .text._close_r
                0x0000000008002b1c       0x20 /Applications/ARM/bin/../lib/gcc/arm-none-eabi/10.3.1/../../../../arm-none-eabi/lib/thumb/v7e-m/nofp/libc_nano.a(lib_a-closer.o)
                0x0000000008002b1c                _close_r
 .text._fstat_r
                0x0000000008002b3c       0x24 /Applications/ARM/bin/../lib/gcc/arm-none-eabi/10.3.1/../../../../arm-none-eabi/lib/thumb/v7e-m/nofp/libc_nano.a(lib_a-fstatr.o)
                0x0000000008002b3c                _fstat_r
 .text._isatty_r
                0x0000000008002b60       0x20 /Applications/ARM/bin/../lib/gcc/arm-none-eabi/10.3.1/../../../../arm-none-eabi/lib/thumb/v7e-m/nofp/libc_nano.a(lib_a-isattyr.o)
                0x0000000008002b60                _isatty_r
 .text._lseek_r
                0x0000000008002b80       0x24 /Applications/ARM/bin/../lib/gcc/arm-none-eabi/10.3.1/../../../../arm-none-eabi/lib/thumb/v7e-m/nofp/libc_nano.a(lib_a-lseekr.o)
                0x0000000008002b80                _lseek_r
 .text._malloc_usable_size_r
                0x0000000008002ba4       0x10 /Applications/ARM/bin/../lib/gcc/arm-none-eabi/10.3.1/../../../../arm-none-eabi/lib/thumb/v7e-m/nofp/libc_nano.a(lib_a-nano-msizer.o)
                0x0000000008002ba4                _malloc_usable_size_r
 .text._read_r  0x0000000008002bb4       0x24 /Applications/ARM/bin/../lib/gcc/arm-none-eabi/10.3.1/../../../../arm-none-eabi/lib/thumb/v7e-m/nofp/libc_nano.a(lib_a-readr.o)
                0x0000000008002bb4                _read_r
 .text._close   0x0000000008002bd8       0x10 /Applications/ARM/bin/../lib/gcc/arm-none-eabi/10.3.1/../../../../arm-none-eabi/lib/thumb/v7e-m/nofp/libnosys.a(close.o)
                0x0000000008002bd8                _close
 .text._fstat   0x0000000008002be8       0x10 /Applications/ARM/bin/../lib/gcc/arm-none-eabi/10.3.1/../../../../arm-none-eabi/lib/thumb/v7e-m/nofp/libnosys.a(fstat.o)
                0x0000000008002be8                _fstat
 .text._getpid  0x0000000008002bf8       0x10 /Applications/ARM/bin/../lib/gcc/arm-none-eabi/10.3.1/../../../../arm-none-eabi/lib/thumb/v7e-m/nofp/libnosys.a(getpid.o)
                0x0000000008002bf8                _getpid
 .text._isatty  0x0000000008002c08       0x10 /Applications/ARM/bin/../lib/gcc/arm-none-eabi/10.3.1/../../../../arm-none-eabi/lib/thumb/v7e-m/nofp/libnosys.a(isatty.o)
                0x0000000008002c08                _isatty
 .text._kill    0x0000000008002c18       0x10 /Applications/ARM/bin/../lib/gcc/arm-none-eabi/10.3.1/../../../../arm-none-eabi/lib/thumb/v7e-m/nofp/libnosys.a(kill.o)
                0x0000000008002c18                _kill
 .text._lseek   0x0000000008002c28       0x10 /Applications/ARM/bin/../lib/gcc/arm-none-eabi/10.3.1/../../../../arm-none-eabi/lib/thumb/v7e-m/nofp/libnosys.a(lseek.o)
                0x0000000008002c28                _lseek
 .text._read    0x0000000008002c38       0x10 /Applications/ARM/bin/../lib/gcc/arm-none-eabi/10.3.1/../../../../arm-none-eabi/lib/thumb/v7e-m/nofp/libnosys.a(read.o)
                0x0000000008002c38                _read
 .text._sbrk    0x0000000008002c48       0x1c /Applications/ARM/bin/../lib/gcc/arm-none-eabi/10.3.1/../../../../arm-none-eabi/lib/thumb/v7e-m/nofp/libnosys.a(sbrk.o)
                0x0000000008002c48                _sbrk
 .text._write   0x0000000008002c64       0x10 /Applications/ARM/bin/../lib/gcc/arm-none-eabi/10.3.1/../../../../arm-none-eabi/lib/thumb/v7e-m/nofp/libnosys.a(write.o)
                0x0000000008002c64                _write
 .text._exit    0x0000000008002c74        0x4 /Applications/ARM/bin/../lib/gcc/arm-none-eabi/10.3.1/../../../../arm-none-eabi/lib/thumb/v7e-m/nofp/libnosys.a(_exit.o)
                0x0000000008002c74                _exit
 *(.glue_7)
 .glue_7        0x0000000008002c78        0x0 linker stubs
 *(.glue_7t)
 .glue_7t       0x0000000008002c78        0x0 linker stubs
 *(.eh_frame)
 .eh_frame      0x0000000008002c78        0x0 /Applications/ARM/bin/../lib/gcc/arm-none-eabi/10.3.1/thumb/v7e-m/nofp/crtbegin.o
 *(.init)
 .init          0x0000000008002c78        0x4 /Applications/ARM/bin/../lib/gcc/arm-none-eabi/10.3.1/thumb/v7e-m/nofp/crti.o
                0x0000000008002c78                _init
 .init          0x0000000008002c7c        0x8 /Applications/ARM/bin/../lib/gcc/arm-none-eabi/10.3.1/thumb/v7e-m/nofp/crtn.o
 *(.fini)
 .fini          0x0000000008002c84        0x4 /Applications/ARM/bin/../lib/gcc/arm-none-eabi/10.3.1/thumb/v7e-m/nofp/crti.o
                0x0000000008002c84                _fini
 .fini          0x0000000008002c88        0x8 /Applications/ARM/bin/../lib/gcc/arm-none-eabi/10.3.1/thumb/v7e-m/nofp/crtn.o
                0x0000000008002c90                . = ALIGN (0x8)
                0x0000000008002c90                _etext = .

.vfp11_veneer   0x0000000008002c90        0x0
 .vfp11_veneer  0x0000000008002c90        0x0 linker stubs

.v4_bx          0x0000000008002c90        0x0
 .v4_bx         0x0000000008002c90        0x0 linker stubs

.iplt           0x0000000008002c90        0x0
 .iplt          0x0000000008002c90        0x0 /Applications/ARM/bin/../lib/gcc/arm-none-eabi/10.3.1/thumb/v7e-m/nofp/crtbegin.o

.rodata         0x0000000008002c90      0x868
                0x0000000008002c90                . = ALIGN (0x8)
 *(.rodata)
 .rodata        0x0000000008002c90        0x8 build/lfs.o
 *(.rodata*)
 .rodata.make_adress_byte_array.str1.1
                0x0000000008002c98       0x43 build/sfud.o
 .rodata.sfud_read_status.str1.1
                0x0000000008002cdb        0x7 build/sfud.o
 .rodata.wait_busy.str1.1
                0x0000000008002ce2       0x25 build/sfud.o
 .rodata.sfud_read.str1.1
                0x0000000008002d07       0x3a build/sfud.o
 .rodata.set_write_enabled.str1.1
                0x0000000008002d41       0x45 build/sfud.o
 .rodata.sfud_chip_erase.str1.1
                0x0000000008002d86       0x2f build/sfud.o
 .rodata.sfud_erase.str1.1
                0x0000000008002db5       0x2a build/sfud.o
 .rodata.page256_or_1_byte_write.str1.1
                0x0000000008002ddf       0x4f build/sfud.o
 .rodata.__FUNCTION__.1
                0x0000000008002e2e       0x11 build/sfud.o
 .rodata.__FUNCTION__.11
                0x0000000008002e3f       0x12 build/sfud.o
 .rodata.__FUNCTION__.2
                0x0000000008002e51        0xa build/sfud.o
 .rodata.__FUNCTION__.4
                0x0000000008002e5b       0x18 build/sfud.o
 .rodata.__FUNCTION__.5
                0x0000000008002e73        0xb build/sfud.o
 .rodata.__FUNCTION__.6
                0x0000000008002e7e       0x10 build/sfud.o
 .rodata.__FUNCTION__.7
                0x0000000008002e8e       0x17 build/sfud.o
 .rodata.__FUNCTION__.8
                0x0000000008002ea5        0xa build/sfud.o
 .rodata.read_sfdp_data.str1.1
                0x0000000008002eaf       0x42 build/sfud_sfdp.o
                                         0x66 (size before relaxing)
 .rodata.sfud_sfdp_get_suitable_eraser.str1.1
                0x0000000008002ef1       0x16 build/sfud_sfdp.o
 .rodata.__FUNCTION__.0
                0x0000000008002f07       0x1e build/sfud_sfdp.o
 .rodata.sfud_log_debug.str1.1
                0x0000000008002f25       0x15 build/sfud_port.o
 .rodata.sfud_log_info.str1.1
                0x0000000008002f3a        0x7 build/sfud_port.o
 .rodata.lfs_fs_preporphans.str1.1
                0x0000000008002f41       0x4b build/lfs.o
 .rodata.lfs_bd_read.str1.1
                0x0000000008002f8c       0x27 build/lfs.o
 .rodata.lfs_dir_fetchmatch.str1.1
                0x0000000008002fb3       0x35 build/lfs.o
                                         0x36 (size before relaxing)
 .rodata.lfs_init.str1.1
                0x0000000008002fe8      0x23b build/lfs.o
 .rodata.lfs_format.str1.1
                0x0000000008003223        0x9 build/lfs.o
 .rodata.lfs_mount.str1.1
                0x000000000800322c      0x154 build/lfs.o
 .rodata.__func__.24
                0x0000000008003380        0xc build/lfs.o
 .rodata.__func__.25
                0x000000000800338c        0x9 build/lfs.o
 *fill*         0x0000000008003395        0x3 
 .rodata.rtable.0
                0x0000000008003398       0x40 build/lfs_util.o
 .rodata.lfs_cfg
                0x00000000080033d8       0x4c build/lfs_port.o
                0x00000000080033d8                lfs_cfg
 .rodata.__assert_func.str1.1
                0x0000000008003424       0x3c /Applications/ARM/bin/../lib/gcc/arm-none-eabi/10.3.1/../../../../arm-none-eabi/lib/thumb/v7e-m/nofp/libc_nano.a(lib_a-assert.o)
                                         0x3d (size before relaxing)
 .rodata._global_impure_ptr
                0x0000000008003460        0x4 /Applications/ARM/bin/../lib/gcc/arm-none-eabi/10.3.1/../../../../arm-none-eabi/lib/thumb/v7e-m/nofp/libc_nano.a(lib_a-impure.o)
                0x0000000008003460                _global_impure_ptr
 .rodata._vfprintf_r.str1.1
                0x0000000008003464       0x11 /Applications/ARM/bin/../lib/gcc/arm-none-eabi/10.3.1/../../../../arm-none-eabi/lib/thumb/v7e-m/nofp/libc_nano.a(lib_a-nano-vfprintf.o)
 .rodata._printf_i.str1.1
                0x0000000008003475       0x22 /Applications/ARM/bin/../lib/gcc/arm-none-eabi/10.3.1/../../../../arm-none-eabi/lib/thumb/v7e-m/nofp/libc_nano.a(lib_a-nano-vfprintf_i.o)
 *fill*         0x0000000008003497        0x1 
 .rodata.__sf_fake_stderr
                0x0000000008003498       0x20 /Applications/ARM/bin/../lib/gcc/arm-none-eabi/10.3.1/../../../../arm-none-eabi/lib/thumb/v7e-m/nofp/libc_nano.a(lib_a-findfp.o)
                0x0000000008003498                __sf_fake_stderr
 .rodata.__sf_fake_stdin
                0x00000000080034b8       0x20 /Applications/ARM/bin/../lib/gcc/arm-none-eabi/10.3.1/../../../../arm-none-eabi/lib/thumb/v7e-m/nofp/libc_nano.a(lib_a-findfp.o)
                0x00000000080034b8                __sf_fake_stdin
 .rodata.__sf_fake_stdout
                0x00000000080034d8       0x20 /Applications/ARM/bin/../lib/gcc/arm-none-eabi/10.3.1/../../../../arm-none-eabi/lib/thumb/v7e-m/nofp/libc_nano.a(lib_a-findfp.o)
                0x00000000080034d8                __sf_fake_stdout
 .rodata._svfprintf_r.str1.1
                0x00000000080034f8       0x11 /Applications/ARM/bin/../lib/gcc/arm-none-eabi/10.3.1/../../../../arm-none-eabi/lib/thumb/v7e-m/nofp/libc_nano.a(lib_a-nano-svfprintf.o)
                0x0000000008003510                . = ALIGN (0x8)

.rel.dyn        0x00000000080034f8        0x0
 .rel.iplt      0x00000000080034f8        0x0 /Applications/ARM/bin/../lib/gcc/arm-none-eabi/10.3.1/thumb/v7e-m/nofp/crtbegin.o

.ARM.extab      0x00000000080034f8        0x0
                0x00000000080034f8                . = ALIGN (0x8)
 *(.ARM.extab* .gnu.linkonce.armextab.*)
                0x00000000080034f8                . = ALIGN (0x8)

.ARM            0x00000000080034f8        0x0
                0x00000000080034f8                . = ALIGN (0x8)
                0x00000000080034f8                __exidx_start = .
 *(.ARM.exidx*)
                0x00000000080034f8                __exidx_end = .
                0x00000000080034f8                . = ALIGN (0x8)

.preinit_array  0x00000000080034f8        0x0
                0x00000000080034f8                . = ALIGN (0x8)
                0x00000000080034f8                PROVIDE (__preinit_array_start = .)
 *(.preinit_array*)
                0x00000000080034f8                PROVIDE (__preinit_array_end = .)
                0x00000000080034f8                . = ALIGN (0x8)

.init_array     0x00000000080034f8        0x8
                0x00000000080034f8                . = ALIGN (0x8)
                0x00000000080034f8                PROVIDE (__init_array_start = .)
 *(SORT_BY_NAME(.init_array.*))
 *(.init_array*)
 .init_array    0x00000000080034f8        0x4 /Applications/ARM/bin/../lib/gcc/arm-none-eabi/10.3.1/thumb/v7e-m/nofp/crtbegin.o
                0x00000000080034fc                PROVIDE (__init_array_end = .)
                0x0000000008003500                . = ALIGN (0x8)
 *fill*         0x00000000080034fc        0x4 

.fini_array     0x0000000008003500        0x8
                0x0000000008003500                . = ALIGN (0x8)
                [!provide]                        PROVIDE (__fini_array_start = .)
 *(SORT_BY_NAME(.fini_array.*))
 *(.fini_array*)
 .fini_array    0x0000000008003500        0x4 /Applications/ARM/bin/../lib/gcc/arm-none-eabi/10.3.1/thumb/v7e-m/nofp/crtbegin.o
                [!provide]                        PROVIDE (__fini_array_end = .)
                0x0000000008003508                . = ALIGN (0x8)
 *fill*         0x0000000008003504        0x4 
                0x0000000008003508                _sidata = LOADADDR (.data)

.data           0x0000000020000000       0x68 load address 0x0000000008003508
                0x0000000020000000                . = ALIGN (0x8)
                0x0000000020000000                _sdata = .
 *(.data)
 *(.data*)
 .data.uwTickFreq
                0x0000000020000000        0x1 build/stm32wlxx_hal.o
                0x0000000020000000                uwTickFreq
 *fill*         0x0000000020000001        0x3 
 .data._impure_ptr
                0x0000000020000004        0x4 /Applications/ARM/bin/../lib/gcc/arm-none-eabi/10.3.1/../../../../arm-none-eabi/lib/thumb/v7e-m/nofp/libc_nano.a(lib_a-impure.o)
                0x0000000020000004                _impure_ptr
 .data.impure_data
                0x0000000020000008       0x60 /Applications/ARM/bin/../lib/gcc/arm-none-eabi/10.3.1/../../../../arm-none-eabi/lib/thumb/v7e-m/nofp/libc_nano.a(lib_a-impure.o)
                0x0000000020000068                . = ALIGN (0x8)
                0x0000000020000068                _edata = .

.igot.plt       0x0000000020000068        0x0 load address 0x0000000008003570
 .igot.plt      0x0000000020000068        0x0 /Applications/ARM/bin/../lib/gcc/arm-none-eabi/10.3.1/thumb/v7e-m/nofp/crtbegin.o
                0x0000000020000068                . = ALIGN (0x8)

.bss            0x0000000020000068      0x2b8 load address 0x0000000008003570
                0x0000000020000068                _sbss = .
                0x0000000020000068                __bss_start__ = _sbss
 *(.bss)
 .bss           0x0000000020000068       0x1c /Applications/ARM/bin/../lib/gcc/arm-none-eabi/10.3.1/thumb/v7e-m/nofp/crtbegin.o
 *(.bss*)
 .bss.cmd_data.3
                0x0000000020000084      0x105 build/sfud.o
 .bss.log_buf   0x0000000020000189      0x100 build/sfud_port.o
 *fill*         0x0000000020000289        0x3 
 .bss.lfs       0x000000002000028c       0x78 build/lfs_port.o
                0x000000002000028c                lfs
 .bss.uwTick    0x0000000020000304        0x4 build/stm32wlxx_hal.o
                0x0000000020000304                uwTick
 .bss.__malloc_free_list
                0x0000000020000308        0x4 /Applications/ARM/bin/../lib/gcc/arm-none-eabi/10.3.1/../../../../arm-none-eabi/lib/thumb/v7e-m/nofp/libc_nano.a(lib_a-nano-mallocr.o)
                0x0000000020000308                __malloc_free_list
 .bss.__malloc_sbrk_start
                0x000000002000030c        0x4 /Applications/ARM/bin/../lib/gcc/arm-none-eabi/10.3.1/../../../../arm-none-eabi/lib/thumb/v7e-m/nofp/libc_nano.a(lib_a-nano-mallocr.o)
                0x000000002000030c                __malloc_sbrk_start
 .bss.__lock___malloc_recursive_mutex
                0x0000000020000310        0x1 /Applications/ARM/bin/../lib/gcc/arm-none-eabi/10.3.1/../../../../arm-none-eabi/lib/thumb/v7e-m/nofp/libc_nano.a(lib_a-lock.o)
                0x0000000020000310                __lock___malloc_recursive_mutex
 .bss.__lock___sfp_recursive_mutex
                0x0000000020000311        0x1 /Applications/ARM/bin/../lib/gcc/arm-none-eabi/10.3.1/../../../../arm-none-eabi/lib/thumb/v7e-m/nofp/libc_nano.a(lib_a-lock.o)
                0x0000000020000311                __lock___sfp_recursive_mutex
 .bss.__lock___sinit_recursive_mutex
                0x0000000020000312        0x1 /Applications/ARM/bin/../lib/gcc/arm-none-eabi/10.3.1/../../../../arm-none-eabi/lib/thumb/v7e-m/nofp/libc_nano.a(lib_a-lock.o)
                0x0000000020000312                __lock___sinit_recursive_mutex
 *fill*         0x0000000020000313        0x1 
 .bss.errno     0x0000000020000314        0x4 /Applications/ARM/bin/../lib/gcc/arm-none-eabi/10.3.1/../../../../arm-none-eabi/lib/thumb/v7e-m/nofp/libc_nano.a(lib_a-reent.o)
                0x0000000020000314                errno
 .bss.heap_end.0
                0x0000000020000318        0x4 /Applications/ARM/bin/../lib/gcc/arm-none-eabi/10.3.1/../../../../arm-none-eabi/lib/thumb/v7e-m/nofp/libnosys.a(sbrk.o)
 *(COMMON)
                0x0000000020000320                . = ALIGN (0x8)
 *fill*         0x000000002000031c        0x4 
                0x0000000020000320                _ebss = .
                0x0000000020000320                __bss_end__ = _ebss
                0x0000000020000320                . = ALIGN (0x8)

RAM1_region     0x0000000020000320        0x0 load address 0x0000000008003570
                0x0000000020000320                _sRAM1_region = .
 *(.RAM1_region)
                0x0000000020000320                . = ALIGN (0x8)
                0x0000000020000320                _eRAM1_region = .
                0x0000000020000320                . = ALIGN (0x8)

RAM2_region     0x0000000020008000        0x0
                0x0000000020008000                _sRAM2_region = .
 *(.RAM2_region)
                0x0000000020008000                . = ALIGN (0x8)
                0x0000000020008000                _eRAM2_region = .

._user_heap_stack
                0x0000000020000320      0x600
                0x0000000020000320                . = ALIGN (0x8)
                0x0000000020000320                PROVIDE (end = .)
                [!provide]                        PROVIDE (_end = .)
                0x0000000020000520                . = (. + _Min_Heap_Size)
 *fill*         0x0000000020000320      0x200 
                0x0000000020000920                . = (. + _Min_Stack_Size)
 *fill*         0x0000000020000520      0x400 
                0x0000000020000920                . = ALIGN (0x8)

/DISCARD/
 libc.a(*)
 libm.a(*)
 libgcc.a(*)

.ARM.attributes
                0x0000000000000000       0x2a
 *(.ARM.attributes)
 .ARM.attributes
                0x0000000000000000       0x1e /Applications/ARM/bin/../lib/gcc/arm-none-eabi/10.3.1/thumb/v7e-m/nofp/crti.o
 .ARM.attributes
                0x000000000000001e       0x2e /Applications/ARM/bin/../lib/gcc/arm-none-eabi/10.3.1/thumb/v7e-m/nofp/crtbegin.o
 .ARM.attributes
                0x000000000000004c       0x2e build/sfud.o
 .ARM.attributes
                0x000000000000007a       0x2e build/sfud_sfdp.o
 .ARM.attributes
                0x00000000000000a8       0x2e build/sfud_port.o
 .ARM.attributes
                0x00000000000000d6       0x2e build/lfs.o
 .ARM.attributes
                0x0000000000000104       0x2e build/lfs_util.o
 .ARM.attributes
                0x0000000000000132       0x2e build/lfs_port.o
 .ARM.attributes
                0x0000000000000160       0x2e build/system_stm32wlxx.o
 .ARM.attributes
                0x000000000000018e       0x2e build/stm32wlxx_hal.o
 .ARM.attributes
                0x00000000000001bc       0x2e build/stm32wlxx_it.o
 .ARM.attributes
                0x00000000000001ea       0x2e build/main.o
 .ARM.attributes
                0x0000000000000218       0x21 build/startup_stm32wle5xx.o
 .ARM.attributes
                0x0000000000000239       0x2e /Applications/ARM/bin/../lib/gcc/arm-none-eabi/10.3.1/../../../../arm-none-eabi/lib/thumb/v7e-m/nofp/libc_nano.a(lib_a-assert.o)
 .ARM.attributes
                0x0000000000000267       0x2e /Applications/ARM/bin/../lib/gcc/arm-none-eabi/10.3.1/../../../../arm-none-eabi/lib/thumb/v7e-m/nofp/libc_nano.a(lib_a-fprintf.o)
 .ARM.attributes
                0x0000000000000295       0x2e /Applications/ARM/bin/../lib/gcc/arm-none-eabi/10.3.1/../../../../arm-none-eabi/lib/thumb/v7e-m/nofp/libc_nano.a(lib_a-impure.o)
 .ARM.attributes
                0x00000000000002c3       0x2e /Applications/ARM/bin/../lib/gcc/arm-none-eabi/10.3.1/../../../../arm-none-eabi/lib/thumb/v7e-m/nofp/libc_nano.a(lib_a-init.o)
 .ARM.attributes
                0x00000000000002f1       0x2e /Applications/ARM/bin/../lib/gcc/arm-none-eabi/10.3.1/../../../../arm-none-eabi/lib/thumb/v7e-m/nofp/libc_nano.a(lib_a-malloc.o)
 .ARM.attributes
                0x000000000000031f       0x2e /Applications/ARM/bin/../lib/gcc/arm-none-eabi/10.3.1/../../../../arm-none-eabi/lib/thumb/v7e-m/nofp/libc_nano.a(lib_a-memcmp.o)
 .ARM.attributes
                0x000000000000034d       0x2e /Applications/ARM/bin/../lib/gcc/arm-none-eabi/10.3.1/../../../../arm-none-eabi/lib/thumb/v7e-m/nofp/libc_nano.a(lib_a-memcpy-stub.o)
 .ARM.attributes
                0x000000000000037b       0x2e /Applications/ARM/bin/../lib/gcc/arm-none-eabi/10.3.1/../../../../arm-none-eabi/lib/thumb/v7e-m/nofp/libc_nano.a(lib_a-memset.o)
 .ARM.attributes
                0x00000000000003a9       0x2e /Applications/ARM/bin/../lib/gcc/arm-none-eabi/10.3.1/../../../../arm-none-eabi/lib/thumb/v7e-m/nofp/libc_nano.a(lib_a-nano-freer.o)
 .ARM.attributes
                0x00000000000003d7       0x2e /Applications/ARM/bin/../lib/gcc/arm-none-eabi/10.3.1/../../../../arm-none-eabi/lib/thumb/v7e-m/nofp/libc_nano.a(lib_a-nano-mallocr.o)
 .ARM.attributes
                0x0000000000000405       0x2e /Applications/ARM/bin/../lib/gcc/arm-none-eabi/10.3.1/../../../../arm-none-eabi/lib/thumb/v7e-m/nofp/libc_nano.a(lib_a-nano-vfprintf.o)
 .ARM.attributes
                0x0000000000000433       0x2e /Applications/ARM/bin/../lib/gcc/arm-none-eabi/10.3.1/../../../../arm-none-eabi/lib/thumb/v7e-m/nofp/libc_nano.a(lib_a-nano-vfprintf_i.o)
 .ARM.attributes
                0x0000000000000461       0x2e /Applications/ARM/bin/../lib/gcc/arm-none-eabi/10.3.1/../../../../arm-none-eabi/lib/thumb/v7e-m/nofp/libc_nano.a(lib_a-printf.o)
 .ARM.attributes
                0x000000000000048f       0x2e /Applications/ARM/bin/../lib/gcc/arm-none-eabi/10.3.1/../../../../arm-none-eabi/lib/thumb/v7e-m/nofp/libc_nano.a(lib_a-sbrkr.o)
 .ARM.attributes
                0x00000000000004bd       0x2e /Applications/ARM/bin/../lib/gcc/arm-none-eabi/10.3.1/../../../../arm-none-eabi/lib/thumb/v7e-m/nofp/libc_nano.a(lib_a-vsnprintf.o)
 .ARM.attributes
                0x00000000000004eb       0x2e /Applications/ARM/bin/../lib/gcc/arm-none-eabi/10.3.1/../../../../arm-none-eabi/lib/thumb/v7e-m/nofp/libc_nano.a(lib_a-wbuf.o)
 .ARM.attributes
                0x0000000000000519       0x2e /Applications/ARM/bin/../lib/gcc/arm-none-eabi/10.3.1/../../../../arm-none-eabi/lib/thumb/v7e-m/nofp/libc_nano.a(lib_a-wsetup.o)
 .ARM.attributes
                0x0000000000000547       0x2e /Applications/ARM/bin/../lib/gcc/arm-none-eabi/10.3.1/../../../../arm-none-eabi/lib/thumb/v7e-m/nofp/libc_nano.a(lib_a-abort.o)
 .ARM.attributes
                0x0000000000000575       0x2e /Applications/ARM/bin/../lib/gcc/arm-none-eabi/10.3.1/../../../../arm-none-eabi/lib/thumb/v7e-m/nofp/libc_nano.a(lib_a-fflush.o)
 .ARM.attributes
                0x00000000000005a3       0x2e /Applications/ARM/bin/../lib/gcc/arm-none-eabi/10.3.1/../../../../arm-none-eabi/lib/thumb/v7e-m/nofp/libc_nano.a(lib_a-findfp.o)
 .ARM.attributes
                0x00000000000005d1       0x2e /Applications/ARM/bin/../lib/gcc/arm-none-eabi/10.3.1/../../../../arm-none-eabi/lib/thumb/v7e-m/nofp/libc_nano.a(lib_a-fwalk.o)
 .ARM.attributes
                0x00000000000005ff       0x2e /Applications/ARM/bin/../lib/gcc/arm-none-eabi/10.3.1/../../../../arm-none-eabi/lib/thumb/v7e-m/nofp/libc_nano.a(lib_a-lock.o)
 .ARM.attributes
                0x000000000000062d       0x2e /Applications/ARM/bin/../lib/gcc/arm-none-eabi/10.3.1/../../../../arm-none-eabi/lib/thumb/v7e-m/nofp/libc_nano.a(lib_a-makebuf.o)
 .ARM.attributes
                0x000000000000065b       0x1c /Applications/ARM/bin/../lib/gcc/arm-none-eabi/10.3.1/../../../../arm-none-eabi/lib/thumb/v7e-m/nofp/libc_nano.a(lib_a-memchr.o)
 .ARM.attributes
                0x0000000000000677       0x2e /Applications/ARM/bin/../lib/gcc/arm-none-eabi/10.3.1/../../../../arm-none-eabi/lib/thumb/v7e-m/nofp/libc_nano.a(lib_a-memmove.o)
 .ARM.attributes
                0x00000000000006a5       0x2e /Applications/ARM/bin/../lib/gcc/arm-none-eabi/10.3.1/../../../../arm-none-eabi/lib/thumb/v7e-m/nofp/libc_nano.a(lib_a-mlock.o)
 .ARM.attributes
                0x00000000000006d3       0x2e /Applications/ARM/bin/../lib/gcc/arm-none-eabi/10.3.1/../../../../arm-none-eabi/lib/thumb/v7e-m/nofp/libc_nano.a(lib_a-nano-reallocr.o)
 .ARM.attributes
                0x0000000000000701       0x2e /Applications/ARM/bin/../lib/gcc/arm-none-eabi/10.3.1/../../../../arm-none-eabi/lib/thumb/v7e-m/nofp/libc_nano.a(lib_a-nano-svfprintf.o)
 .ARM.attributes
                0x000000000000072f       0x2e /Applications/ARM/bin/../lib/gcc/arm-none-eabi/10.3.1/../../../../arm-none-eabi/lib/thumb/v7e-m/nofp/libc_nano.a(lib_a-reent.o)
 .ARM.attributes
                0x000000000000075d       0x2e /Applications/ARM/bin/../lib/gcc/arm-none-eabi/10.3.1/../../../../arm-none-eabi/lib/thumb/v7e-m/nofp/libc_nano.a(lib_a-signal.o)
 .ARM.attributes
                0x000000000000078b       0x2e /Applications/ARM/bin/../lib/gcc/arm-none-eabi/10.3.1/../../../../arm-none-eabi/lib/thumb/v7e-m/nofp/libc_nano.a(lib_a-signalr.o)
 .ARM.attributes
                0x00000000000007b9       0x2e /Applications/ARM/bin/../lib/gcc/arm-none-eabi/10.3.1/../../../../arm-none-eabi/lib/thumb/v7e-m/nofp/libc_nano.a(lib_a-stdio.o)
 .ARM.attributes
                0x00000000000007e7       0x2e /Applications/ARM/bin/../lib/gcc/arm-none-eabi/10.3.1/../../../../arm-none-eabi/lib/thumb/v7e-m/nofp/libc_nano.a(lib_a-writer.o)
 .ARM.attributes
                0x0000000000000815       0x2e /Applications/ARM/bin/../lib/gcc/arm-none-eabi/10.3.1/../../../../arm-none-eabi/lib/thumb/v7e-m/nofp/libc_nano.a(lib_a-closer.o)
 .ARM.attributes
                0x0000000000000843       0x2e /Applications/ARM/bin/../lib/gcc/arm-none-eabi/10.3.1/../../../../arm-none-eabi/lib/thumb/v7e-m/nofp/libc_nano.a(lib_a-fstatr.o)
 .ARM.attributes
                0x0000000000000871       0x2e /Applications/ARM/bin/../lib/gcc/arm-none-eabi/10.3.1/../../../../arm-none-eabi/lib/thumb/v7e-m/nofp/libc_nano.a(lib_a-isattyr.o)
 .ARM.attributes
                0x000000000000089f       0x2e /Applications/ARM/bin/../lib/gcc/arm-none-eabi/10.3.1/../../../../arm-none-eabi/lib/thumb/v7e-m/nofp/libc_nano.a(lib_a-lseekr.o)
 .ARM.attributes
                0x00000000000008cd       0x2e /Applications/ARM/bin/../lib/gcc/arm-none-eabi/10.3.1/../../../../arm-none-eabi/lib/thumb/v7e-m/nofp/libc_nano.a(lib_a-nano-msizer.o)
 .ARM.attributes
                0x00000000000008fb       0x2e /Applications/ARM/bin/../lib/gcc/arm-none-eabi/10.3.1/../../../../arm-none-eabi/lib/thumb/v7e-m/nofp/libc_nano.a(lib_a-readr.o)
 .ARM.attributes
                0x0000000000000929       0x2e /Applications/ARM/bin/../lib/gcc/arm-none-eabi/10.3.1/../../../../arm-none-eabi/lib/thumb/v7e-m/nofp/libnosys.a(close.o)
 .ARM.attributes
                0x0000000000000957       0x2e /Applications/ARM/bin/../lib/gcc/arm-none-eabi/10.3.1/../../../../arm-none-eabi/lib/thumb/v7e-m/nofp/libnosys.a(fstat.o)
 .ARM.attributes
                0x0000000000000985       0x2e /Applications/ARM/bin/../lib/gcc/arm-none-eabi/10.3.1/../../../../arm-none-eabi/lib/thumb/v7e-m/nofp/libnosys.a(getpid.o)
 .ARM.attributes
                0x00000000000009b3       0x2e /Applications/ARM/bin/../lib/gcc/arm-none-eabi/10.3.1/../../../../arm-none-eabi/lib/thumb/v7e-m/nofp/libnosys.a(isatty.o)
 .ARM.attributes
                0x00000000000009e1       0x2e /Applications/ARM/bin/../lib/gcc/arm-none-eabi/10.3.1/../../../../arm-none-eabi/lib/thumb/v7e-m/nofp/libnosys.a(kill.o)
 .ARM.attributes
                0x0000000000000a0f       0x2e /Applications/ARM/bin/../lib/gcc/arm-none-eabi/10.3.1/../../../../arm-none-eabi/lib/thumb/v7e-m/nofp/libnosys.a(lseek.o)
 .ARM.attributes
                0x0000000000000a3d       0x2e /Applications/ARM/bin/../lib/gcc/arm-none-eabi/10.3.1/../../../../arm-none-eabi/lib/thumb/v7e-m/nofp/libnosys.a(read.o)
 .ARM.attributes
                0x0000000000000a6b       0x2e /Applications/ARM/bin/../lib/gcc/arm-none-eabi/10.3.1/../../../../arm-none-eabi/lib/thumb/v7e-m/nofp/libnosys.a(sbrk.o)
 .ARM.attributes
                0x0000000000000a99       0x2e /Applications/ARM/bin/../lib/gcc/arm-none-eabi/10.3.1/../../../../arm-none-eabi/lib/thumb/v7e-m/nofp/libnosys.a(write.o)
 .ARM.attributes
                0x0000000000000ac7       0x2e /Applications/ARM/bin/../lib/gcc/arm-none-eabi/10.3.1/../../../../arm-none-eabi/lib/thumb/v7e-m/nofp/libnosys.a(_exit.o)
 .ARM.attributes
                0x0000000000000af5       0x1e /Applications/ARM/bin/../lib/gcc/arm-none-eabi/10.3.1/thumb/v7e-m/nofp/crtn.o
OUTPUT(build/bootloader.elf elf32-littlearm)
LOAD linker stubs
LOAD /Applications/ARM/bin/../lib/gcc/arm-none-eabi/10.3.1/../../../../arm-none-eabi/lib/thumb/v7e-m/nofp/libc.a
LOAD /Applications/ARM/bin/../lib/gcc/arm-none-eabi/10.3.1/../../../../arm-none-eabi/lib/thumb/v7e-m/nofp/libm.a
LOAD /Applications/ARM/bin/../lib/gcc/arm-none-eabi/10.3.1/thumb/v7e-m/nofp/libgcc.a

.debug_info     0x0000000000000000    0x1326e
 .debug_info    0x0000000000000000     0x2676 build/sfud.o
 .debug_info    0x0000000000002676      0xe19 build/sfud_sfdp.o
 .debug_info    0x000000000000348f     0x1254 build/sfud_port.o
 .debug_info    0x00000000000046e3     0xc445 build/lfs.o
 .debug_info    0x0000000000010b28      0x180 build/lfs_util.o
 .debug_info    0x0000000000010ca8      0xa6c build/lfs_port.o
 .debug_info    0x0000000000011714      0x4da build/system_stm32wlxx.o
 .debug_info    0x0000000000011bee     0x1430 build/stm32wlxx_hal.o
 .debug_info    0x000000000001301e      0x116 build/stm32wlxx_it.o
 .debug_info    0x0000000000013134      0x118 build/main.o
 .debug_info    0x000000000001324c       0x22 build/startup_stm32wle5xx.o

.debug_abbrev   0x0000000000000000     0x1be5
 .debug_abbrev  0x0000000000000000      0x5f5 build/sfud.o
 .debug_abbrev  0x00000000000005f5      0x31f build/sfud_sfdp.o
 .debug_abbrev  0x0000000000000914      0x2eb build/sfud_port.o
 .debug_abbrev  0x0000000000000bff      0x66b build/lfs.o
 .debug_abbrev  0x000000000000126a       0xe8 build/lfs_util.o
 .debug_abbrev  0x0000000000001352      0x1d1 build/lfs_port.o
 .debug_abbrev  0x0000000000001523      0x12c build/system_stm32wlxx.o
 .debug_abbrev  0x000000000000164f      0x401 build/stm32wlxx_hal.o
 .debug_abbrev  0x0000000000001a50       0xc7 build/stm32wlxx_it.o
 .debug_abbrev  0x0000000000001b17       0xbc build/main.o
 .debug_abbrev  0x0000000000001bd3       0x12 build/startup_stm32wle5xx.o

.debug_loc      0x0000000000000000     0xdaf6
 .debug_loc     0x0000000000000000     0x201f build/sfud.o
 .debug_loc     0x000000000000201f      0x703 build/sfud_sfdp.o
 .debug_loc     0x0000000000002722      0x39e build/sfud_port.o
 .debug_loc     0x0000000000002ac0     0xa929 build/lfs.o
 .debug_loc     0x000000000000d3e9      0x101 build/lfs_util.o
 .debug_loc     0x000000000000d4ea       0x7e build/lfs_port.o
 .debug_loc     0x000000000000d568      0x116 build/system_stm32wlxx.o
 .debug_loc     0x000000000000d67e      0x458 build/stm32wlxx_hal.o
 .debug_loc     0x000000000000dad6       0x20 build/main.o

.debug_aranges  0x0000000000000000      0x638
 .debug_aranges
                0x0000000000000000       0xa0 build/sfud.o
 .debug_aranges
                0x00000000000000a0       0x30 build/sfud_sfdp.o
 .debug_aranges
                0x00000000000000d0       0x50 build/sfud_port.o
 .debug_aranges
                0x0000000000000120      0x2f0 build/lfs.o
 .debug_aranges
                0x0000000000000410       0x20 build/lfs_util.o
 .debug_aranges
                0x0000000000000430       0x28 build/lfs_port.o
 .debug_aranges
                0x0000000000000458       0x28 build/system_stm32wlxx.o
 .debug_aranges
                0x0000000000000480      0x118 build/stm32wlxx_hal.o
 .debug_aranges
                0x0000000000000598       0x50 build/stm32wlxx_it.o
 .debug_aranges
                0x00000000000005e8       0x28 build/main.o
 .debug_aranges
                0x0000000000000610       0x28 build/startup_stm32wle5xx.o

.debug_ranges   0x0000000000000000     0x2570
 .debug_ranges  0x0000000000000000      0x1c8 build/sfud.o
 .debug_ranges  0x00000000000001c8       0x98 build/sfud_sfdp.o
 .debug_ranges  0x0000000000000260       0x40 build/sfud_port.o
 .debug_ranges  0x00000000000002a0     0x20a8 build/lfs.o
 .debug_ranges  0x0000000000002348       0x30 build/lfs_util.o
 .debug_ranges  0x0000000000002378       0x18 build/lfs_port.o
 .debug_ranges  0x0000000000002390       0x18 build/system_stm32wlxx.o
 .debug_ranges  0x00000000000023a8      0x150 build/stm32wlxx_hal.o
 .debug_ranges  0x00000000000024f8       0x40 build/stm32wlxx_it.o
 .debug_ranges  0x0000000000002538       0x18 build/main.o
 .debug_ranges  0x0000000000002550       0x20 build/startup_stm32wle5xx.o

.debug_line     0x0000000000000000     0x964e
 .debug_line    0x0000000000000000     0x130b build/sfud.o
 .debug_line    0x000000000000130b      0x6e9 build/sfud_sfdp.o
 .debug_line    0x00000000000019f4      0x4be build/sfud_port.o
 .debug_line    0x0000000000001eb2     0x65f9 build/lfs.o
 .debug_line    0x00000000000084ab      0x19d build/lfs_util.o
 .debug_line    0x0000000000008648      0x160 build/lfs_port.o
 .debug_line    0x00000000000087a8      0x291 build/system_stm32wlxx.o
 .debug_line    0x0000000000008a39      0x8fc build/stm32wlxx_hal.o
 .debug_line    0x0000000000009335      0x127 build/stm32wlxx_it.o
 .debug_line    0x000000000000945c      0x146 build/main.o
 .debug_line    0x00000000000095a2       0xac build/startup_stm32wle5xx.o

.debug_str      0x0000000000000000     0x3074
 .debug_str     0x0000000000000000      0x7bf build/sfud.o
                                        0x8b7 (size before relaxing)
 .debug_str     0x00000000000007bf       0xc8 build/sfud_sfdp.o
                                        0x560 (size before relaxing)
 .debug_str     0x0000000000000887      0x66d build/sfud_port.o
                                        0xb3d (size before relaxing)
 .debug_str     0x0000000000000ef4     0x1252 build/lfs.o
                                       0x156a (size before relaxing)
 .debug_str     0x0000000000002146       0x25 build/lfs_util.o
                                        0x1cb (size before relaxing)
 .debug_str     0x000000000000216b       0x44 build/lfs_port.o
                                        0x61e (size before relaxing)
 .debug_str     0x00000000000021af      0x212 build/system_stm32wlxx.o
                                        0x3ab (size before relaxing)
 .debug_str     0x00000000000023c1      0xb87 build/stm32wlxx_hal.o
                                        0xedb (size before relaxing)
 .debug_str     0x0000000000002f48       0xb6 build/stm32wlxx_it.o
                                        0x18d (size before relaxing)
 .debug_str     0x0000000000002ffe       0x1d build/main.o
                                        0x1b1 (size before relaxing)
 .debug_str     0x000000000000301b       0x59 build/startup_stm32wle5xx.o
                                         0x88 (size before relaxing)

.comment        0x0000000000000000       0x49
 .comment       0x0000000000000000       0x49 build/sfud.o
                                         0x4a (size before relaxing)
 .comment       0x0000000000000049       0x4a build/sfud_sfdp.o
 .comment       0x0000000000000049       0x4a build/sfud_port.o
 .comment       0x0000000000000049       0x4a build/lfs.o
 .comment       0x0000000000000049       0x4a build/lfs_util.o
 .comment       0x0000000000000049       0x4a build/lfs_port.o
 .comment       0x0000000000000049       0x4a build/system_stm32wlxx.o
 .comment       0x0000000000000049       0x4a build/stm32wlxx_hal.o
 .comment       0x0000000000000049       0x4a build/stm32wlxx_it.o
 .comment       0x0000000000000049       0x4a build/main.o

.debug_frame    0x0000000000000000     0x20e0
 .debug_frame   0x0000000000000000      0x25c build/sfud.o
 .debug_frame   0x000000000000025c       0x78 build/sfud_sfdp.o
 .debug_frame   0x00000000000002d4       0xdc build/sfud_port.o
 .debug_frame   0x00000000000003b0      0xc44 build/lfs.o
 .debug_frame   0x0000000000000ff4       0x2c build/lfs_util.o
 .debug_frame   0x0000000000001020       0x54 build/lfs_port.o
 .debug_frame   0x0000000000001074       0x38 build/system_stm32wlxx.o
 .debug_frame   0x00000000000010ac      0x260 build/stm32wlxx_hal.o
 .debug_frame   0x000000000000130c       0xa0 build/stm32wlxx_it.o
 .debug_frame   0x00000000000013ac       0x38 build/main.o
 .debug_frame   0x00000000000013e4       0x40 /Applications/ARM/bin/../lib/gcc/arm-none-eabi/10.3.1/../../../../arm-none-eabi/lib/thumb/v7e-m/nofp/libc_nano.a(lib_a-assert.o)
 .debug_frame   0x0000000000001424       0x64 /Applications/ARM/bin/../lib/gcc/arm-none-eabi/10.3.1/../../../../arm-none-eabi/lib/thumb/v7e-m/nofp/libc_nano.a(lib_a-fprintf.o)
 .debug_frame   0x0000000000001488       0x2c /Applications/ARM/bin/../lib/gcc/arm-none-eabi/10.3.1/../../../../arm-none-eabi/lib/thumb/v7e-m/nofp/libc_nano.a(lib_a-init.o)
 .debug_frame   0x00000000000014b4       0x30 /Applications/ARM/bin/../lib/gcc/arm-none-eabi/10.3.1/../../../../arm-none-eabi/lib/thumb/v7e-m/nofp/libc_nano.a(lib_a-malloc.o)
 .debug_frame   0x00000000000014e4       0x28 /Applications/ARM/bin/../lib/gcc/arm-none-eabi/10.3.1/../../../../arm-none-eabi/lib/thumb/v7e-m/nofp/libc_nano.a(lib_a-memcmp.o)
 .debug_frame   0x000000000000150c       0x28 /Applications/ARM/bin/../lib/gcc/arm-none-eabi/10.3.1/../../../../arm-none-eabi/lib/thumb/v7e-m/nofp/libc_nano.a(lib_a-memcpy-stub.o)
 .debug_frame   0x0000000000001534       0x20 /Applications/ARM/bin/../lib/gcc/arm-none-eabi/10.3.1/../../../../arm-none-eabi/lib/thumb/v7e-m/nofp/libc_nano.a(lib_a-memset.o)
 .debug_frame   0x0000000000001554       0x38 /Applications/ARM/bin/../lib/gcc/arm-none-eabi/10.3.1/../../../../arm-none-eabi/lib/thumb/v7e-m/nofp/libc_nano.a(lib_a-nano-freer.o)
 .debug_frame   0x000000000000158c       0x4c /Applications/ARM/bin/../lib/gcc/arm-none-eabi/10.3.1/../../../../arm-none-eabi/lib/thumb/v7e-m/nofp/libc_nano.a(lib_a-nano-mallocr.o)
 .debug_frame   0x00000000000015d8       0xac /Applications/ARM/bin/../lib/gcc/arm-none-eabi/10.3.1/../../../../arm-none-eabi/lib/thumb/v7e-m/nofp/libc_nano.a(lib_a-nano-vfprintf.o)
 .debug_frame   0x0000000000001684       0x60 /Applications/ARM/bin/../lib/gcc/arm-none-eabi/10.3.1/../../../../arm-none-eabi/lib/thumb/v7e-m/nofp/libc_nano.a(lib_a-nano-vfprintf_i.o)
 .debug_frame   0x00000000000016e4       0x74 /Applications/ARM/bin/../lib/gcc/arm-none-eabi/10.3.1/../../../../arm-none-eabi/lib/thumb/v7e-m/nofp/libc_nano.a(lib_a-printf.o)
 .debug_frame   0x0000000000001758       0x2c /Applications/ARM/bin/../lib/gcc/arm-none-eabi/10.3.1/../../../../arm-none-eabi/lib/thumb/v7e-m/nofp/libc_nano.a(lib_a-sbrkr.o)
 .debug_frame   0x0000000000001784       0x4c /Applications/ARM/bin/../lib/gcc/arm-none-eabi/10.3.1/../../../../arm-none-eabi/lib/thumb/v7e-m/nofp/libc_nano.a(lib_a-vsnprintf.o)
 .debug_frame   0x00000000000017d0       0x40 /Applications/ARM/bin/../lib/gcc/arm-none-eabi/10.3.1/../../../../arm-none-eabi/lib/thumb/v7e-m/nofp/libc_nano.a(lib_a-wbuf.o)
 .debug_frame   0x0000000000001810       0x2c /Applications/ARM/bin/../lib/gcc/arm-none-eabi/10.3.1/../../../../arm-none-eabi/lib/thumb/v7e-m/nofp/libc_nano.a(lib_a-wsetup.o)
 .debug_frame   0x000000000000183c       0x28 /Applications/ARM/bin/../lib/gcc/arm-none-eabi/10.3.1/../../../../arm-none-eabi/lib/thumb/v7e-m/nofp/libc_nano.a(lib_a-abort.o)
 .debug_frame   0x0000000000001864       0x5c /Applications/ARM/bin/../lib/gcc/arm-none-eabi/10.3.1/../../../../arm-none-eabi/lib/thumb/v7e-m/nofp/libc_nano.a(lib_a-fflush.o)
 .debug_frame   0x00000000000018c0      0x14c /Applications/ARM/bin/../lib/gcc/arm-none-eabi/10.3.1/../../../../arm-none-eabi/lib/thumb/v7e-m/nofp/libc_nano.a(lib_a-findfp.o)
 .debug_frame   0x0000000000001a0c       0x54 /Applications/ARM/bin/../lib/gcc/arm-none-eabi/10.3.1/../../../../arm-none-eabi/lib/thumb/v7e-m/nofp/libc_nano.a(lib_a-fwalk.o)
 .debug_frame   0x0000000000001a60       0xb0 /Applications/ARM/bin/../lib/gcc/arm-none-eabi/10.3.1/../../../../arm-none-eabi/lib/thumb/v7e-m/nofp/libc_nano.a(lib_a-lock.o)
 .debug_frame   0x0000000000001b10       0x58 /Applications/ARM/bin/../lib/gcc/arm-none-eabi/10.3.1/../../../../arm-none-eabi/lib/thumb/v7e-m/nofp/libc_nano.a(lib_a-makebuf.o)
 .debug_frame   0x0000000000001b68       0x28 /Applications/ARM/bin/../lib/gcc/arm-none-eabi/10.3.1/../../../../arm-none-eabi/lib/thumb/v7e-m/nofp/libc_nano.a(lib_a-memmove.o)
 .debug_frame   0x0000000000001b90       0x30 /Applications/ARM/bin/../lib/gcc/arm-none-eabi/10.3.1/../../../../arm-none-eabi/lib/thumb/v7e-m/nofp/libc_nano.a(lib_a-mlock.o)
 .debug_frame   0x0000000000001bc0       0x3c /Applications/ARM/bin/../lib/gcc/arm-none-eabi/10.3.1/../../../../arm-none-eabi/lib/thumb/v7e-m/nofp/libc_nano.a(lib_a-nano-reallocr.o)
 .debug_frame   0x0000000000001bfc       0x90 /Applications/ARM/bin/../lib/gcc/arm-none-eabi/10.3.1/../../../../arm-none-eabi/lib/thumb/v7e-m/nofp/libc_nano.a(lib_a-nano-svfprintf.o)
 .debug_frame   0x0000000000001c8c       0x5c /Applications/ARM/bin/../lib/gcc/arm-none-eabi/10.3.1/../../../../arm-none-eabi/lib/thumb/v7e-m/nofp/libc_nano.a(lib_a-reent.o)
 .debug_frame   0x0000000000001ce8       0xcc /Applications/ARM/bin/../lib/gcc/arm-none-eabi/10.3.1/../../../../arm-none-eabi/lib/thumb/v7e-m/nofp/libc_nano.a(lib_a-signal.o)
 .debug_frame   0x0000000000001db4       0x3c /Applications/ARM/bin/../lib/gcc/arm-none-eabi/10.3.1/../../../../arm-none-eabi/lib/thumb/v7e-m/nofp/libc_nano.a(lib_a-signalr.o)
 .debug_frame   0x0000000000001df0       0x88 /Applications/ARM/bin/../lib/gcc/arm-none-eabi/10.3.1/../../../../arm-none-eabi/lib/thumb/v7e-m/nofp/libc_nano.a(lib_a-stdio.o)
 .debug_frame   0x0000000000001e78       0x2c /Applications/ARM/bin/../lib/gcc/arm-none-eabi/10.3.1/../../../../arm-none-eabi/lib/thumb/v7e-m/nofp/libc_nano.a(lib_a-writer.o)
 .debug_frame   0x0000000000001ea4       0x2c /Applications/ARM/bin/../lib/gcc/arm-none-eabi/10.3.1/../../../../arm-none-eabi/lib/thumb/v7e-m/nofp/libc_nano.a(lib_a-closer.o)
 .debug_frame   0x0000000000001ed0       0x2c /Applications/ARM/bin/../lib/gcc/arm-none-eabi/10.3.1/../../../../arm-none-eabi/lib/thumb/v7e-m/nofp/libc_nano.a(lib_a-fstatr.o)
 .debug_frame   0x0000000000001efc       0x2c /Applications/ARM/bin/../lib/gcc/arm-none-eabi/10.3.1/../../../../arm-none-eabi/lib/thumb/v7e-m/nofp/libc_nano.a(lib_a-isattyr.o)
 .debug_frame   0x0000000000001f28       0x2c /Applications/ARM/bin/../lib/gcc/arm-none-eabi/10.3.1/../../../../arm-none-eabi/lib/thumb/v7e-m/nofp/libc_nano.a(lib_a-lseekr.o)
 .debug_frame   0x0000000000001f54       0x20 /Applications/ARM/bin/../lib/gcc/arm-none-eabi/10.3.1/../../../../arm-none-eabi/lib/thumb/v7e-m/nofp/libc_nano.a(lib_a-nano-msizer.o)
 .debug_frame   0x0000000000001f74       0x2c /Applications/ARM/bin/../lib/gcc/arm-none-eabi/10.3.1/../../../../arm-none-eabi/lib/thumb/v7e-m/nofp/libc_nano.a(lib_a-readr.o)
 .debug_frame   0x0000000000001fa0       0x20 /Applications/ARM/bin/../lib/gcc/arm-none-eabi/10.3.1/../../../../arm-none-eabi/lib/thumb/v7e-m/nofp/libnosys.a(close.o)
 .debug_frame   0x0000000000001fc0       0x20 /Applications/ARM/bin/../lib/gcc/arm-none-eabi/10.3.1/../../../../arm-none-eabi/lib/thumb/v7e-m/nofp/libnosys.a(fstat.o)
 .debug_frame   0x0000000000001fe0       0x20 /Applications/ARM/bin/../lib/gcc/arm-none-eabi/10.3.1/../../../../arm-none-eabi/lib/thumb/v7e-m/nofp/libnosys.a(getpid.o)
 .debug_frame   0x0000000000002000       0x20 /Applications/ARM/bin/../lib/gcc/arm-none-eabi/10.3.1/../../../../arm-none-eabi/lib/thumb/v7e-m/nofp/libnosys.a(isatty.o)
 .debug_frame   0x0000000000002020       0x20 /Applications/ARM/bin/../lib/gcc/arm-none-eabi/10.3.1/../../../../arm-none-eabi/lib/thumb/v7e-m/nofp/libnosys.a(kill.o)
 .debug_frame   0x0000000000002040       0x20 /Applications/ARM/bin/../lib/gcc/arm-none-eabi/10.3.1/../../../../arm-none-eabi/lib/thumb/v7e-m/nofp/libnosys.a(lseek.o)
 .debug_frame   0x0000000000002060       0x20 /Applications/ARM/bin/../lib/gcc/arm-none-eabi/10.3.1/../../../../arm-none-eabi/lib/thumb/v7e-m/nofp/libnosys.a(read.o)
 .debug_frame   0x0000000000002080       0x20 /Applications/ARM/bin/../lib/gcc/arm-none-eabi/10.3.1/../../../../arm-none-eabi/lib/thumb/v7e-m/nofp/libnosys.a(sbrk.o)
 .debug_frame   0x00000000000020a0       0x20 /Applications/ARM/bin/../lib/gcc/arm-none-eabi/10.3.1/../../../../arm-none-eabi/lib/thumb/v7e-m/nofp/libnosys.a(write.o)
 .debug_frame   0x00000000000020c0       0x20 /Applications/ARM/bin/../lib/gcc/arm-none-eabi/10.3.1/../../../../arm-none-eabi/lib/thumb/v7e-m/nofp/libnosys.a(_exit.o)

.stab           0x0000000000000000       0xcc
 .stab          0x0000000000000000       0x24 /Applications/ARM/bin/../lib/gcc/arm-none-eabi/10.3.1/../../../../arm-none-eabi/lib/thumb/v7e-m/nofp/libnosys.a(close.o)
 .stab          0x0000000000000024       0x18 /Applications/ARM/bin/../lib/gcc/arm-none-eabi/10.3.1/../../../../arm-none-eabi/lib/thumb/v7e-m/nofp/libnosys.a(fstat.o)
                                         0x24 (size before relaxing)
 .stab          0x000000000000003c       0x18 /Applications/ARM/bin/../lib/gcc/arm-none-eabi/10.3.1/../../../../arm-none-eabi/lib/thumb/v7e-m/nofp/libnosys.a(getpid.o)
                                         0x24 (size before relaxing)
 .stab          0x0000000000000054       0x18 /Applications/ARM/bin/../lib/gcc/arm-none-eabi/10.3.1/../../../../arm-none-eabi/lib/thumb/v7e-m/nofp/libnosys.a(isatty.o)
                                         0x24 (size before relaxing)
 .stab          0x000000000000006c       0x18 /Applications/ARM/bin/../lib/gcc/arm-none-eabi/10.3.1/../../../../arm-none-eabi/lib/thumb/v7e-m/nofp/libnosys.a(kill.o)
                                         0x24 (size before relaxing)
 .stab          0x0000000000000084       0x18 /Applications/ARM/bin/../lib/gcc/arm-none-eabi/10.3.1/../../../../arm-none-eabi/lib/thumb/v7e-m/nofp/libnosys.a(lseek.o)
                                         0x24 (size before relaxing)
 .stab          0x000000000000009c       0x18 /Applications/ARM/bin/../lib/gcc/arm-none-eabi/10.3.1/../../../../arm-none-eabi/lib/thumb/v7e-m/nofp/libnosys.a(read.o)
                                         0x24 (size before relaxing)
 .stab          0x00000000000000b4       0x18 /Applications/ARM/bin/../lib/gcc/arm-none-eabi/10.3.1/../../../../arm-none-eabi/lib/thumb/v7e-m/nofp/libnosys.a(write.o)
                                         0x24 (size before relaxing)

.stabstr        0x0000000000000000      0x1b9
 .stabstr       0x0000000000000000      0x1b9 /Applications/ARM/bin/../lib/gcc/arm-none-eabi/10.3.1/../../../../arm-none-eabi/lib/thumb/v7e-m/nofp/libnosys.a(close.o)

Cross Reference Table

Symbol                                            File
ADC_IRQHandler                                    build/startup_stm32wle5xx.o
AES_IRQHandler                                    build/startup_stm32wle5xx.o
AHBPrescTable                                     build/system_stm32wlxx.o
                                                  build/stm32wlxx_ll_utils.o
                                                  build/stm32wlxx_hal_rcc_ex.o
                                                  build/stm32wlxx_hal_rcc.o
APBPrescTable                                     build/system_stm32wlxx.o
                                                  build/stm32wlxx_hal_rcc_ex.o
                                                  build/stm32wlxx_hal_rcc.o
BusFault_Handler                                  build/stm32wlxx_it.o
COMP_IRQHandler                                   build/startup_stm32wle5xx.o
DAC_IRQHandler                                    build/startup_stm32wle5xx.o
DMA1_Channel1_IRQHandler                          build/startup_stm32wle5xx.o
DMA1_Channel2_IRQHandler                          build/startup_stm32wle5xx.o
DMA1_Channel3_IRQHandler                          build/startup_stm32wle5xx.o
DMA1_Channel4_IRQHandler                          build/startup_stm32wle5xx.o
DMA1_Channel5_IRQHandler                          build/startup_stm32wle5xx.o
DMA1_Channel6_IRQHandler                          build/startup_stm32wle5xx.o
DMA1_Channel7_IRQHandler                          build/startup_stm32wle5xx.o
DMA2_Channel1_IRQHandler                          build/startup_stm32wle5xx.o
DMA2_Channel2_IRQHandler                          build/startup_stm32wle5xx.o
DMA2_Channel3_IRQHandler                          build/startup_stm32wle5xx.o
DMA2_Channel4_IRQHandler                          build/startup_stm32wle5xx.o
DMA2_Channel5_IRQHandler                          build/startup_stm32wle5xx.o
DMA2_Channel6_IRQHandler                          build/startup_stm32wle5xx.o
DMA2_Channel7_IRQHandler                          build/startup_stm32wle5xx.o
DMAMUX1_OVR_IRQHandler                            build/startup_stm32wle5xx.o
DebugMon_Handler                                  build/stm32wlxx_it.o
Default_Handler                                   build/startup_stm32wle5xx.o
EXTI0_IRQHandler                                  build/startup_stm32wle5xx.o
EXTI15_10_IRQHandler                              build/startup_stm32wle5xx.o
EXTI1_IRQHandler                                  build/startup_stm32wle5xx.o
EXTI2_IRQHandler                                  build/startup_stm32wle5xx.o
EXTI3_IRQHandler                                  build/startup_stm32wle5xx.o
EXTI4_IRQHandler                                  build/startup_stm32wle5xx.o
EXTI9_5_IRQHandler                                build/startup_stm32wle5xx.o
Error_Handler                                     build/system.o
                                                  build/spi.o
FLASH_IRQHandler                                  build/startup_stm32wle5xx.o
FLASH_PageErase                                   build/stm32wlxx_hal_flash_ex.o
                                                  build/stm32wlxx_hal_flash.o
FLASH_WaitForLastOperation                        build/stm32wlxx_hal_flash.o
                                                  build/stm32wlxx_hal_flash_ex.o
HAL_DBGMCU_DisableDBGSleepMode                    build/stm32wlxx_hal.o
HAL_DBGMCU_DisableDBGStandbyMode                  build/stm32wlxx_hal.o
HAL_DBGMCU_DisableDBGStopMode                     build/stm32wlxx_hal.o
HAL_DBGMCU_EnableDBGSleepMode                     build/stm32wlxx_hal.o
HAL_DBGMCU_EnableDBGStandbyMode                   build/stm32wlxx_hal.o
HAL_DBGMCU_EnableDBGStopMode                      build/stm32wlxx_hal.o
HAL_DMAEx_ConfigMuxRequestGenerator               build/stm32wlxx_hal_dma_ex.o
HAL_DMAEx_ConfigMuxSync                           build/stm32wlxx_hal_dma_ex.o
HAL_DMAEx_DisableMuxRequestGenerator              build/stm32wlxx_hal_dma_ex.o
HAL_DMAEx_EnableMuxRequestGenerator               build/stm32wlxx_hal_dma_ex.o
HAL_DMAEx_MUX_IRQHandler                          build/stm32wlxx_hal_dma_ex.o
HAL_DMA_Abort                                     build/stm32wlxx_hal_dma.o
                                                  build/stm32wlxx_hal_spi.o
HAL_DMA_Abort_IT                                  build/stm32wlxx_hal_dma.o
                                                  build/stm32wlxx_hal_spi.o
HAL_DMA_DeInit                                    build/stm32wlxx_hal_dma.o
HAL_DMA_GetError                                  build/stm32wlxx_hal_dma.o
HAL_DMA_GetState                                  build/stm32wlxx_hal_dma.o
HAL_DMA_IRQHandler                                build/stm32wlxx_hal_dma.o
HAL_DMA_Init                                      build/stm32wlxx_hal_dma.o
HAL_DMA_PollForTransfer                           build/stm32wlxx_hal_dma.o
HAL_DMA_RegisterCallback                          build/stm32wlxx_hal_dma.o
HAL_DMA_Start                                     build/stm32wlxx_hal_dma.o
HAL_DMA_Start_IT                                  build/stm32wlxx_hal_dma.o
                                                  build/stm32wlxx_hal_spi.o
HAL_DMA_UnRegisterCallback                        build/stm32wlxx_hal_dma.o
HAL_DeInit                                        build/stm32wlxx_hal.o
HAL_Delay                                         build/stm32wlxx_hal.o
HAL_EXTI_ClearConfigLine                          build/stm32wlxx_hal_exti.o
HAL_EXTI_ClearPending                             build/stm32wlxx_hal_exti.o
HAL_EXTI_GenerateSWI                              build/stm32wlxx_hal_exti.o
HAL_EXTI_GetConfigLine                            build/stm32wlxx_hal_exti.o
HAL_EXTI_GetHandle                                build/stm32wlxx_hal_exti.o
HAL_EXTI_GetPending                               build/stm32wlxx_hal_exti.o
HAL_EXTI_IRQHandler                               build/stm32wlxx_hal_exti.o
HAL_EXTI_RegisterCallback                         build/stm32wlxx_hal_exti.o
HAL_EXTI_SetConfigLine                            build/stm32wlxx_hal_exti.o
HAL_FLASHEx_AllowOperation                        build/stm32wlxx_hal_flash_ex.o
HAL_FLASHEx_Erase                                 build/stm32wlxx_hal_flash_ex.o
HAL_FLASHEx_Erase_IT                              build/stm32wlxx_hal_flash_ex.o
HAL_FLASHEx_FlashEmptyCheck                       build/stm32wlxx_hal_flash_ex.o
HAL_FLASHEx_ForceFlashEmpty                       build/stm32wlxx_hal_flash_ex.o
HAL_FLASHEx_IsOperationSuspended                  build/stm32wlxx_hal_flash_ex.o
HAL_FLASHEx_OBGetConfig                           build/stm32wlxx_hal_flash_ex.o
HAL_FLASHEx_OBProgram                             build/stm32wlxx_hal_flash_ex.o
HAL_FLASHEx_SuspendOperation                      build/stm32wlxx_hal_flash_ex.o
HAL_FLASH_EndOfOperationCallback                  build/stm32wlxx_hal_flash.o
HAL_FLASH_GetError                                build/stm32wlxx_hal_flash.o
HAL_FLASH_IRQHandler                              build/stm32wlxx_hal_flash.o
HAL_FLASH_Lock                                    build/stm32wlxx_hal_flash.o
HAL_FLASH_OB_Launch                               build/stm32wlxx_hal_flash.o
HAL_FLASH_OB_Lock                                 build/stm32wlxx_hal_flash.o
HAL_FLASH_OB_Unlock                               build/stm32wlxx_hal_flash.o
HAL_FLASH_OperationErrorCallback                  build/stm32wlxx_hal_flash.o
HAL_FLASH_Program                                 build/stm32wlxx_hal_flash.o
HAL_FLASH_Program_IT                              build/stm32wlxx_hal_flash.o
HAL_FLASH_Unlock                                  build/stm32wlxx_hal_flash.o
HAL_GPIO_DeInit                                   build/stm32wlxx_hal_gpio.o
                                                  build/spi.o
HAL_GPIO_EXTI_Callback                            build/stm32wlxx_hal_gpio.o
HAL_GPIO_EXTI_IRQHandler                          build/stm32wlxx_hal_gpio.o
HAL_GPIO_Init                                     build/stm32wlxx_hal_gpio.o
                                                  build/spi.o
                                                  build/stm32wlxx_hal_rcc_ex.o
                                                  build/stm32wlxx_hal_rcc.o
HAL_GPIO_LockPin                                  build/stm32wlxx_hal_gpio.o
HAL_GPIO_ReadPin                                  build/stm32wlxx_hal_gpio.o
HAL_GPIO_TogglePin                                build/stm32wlxx_hal_gpio.o
HAL_GPIO_WritePin                                 build/stm32wlxx_hal_gpio.o
                                                  build/sfud_port.o
HAL_GetDEVID                                      build/stm32wlxx_hal.o
HAL_GetHalVersion                                 build/stm32wlxx_hal.o
HAL_GetREVID                                      build/stm32wlxx_hal.o
HAL_GetTick                                       build/stm32wlxx_hal.o
                                                  build/stm32wlxx_hal_spi.o
                                                  build/stm32wlxx_hal_rcc_ex.o
                                                  build/stm32wlxx_hal_rcc.o
                                                  build/stm32wlxx_hal_flash.o
                                                  build/stm32wlxx_hal_dma.o
HAL_GetTickFreq                                   build/stm32wlxx_hal.o
HAL_GetTickPrio                                   build/stm32wlxx_hal.o
HAL_GetUIDw0                                      build/stm32wlxx_hal.o
HAL_GetUIDw1                                      build/stm32wlxx_hal.o
HAL_GetUIDw2                                      build/stm32wlxx_hal.o
HAL_IncTick                                       build/stm32wlxx_hal.o
                                                  build/stm32wlxx_it.o
HAL_Init                                          build/stm32wlxx_hal.o
HAL_InitTick                                      build/stm32wlxx_hal.o
                                                  build/stm32wlxx_hal_rcc.o
HAL_MPU_ConfigRegion                              build/stm32wlxx_hal_cortex.o
HAL_MPU_Disable                                   build/stm32wlxx_hal_cortex.o
HAL_MPU_Enable                                    build/stm32wlxx_hal_cortex.o
HAL_MspDeInit                                     build/stm32wlxx_hal.o
HAL_MspInit                                       build/system.o
                                                  build/stm32wlxx_hal.o
HAL_NVIC_ClearPendingIRQ                          build/stm32wlxx_hal_cortex.o
HAL_NVIC_DisableIRQ                               build/stm32wlxx_hal_cortex.o
HAL_NVIC_EnableIRQ                                build/stm32wlxx_hal_cortex.o
HAL_NVIC_GetActive                                build/stm32wlxx_hal_cortex.o
HAL_NVIC_GetPendingIRQ                            build/stm32wlxx_hal_cortex.o
HAL_NVIC_GetPriority                              build/stm32wlxx_hal_cortex.o
HAL_NVIC_GetPriorityGrouping                      build/stm32wlxx_hal_cortex.o
HAL_NVIC_SetPendingIRQ                            build/stm32wlxx_hal_cortex.o
HAL_NVIC_SetPriority                              build/stm32wlxx_hal_cortex.o
                                                  build/stm32wlxx_hal.o
HAL_NVIC_SetPriorityGrouping                      build/stm32wlxx_hal_cortex.o
                                                  build/stm32wlxx_hal.o
HAL_NVIC_SystemReset                              build/stm32wlxx_hal_cortex.o
HAL_PWREx_ConfigPVM                               build/stm32wlxx_hal_pwr_ex.o
HAL_PWREx_ControlVoltageScaling                   build/stm32wlxx_hal_pwr_ex.o
HAL_PWREx_DisableBORPVD_ULP                       build/stm32wlxx_hal_pwr_ex.o
HAL_PWREx_DisableBatteryCharging                  build/stm32wlxx_hal_pwr_ex.o
HAL_PWREx_DisableFlashPowerDown                   build/stm32wlxx_hal_pwr_ex.o
HAL_PWREx_DisableGPIOPullDown                     build/stm32wlxx_hal_pwr_ex.o
HAL_PWREx_DisableGPIOPullUp                       build/stm32wlxx_hal_pwr_ex.o
HAL_PWREx_DisableInternalWakeUpLine               build/stm32wlxx_hal_pwr_ex.o
HAL_PWREx_DisableLowPowerRunMode                  build/stm32wlxx_hal_pwr_ex.o
                                                  build/stm32wlxx_hal_pwr.o
HAL_PWREx_DisablePVM3                             build/stm32wlxx_hal_pwr_ex.o
HAL_PWREx_DisablePullUpPullDownConfig             build/stm32wlxx_hal_pwr_ex.o
HAL_PWREx_DisableSRAMRetention                    build/stm32wlxx_hal_pwr_ex.o
HAL_PWREx_DisableWPVD                             build/stm32wlxx_hal_pwr_ex.o
HAL_PWREx_EnableBORPVD_ULP                        build/stm32wlxx_hal_pwr_ex.o
HAL_PWREx_EnableBatteryCharging                   build/stm32wlxx_hal_pwr_ex.o
HAL_PWREx_EnableFlashPowerDown                    build/stm32wlxx_hal_pwr_ex.o
HAL_PWREx_EnableGPIOPullDown                      build/stm32wlxx_hal_pwr_ex.o
HAL_PWREx_EnableGPIOPullUp                        build/stm32wlxx_hal_pwr_ex.o
HAL_PWREx_EnableInternalWakeUpLine                build/stm32wlxx_hal_pwr_ex.o
HAL_PWREx_EnableLowPowerRunMode                   build/stm32wlxx_hal_pwr_ex.o
                                                  build/stm32wlxx_hal_pwr.o
HAL_PWREx_EnablePVM3                              build/stm32wlxx_hal_pwr_ex.o
HAL_PWREx_EnablePullUpPullDownConfig              build/stm32wlxx_hal_pwr_ex.o
HAL_PWREx_EnableSRAMRetention                     build/stm32wlxx_hal_pwr_ex.o
HAL_PWREx_EnableWPVD                              build/stm32wlxx_hal_pwr_ex.o
HAL_PWREx_EnterSHUTDOWNMode                       build/stm32wlxx_hal_pwr_ex.o
HAL_PWREx_EnterSTOP0Mode                          build/stm32wlxx_hal_pwr_ex.o
                                                  build/stm32wlxx_hal_pwr.o
HAL_PWREx_EnterSTOP1Mode                          build/stm32wlxx_hal_pwr_ex.o
                                                  build/stm32wlxx_hal_pwr.o
HAL_PWREx_EnterSTOP2Mode                          build/stm32wlxx_hal_pwr_ex.o
HAL_PWREx_GetVoltageRange                         build/stm32wlxx_hal_pwr_ex.o
                                                  build/stm32wlxx_hal_rcc.o
HAL_PWREx_PVD_PVM_IRQHandler                      build/stm32wlxx_hal_pwr_ex.o
HAL_PWREx_PVM3Callback                            build/stm32wlxx_hal_pwr_ex.o
HAL_PWREx_SMPS_GetEffectiveMode                   build/stm32wlxx_hal_pwr_ex.o
HAL_PWREx_SMPS_SetMode                            build/stm32wlxx_hal_pwr_ex.o
HAL_PWREx_SetRadioBusyPolarity                    build/stm32wlxx_hal_pwr_ex.o
HAL_PWREx_SetRadioBusyTrigger                     build/stm32wlxx_hal_pwr_ex.o
HAL_PWREx_SetRadioEOL                             build/stm32wlxx_hal_pwr_ex.o
HAL_PWREx_SetRadioIRQTrigger                      build/stm32wlxx_hal_pwr_ex.o
HAL_PWR_ConfigPVD                                 build/stm32wlxx_hal_pwr.o
HAL_PWR_DeInit                                    build/stm32wlxx_hal_pwr.o
HAL_PWR_DisableBkUpAccess                         build/stm32wlxx_hal_pwr.o
                                                  build/stm32wlxx_hal_rcc_ex.o
HAL_PWR_DisablePVD                                build/stm32wlxx_hal_pwr.o
HAL_PWR_DisableSEVOnPend                          build/stm32wlxx_hal_pwr.o
HAL_PWR_DisableSleepOnExit                        build/stm32wlxx_hal_pwr.o
HAL_PWR_DisableWakeUpPin                          build/stm32wlxx_hal_pwr.o
HAL_PWR_EnableBkUpAccess                          build/stm32wlxx_hal_pwr.o
                                                  build/stm32wlxx_hal_rcc_ex.o
                                                  build/stm32wlxx_hal_rcc.o
HAL_PWR_EnablePVD                                 build/stm32wlxx_hal_pwr.o
HAL_PWR_EnableSEVOnPend                           build/stm32wlxx_hal_pwr.o
HAL_PWR_EnableSleepOnExit                         build/stm32wlxx_hal_pwr.o
HAL_PWR_EnableWakeUpPin                           build/stm32wlxx_hal_pwr.o
HAL_PWR_EnterSLEEPMode                            build/stm32wlxx_hal_pwr.o
HAL_PWR_EnterSTANDBYMode                          build/stm32wlxx_hal_pwr.o
HAL_PWR_EnterSTOPMode                             build/stm32wlxx_hal_pwr.o
HAL_PWR_PVDCallback                               build/stm32wlxx_hal_pwr.o
                                                  build/stm32wlxx_hal_pwr_ex.o
HAL_RCCEx_DisableLSCO                             build/stm32wlxx_hal_rcc_ex.o
HAL_RCCEx_DisableLSECSS                           build/stm32wlxx_hal_rcc_ex.o
HAL_RCCEx_DisableMSIPLLMode                       build/stm32wlxx_hal_rcc_ex.o
HAL_RCCEx_EnableLSCO                              build/stm32wlxx_hal_rcc_ex.o
HAL_RCCEx_EnableLSECSS                            build/stm32wlxx_hal_rcc_ex.o
HAL_RCCEx_EnableLSECSS_IT                         build/stm32wlxx_hal_rcc_ex.o
HAL_RCCEx_EnableMSIPLLMode                        build/stm32wlxx_hal_rcc_ex.o
HAL_RCCEx_GetPeriphCLKConfig                      build/stm32wlxx_hal_rcc_ex.o
HAL_RCCEx_GetPeriphCLKFreq                        build/stm32wlxx_hal_rcc_ex.o
HAL_RCCEx_LSECSS_Callback                         build/stm32wlxx_hal_rcc_ex.o
HAL_RCCEx_LSECSS_IRQHandler                       build/stm32wlxx_hal_rcc_ex.o
HAL_RCCEx_PeriphCLKConfig                         build/stm32wlxx_hal_rcc_ex.o
HAL_RCCEx_WakeUpStopCLKConfig                     build/stm32wlxx_hal_rcc_ex.o
HAL_RCC_CSSCallback                               build/stm32wlxx_hal_rcc.o
HAL_RCC_ClockConfig                               build/stm32wlxx_hal_rcc.o
                                                  build/system.o
HAL_RCC_DeInit                                    build/stm32wlxx_hal_rcc.o
HAL_RCC_EnableCSS                                 build/stm32wlxx_hal_rcc.o
HAL_RCC_GetClockConfig                            build/stm32wlxx_hal_rcc.o
HAL_RCC_GetHCLK3Freq                              build/stm32wlxx_hal_rcc.o
HAL_RCC_GetHCLKFreq                               build/stm32wlxx_hal_rcc.o
                                                  build/stm32wlxx_hal.o
HAL_RCC_GetOscConfig                              build/stm32wlxx_hal_rcc.o
HAL_RCC_GetPCLK1Freq                              build/stm32wlxx_hal_rcc.o
HAL_RCC_GetPCLK2Freq                              build/stm32wlxx_hal_rcc.o