Archive member included to satisfy reference by file (symbol)

/opt/gcc-arm-none-eabi-10.3-2021.10/bin/../lib/gcc/arm-none-eabi/10.3.1/../../../../arm-none-eabi/lib/thumb/v7e-m/nofp/libc_nano.a(lib_a-assert.o)
                              build/lfs.o (__assert_func)
/opt/gcc-arm-none-eabi-10.3-2021.10/bin/../lib/gcc/arm-none-eabi/10.3.1/../../../../arm-none-eabi/lib/thumb/v7e-m/nofp/libc_nano.a(lib_a-exit.o)
                              /opt/gcc-arm-none-eabi-10.3-2021.10/bin/../lib/gcc/arm-none-eabi/10.3.1/../../../../arm-none-eabi/lib/thumb/v7e-m/nofp/crt0.o (exit)
/opt/gcc-arm-none-eabi-10.3-2021.10/bin/../lib/gcc/arm-none-eabi/10.3.1/../../../../arm-none-eabi/lib/thumb/v7e-m/nofp/libc_nano.a(lib_a-fprintf.o)
                              /opt/gcc-arm-none-eabi-10.3-2021.10/bin/../lib/gcc/arm-none-eabi/10.3.1/../../../../arm-none-eabi/lib/thumb/v7e-m/nofp/libc_nano.a(lib_a-assert.o) (fiprintf)
/opt/gcc-arm-none-eabi-10.3-2021.10/bin/../lib/gcc/arm-none-eabi/10.3.1/../../../../arm-none-eabi/lib/thumb/v7e-m/nofp/libc_nano.a(lib_a-impure.o)
                              /opt/gcc-arm-none-eabi-10.3-2021.10/bin/../lib/gcc/arm-none-eabi/10.3.1/../../../../arm-none-eabi/lib/thumb/v7e-m/nofp/libc_nano.a(lib_a-exit.o) (_global_impure_ptr)
/opt/gcc-arm-none-eabi-10.3-2021.10/bin/../lib/gcc/arm-none-eabi/10.3.1/../../../../arm-none-eabi/lib/thumb/v7e-m/nofp/libc_nano.a(lib_a-init.o)
                              /opt/gcc-arm-none-eabi-10.3-2021.10/bin/../lib/gcc/arm-none-eabi/10.3.1/../../../../arm-none-eabi/lib/thumb/v7e-m/nofp/crt0.o (__libc_init_array)
/opt/gcc-arm-none-eabi-10.3-2021.10/bin/../lib/gcc/arm-none-eabi/10.3.1/../../../../arm-none-eabi/lib/thumb/v7e-m/nofp/libc_nano.a(lib_a-malloc.o)
                              build/lfs.o (malloc)
/opt/gcc-arm-none-eabi-10.3-2021.10/bin/../lib/gcc/arm-none-eabi/10.3.1/../../../../arm-none-eabi/lib/thumb/v7e-m/nofp/libc_nano.a(lib_a-memcmp.o)
                              build/lfs.o (memcmp)
/opt/gcc-arm-none-eabi-10.3-2021.10/bin/../lib/gcc/arm-none-eabi/10.3.1/../../../../arm-none-eabi/lib/thumb/v7e-m/nofp/libc_nano.a(lib_a-memcpy-stub.o)
                              build/sfud.o (memcpy)
/opt/gcc-arm-none-eabi-10.3-2021.10/bin/../lib/gcc/arm-none-eabi/10.3.1/../../../../arm-none-eabi/lib/thumb/v7e-m/nofp/libc_nano.a(lib_a-memset.o)
                              /opt/gcc-arm-none-eabi-10.3-2021.10/bin/../lib/gcc/arm-none-eabi/10.3.1/../../../../arm-none-eabi/lib/thumb/v7e-m/nofp/crt0.o (memset)
/opt/gcc-arm-none-eabi-10.3-2021.10/bin/../lib/gcc/arm-none-eabi/10.3.1/../../../../arm-none-eabi/lib/thumb/v7e-m/nofp/libc_nano.a(lib_a-nano-freer.o)
                              /opt/gcc-arm-none-eabi-10.3-2021.10/bin/../lib/gcc/arm-none-eabi/10.3.1/../../../../arm-none-eabi/lib/thumb/v7e-m/nofp/libc_nano.a(lib_a-malloc.o) (_free_r)
/opt/gcc-arm-none-eabi-10.3-2021.10/bin/../lib/gcc/arm-none-eabi/10.3.1/../../../../arm-none-eabi/lib/thumb/v7e-m/nofp/libc_nano.a(lib_a-nano-mallocr.o)
                              /opt/gcc-arm-none-eabi-10.3-2021.10/bin/../lib/gcc/arm-none-eabi/10.3.1/../../../../arm-none-eabi/lib/thumb/v7e-m/nofp/libc_nano.a(lib_a-malloc.o) (_malloc_r)
/opt/gcc-arm-none-eabi-10.3-2021.10/bin/../lib/gcc/arm-none-eabi/10.3.1/../../../../arm-none-eabi/lib/thumb/v7e-m/nofp/libc_nano.a(lib_a-nano-vfprintf.o)
                              /opt/gcc-arm-none-eabi-10.3-2021.10/bin/../lib/gcc/arm-none-eabi/10.3.1/../../../../arm-none-eabi/lib/thumb/v7e-m/nofp/libc_nano.a(lib_a-fprintf.o) (_vfprintf_r)
/opt/gcc-arm-none-eabi-10.3-2021.10/bin/../lib/gcc/arm-none-eabi/10.3.1/../../../../arm-none-eabi/lib/thumb/v7e-m/nofp/libc_nano.a(lib_a-nano-vfprintf_i.o)
                              /opt/gcc-arm-none-eabi-10.3-2021.10/bin/../lib/gcc/arm-none-eabi/10.3.1/../../../../arm-none-eabi/lib/thumb/v7e-m/nofp/libc_nano.a(lib_a-nano-vfprintf.o) (_printf_i)
/opt/gcc-arm-none-eabi-10.3-2021.10/bin/../lib/gcc/arm-none-eabi/10.3.1/../../../../arm-none-eabi/lib/thumb/v7e-m/nofp/libc_nano.a(lib_a-printf.o)
                              build/sfud_port.o (printf)
/opt/gcc-arm-none-eabi-10.3-2021.10/bin/../lib/gcc/arm-none-eabi/10.3.1/../../../../arm-none-eabi/lib/thumb/v7e-m/nofp/libc_nano.a(lib_a-sbrkr.o)
                              /opt/gcc-arm-none-eabi-10.3-2021.10/bin/../lib/gcc/arm-none-eabi/10.3.1/../../../../arm-none-eabi/lib/thumb/v7e-m/nofp/libc_nano.a(lib_a-nano-mallocr.o) (_sbrk_r)
/opt/gcc-arm-none-eabi-10.3-2021.10/bin/../lib/gcc/arm-none-eabi/10.3.1/../../../../arm-none-eabi/lib/thumb/v7e-m/nofp/libc_nano.a(lib_a-strchr.o)
                              build/lfs.o (strchr)
/opt/gcc-arm-none-eabi-10.3-2021.10/bin/../lib/gcc/arm-none-eabi/10.3.1/../../../../arm-none-eabi/lib/thumb/v7e-m/nofp/libc_nano.a(lib_a-strcpy.o)
                              build/lfs.o (strcpy)
/opt/gcc-arm-none-eabi-10.3-2021.10/bin/../lib/gcc/arm-none-eabi/10.3.1/../../../../arm-none-eabi/lib/thumb/v7e-m/nofp/libc_nano.a(lib_a-strcspn.o)
[...]
Memory Configuration

Name             Origin             Length             Attributes
ROM              0x0000000008000000 0x0000000000040000 xr
RAM1             0x0000000020000000 0x0000000000008000 xrw
RAM2             0x0000000020008000 0x0000000000008000 xrw
*default*        0x0000000000000000 0xffffffffffffffff

Linker script and memory map

LOAD /opt/gcc-arm-none-eabi-10.3-2021.10/bin/../lib/gcc/arm-none-eabi/10.3.1/thumb/v7e-m/nofp/crti.o
LOAD /opt/gcc-arm-none-eabi-10.3-2021.10/bin/../lib/gcc/arm-none-eabi/10.3.1/thumb/v7e-m/nofp/crtbegin.o
LOAD /opt/gcc-arm-none-eabi-10.3-2021.10/bin/../lib/gcc/arm-none-eabi/10.3.1/../../../../arm-none-eabi/lib/thumb/v7e-m/nofp/crt0.o
LOAD build/sfud.o
LOAD build/sfud_sfdp.o
LOAD build/sfud_port.o
LOAD build/lfs.o
LOAD build/lfs_util.o
LOAD build/lfs_port.o
LOAD build/system_stm32wlxx.o
LOAD build/stm32wlxx_hal_spi.o
LOAD build/stm32wlxx_hal_gpio.o
LOAD build/stm32wlxx_hal_wwdg.o
LOAD build/stm32wlxx_hal_comp.o
LOAD build/stm32wlxx_ll_i2c.o
LOAD build/stm32wlxx_ll_pwr.o
LOAD build/stm32wlxx_hal_exti.o
LOAD build/stm32wlxx_hal_cryp_ex.o
LOAD build/stm32wlxx_hal_rng_ex.o
LOAD build/stm32wlxx_hal_gtzc.o
LOAD build/stm32wlxx_ll_rtc.o
LOAD build/stm32wlxx_hal_cortex.o
LOAD build/stm32wlxx_hal_tim_ex.o
LOAD build/stm32wlxx_hal_smartcard_ex.o
LOAD build/stm32wlxx_hal_adc_ex.o
LOAD build/stm32wlxx_hal_dma.o
LOAD build/stm32wlxx_hal_hsem.o
LOAD build/stm32wlxx_hal_uart_ex.o
LOAD build/stm32wlxx_ll_pka.o
LOAD build/stm32wlxx_ll_crc.o
LOAD build/stm32wlxx_ll_utils.o
LOAD build/stm32wlxx_ll_usart.o
LOAD build/stm32wlxx_hal_dac.o
LOAD build/stm32wlxx_ll_lpuart.o
LOAD build/stm32wlxx_hal_rtc.o
LOAD build/stm32wlxx_hal_pwr.o
LOAD build/stm32wlxx_hal_pka.o
LOAD build/stm32wlxx_hal_i2c.o
LOAD build/stm32wlxx_hal_i2s.o
LOAD build/stm32wlxx_hal_subghz.o
LOAD build/stm32wlxx_hal_smartcard.o
LOAD build/stm32wlxx_hal_dma_ex.o
LOAD build/stm32wlxx_ll_spi.o
LOAD build/stm32wlxx_hal_spi_ex.o
LOAD build/stm32wlxx_hal_rcc.o
LOAD build/stm32wlxx_ll_dac.o
LOAD build/stm32wlxx_hal_dac_ex.o
LOAD build/stm32wlxx_ll_adc.o
LOAD build/stm32wlxx_hal_rtc_ex.o
LOAD build/stm32wlxx_hal_pwr_ex.o
LOAD build/stm32wlxx_hal_flash.o
LOAD build/stm32wlxx_hal_uart.o
LOAD build/stm32wlxx_ll_gpio.o
LOAD build/stm32wlxx_ll_comp.o
LOAD build/stm32wlxx_hal_i2c_ex.o
LOAD build/stm32wlxx_hal_crc.o
LOAD build/stm32wlxx_hal_smbus.o
LOAD build/stm32wlxx_hal_usart.o
LOAD build/stm32wlxx_ll_rng.o
LOAD build/stm32wlxx_ll_exti.o
LOAD build/stm32wlxx_hal_irda.o
LOAD build/stm32wlxx_ll_tim.o
LOAD build/stm32wlxx_hal_rcc_ex.o
LOAD build/stm32wlxx_hal_flash_ex.o
LOAD build/stm32wlxx_hal_ipcc.o
LOAD build/stm32wlxx_hal.o
LOAD build/stm32wlxx_hal_cryp.o
LOAD build/stm32wlxx_hal_rng.o
LOAD build/stm32wlxx_ll_lptim.o
LOAD build/stm32wlxx_ll_dma.o
LOAD build/stm32wlxx_hal_smbus_ex.o
LOAD build/stm32wlxx_hal_crc_ex.o
LOAD build/stm32wlxx_hal_tim.o
LOAD build/stm32wlxx_hal_usart_ex.o
LOAD build/stm32wlxx_hal_iwdg.o
LOAD build/stm32wlxx_ll_rcc.o
LOAD build/stm32wlxx_hal_adc.o
LOAD build/stm32wlxx_hal_lptim.o
LOAD build/board.o
LOAD build/system.o
LOAD build/stm32wlxx_it.o
LOAD build/spi.o
LOAD build/gpio.o
LOAD build/flash.o
LOAD build/main.o
LOAD build/startup_stm32wle5xx.o
LOAD /opt/gcc-arm-none-eabi-10.3-2021.10/bin/../lib/gcc/arm-none-eabi/10.3.1/../../../../arm-none-eabi/lib/thumb/v7e-m/nofp/libc_nano.a
LOAD /opt/gcc-arm-none-eabi-10.3-2021.10/bin/../lib/gcc/arm-none-eabi/10.3.1/../../../../arm-none-eabi/lib/thumb/v7e-m/nofp/libm.a
LOAD /opt/gcc-arm-none-eabi-10.3-2021.10/bin/../lib/gcc/arm-none-eabi/10.3.1/../../../../arm-none-eabi/lib/thumb/v7e-m/nofp/libnosys.a
START GROUP
LOAD /opt/gcc-arm-none-eabi-10.3-2021.10/bin/../lib/gcc/arm-none-eabi/10.3.1/thumb/v7e-m/nofp/libgcc.a
LOAD /opt/gcc-arm-none-eabi-10.3-2021.10/bin/../lib/gcc/arm-none-eabi/10.3.1/../../../../arm-none-eabi/lib/thumb/v7e-m/nofp/libc_nano.a
END GROUP
START GROUP
LOAD /opt/gcc-arm-none-eabi-10.3-2021.10/bin/../lib/gcc/arm-none-eabi/10.3.1/thumb/v7e-m/nofp/libgcc.a
LOAD /opt/gcc-arm-none-eabi-10.3-2021.10/bin/../lib/gcc/arm-none-eabi/10.3.1/../../../../arm-none-eabi/lib/thumb/v7e-m/nofp/libc_nano.a
END GROUP
LOAD /opt/gcc-arm-none-eabi-10.3-2021.10/bin/../lib/gcc/arm-none-eabi/10.3.1/thumb/v7e-m/nofp/crtend.o
LOAD /opt/gcc-arm-none-eabi-10.3-2021.10/bin/../lib/gcc/arm-none-eabi/10.3.1/thumb/v7e-m/nofp/crtn.o
                0x0000000020008000                _estack = (ORIGIN (RAM1) + LENGTH (RAM1))
                0x0000000000000200                _Min_Heap_Size = 0x200
                0x0000000000000400                _Min_Stack_Size = 0x400

.isr_vector     0x0000000008000000      0x138
                0x0000000008000000                . = ALIGN (0x8)
 *(.isr_vector)
 .isr_vector    0x0000000008000000      0x138 build/startup_stm32wle5xx.o
                0x0000000008000000                g_pfnVectors
                0x0000000008000138                . = ALIGN (0x8)

.text           0x0000000008000140     0x4c88
                0x0000000008000140                . = ALIGN (0x8)
 *(.text)
 .text          0x0000000008000140       0x40 /opt/gcc-arm-none-eabi-10.3-2021.10/bin/../lib/gcc/arm-none-eabi/10.3.1/thumb/v7e-m/nofp/crtbegin.o
 .text          0x0000000008000180       0xa0 /opt/gcc-arm-none-eabi-10.3-2021.10/bin/../lib/gcc/arm-none-eabi/10.3.1/../../../../arm-none-eabi/lib/thumb/v7e-m/nofp/libc_nano.a(lib_a-memchr.o)
                0x0000000008000180                memchr
 *(.text*)
 .text.make_adress_byte_array
                0x0000000008000220       0x50 build/sfud.o
 .text.sfud_read_status
                0x0000000008000270       0x5c build/sfud.o
                0x0000000008000270                sfud_read_status
 .text.wait_busy
                0x00000000080002cc       0x3c build/sfud.o
 .text.sfud_read
                0x0000000008000308       0xd8 build/sfud.o
                0x0000000008000308                sfud_read
 .text.set_write_enabled
                0x00000000080003e0       0x80 build/sfud.o
 .text.sfud_chip_erase
                0x0000000008000460       0xc4 build/sfud.o
                0x0000000008000460                sfud_chip_erase
 .text.sfud_erase
                0x0000000008000524      0x13c build/sfud.o
                0x0000000008000524                sfud_erase
 .text.page256_or_1_byte_write
                0x0000000008000660      0x144 build/sfud.o
 .text.sfud_write
                0x00000000080007a4      0x180 build/sfud.o
                0x00000000080007a4                sfud_write
 .text.sfud_write_status
                0x0000000008000924       0x80 build/sfud.o
                0x0000000008000924                sfud_write_status
 .text.sfud_device_init
                0x00000000080009a4      0x2cc build/sfud.o
                0x00000000080009a4                sfud_device_init
 .text.sfud_init
                0x0000000008000c70       0x3c build/sfud.o
                0x0000000008000c70                sfud_init
 .text.read_sfdp_data
                0x0000000008000cac       0x90 build/sfud_sfdp.o
 .text.sfud_read_sfdp
                0x0000000008000d3c      0x3d8 build/sfud_sfdp.o
                0x0000000008000d3c                sfud_read_sfdp
 .text.sfud_sfdp_get_suitable_eraser
                0x0000000008001114       0x60 build/sfud_sfdp.o
                0x0000000008001114                sfud_sfdp_get_suitable_eraser
 .text.spi_lock
                0x0000000008001174        0x4 build/sfud_port.o
 .text.spi_unlock
                0x0000000008001178        0x4 build/sfud_port.o
 .text.retry_delay_100us
                0x000000000800117c        0x2 build/sfud_port.o
 *fill*         0x000000000800117e        0x2 
 .text.sfud_spi_port_init
                0x0000000008001180       0x38 build/sfud_port.o
                0x0000000008001180                sfud_spi_port_init
 .text.sfud_log_debug
                0x00000000080011b8       0x44 build/sfud_port.o
                0x00000000080011b8                sfud_log_debug
 .text.spi_write_read
                0x00000000080011fc       0x98 build/sfud_port.o
 .text.sfud_log_info
                0x0000000008001294       0x40 build/sfud_port.o
                0x0000000008001294                sfud_log_info
 .text.lfs_pair_isnull
                0x00000000080012d4       0x14 build/lfs.o
 .text.lfs_pair_cmp
                0x00000000080012e8       0x22 build/lfs.o
 .text.lfs_tag_dsize
                0x000000000800130a       0x14 build/lfs.o
 .text.lfs_gstate_xor
                0x000000000800131e       0x1c build/lfs.o
 .text.lfs_gstate_iszero
                0x000000000800133a       0x18 build/lfs.o
 .text.lfs_gstate_hasmovehere
                0x0000000008001352       0x1c build/lfs.o
 .text.lfs_deinit
                0x000000000800136e       0x2c build/lfs.o
 *fill*         0x000000000800139a        0x2 
 .text.lfs_bd_read
                0x000000000800139c      0x188 build/lfs.o
 .text.lfs_dir_getslice
                0x0000000008001524      0x124 build/lfs.o
 .text.lfs_dir_get
                0x0000000008001648       0x18 build/lfs.o
 .text.lfs_dir_getgstate
                0x0000000008001660       0x34 build/lfs.o
 .text.lfs_dir_fetchmatch
                0x0000000008001694      0x3f4 build/lfs.o
 .text.lfs_bd_cmp.constprop.0
                0x0000000008001a88       0x62 build/lfs.o
 .text.lfs_dir_find_match
                0x0000000008001aea       0x3a build/lfs.o
 .text.lfs_cache_zero.isra.0
                0x0000000008001b24       0x16 build/lfs.o
 *fill*         0x0000000008001b3a        0x2 
 .text.lfs_init
                0x0000000008001b3c      0x1e0 build/lfs.o
 .text.lfs_unmount
                0x0000000008001d1c        0x4 build/lfs.o
                0x0000000008001d1c                lfs_unmount
 .text.lfs_mount
                0x0000000008001d20      0x204 build/lfs.o
                0x0000000008001d20                lfs_mount
 .text.lfs_crc  0x0000000008001f24       0x38 build/lfs_util.o
                0x0000000008001f24                lfs_crc
 .text.LFS_Init
                0x0000000008001f5c       0x24 build/lfs_port.o
                0x0000000008001f5c                LFS_Init
 .text.SystemInit
                0x0000000008001f80        0x2 build/system_stm32wlxx.o
                0x0000000008001f80                SystemInit
 *fill*         0x0000000008001f82        0x2 
 .text.SPI_WaitFlagStateUntilTimeout
                0x0000000008001f84       0xb8 build/stm32wlxx_hal_spi.o
 .text.SPI_WaitFifoStateUntilTimeout
                0x000000000800203c       0xd8 build/stm32wlxx_hal_spi.o
 .text.SPI_EndRxTransaction
                0x0000000008002114       0x76 build/stm32wlxx_hal_spi.o
 .text.SPI_EndRxTxTransaction
                0x000000000800218a       0x4e build/stm32wlxx_hal_spi.o
 .text.HAL_SPI_Init
                0x00000000080021d8      0x10e build/stm32wlxx_hal_spi.o
                0x00000000080021d8                HAL_SPI_Init
 .text.HAL_SPI_Transmit
                0x00000000080022e6      0x1b8 build/stm32wlxx_hal_spi.o
                0x00000000080022e6                HAL_SPI_Transmit
 .text.HAL_SPI_TransmitReceive
                0x000000000800249e      0x38c build/stm32wlxx_hal_spi.o
                0x000000000800249e                HAL_SPI_TransmitReceive
 .text.HAL_SPI_Receive
                0x000000000800282a      0x248 build/stm32wlxx_hal_spi.o
                0x000000000800282a                HAL_SPI_Receive
 *fill*         0x0000000008002a72        0x2 
 .text.HAL_GPIO_Init
                0x0000000008002a74      0x158 build/stm32wlxx_hal_gpio.o
                0x0000000008002a74                HAL_GPIO_Init
 .text.HAL_GPIO_WritePin
                0x0000000008002bcc        0xa build/stm32wlxx_hal_gpio.o
                0x0000000008002bcc                HAL_GPIO_WritePin
 *fill*         0x0000000008002bd6        0x2 
 .text.HAL_NVIC_SetPriorityGrouping
                0x0000000008002bd8       0x24 build/stm32wlxx_hal_cortex.o
                0x0000000008002bd8                HAL_NVIC_SetPriorityGrouping
 .text.HAL_NVIC_SetPriority
                0x0000000008002bfc       0x64 build/stm32wlxx_hal_cortex.o
                0x0000000008002bfc                HAL_NVIC_SetPriority
 .text.HAL_SYSTICK_Config
                0x0000000008002c60       0x28 build/stm32wlxx_hal_cortex.o
                0x0000000008002c60                HAL_SYSTICK_Config
 .text.HAL_PWR_EnableBkUpAccess
                0x0000000008002c88       0x10 build/stm32wlxx_hal_pwr.o
                0x0000000008002c88                HAL_PWR_EnableBkUpAccess
 .text.LL_RCC_HSE_IsReady
                0x0000000008002c98        0xc build/stm32wlxx_hal_rcc.o
 .text.LL_RCC_HSI_IsReady
                0x0000000008002ca4        0xc build/stm32wlxx_hal_rcc.o
 .text.LL_RCC_MSI_IsReady
                0x0000000008002cb0        0xc build/stm32wlxx_hal_rcc.o
 .text.LL_RCC_MSI_SetCalibTrimming
                0x0000000008002cbc       0x12 build/stm32wlxx_hal_rcc.o
 .text.LL_RCC_PLL_IsReady
                0x0000000008002cce        0xc build/stm32wlxx_hal_rcc.o
 *fill*         0x0000000008002cda        0x2 
 .text.RCC_SetFlashLatencyFromMSIRange
                0x0000000008002cdc       0xd4 build/stm32wlxx_hal_rcc.o
 .text.HAL_RCC_GetSysClockFreq
                0x0000000008002db0       0xdc build/stm32wlxx_hal_rcc.o
                0x0000000008002db0                HAL_RCC_GetSysClockFreq
 .text.HAL_RCC_GetHCLKFreq
                0x0000000008002e8c       0x20 build/stm32wlxx_hal_rcc.o
                0x0000000008002e8c                HAL_RCC_GetHCLKFreq
 .text.HAL_RCC_OscConfig
                0x0000000008002eac      0x540 build/stm32wlxx_hal_rcc.o
                0x0000000008002eac                HAL_RCC_OscConfig
 .text.HAL_RCC_ClockConfig
                0x00000000080033ec      0x1bc build/stm32wlxx_hal_rcc.o
                0x00000000080033ec                HAL_RCC_ClockConfig
 .text.HAL_PWREx_GetVoltageRange
                0x00000000080035a8       0x10 build/stm32wlxx_hal_pwr_ex.o
                0x00000000080035a8                HAL_PWREx_GetVoltageRange
 .text.HAL_InitTick
                0x00000000080035b8       0x4c build/stm32wlxx_hal.o
                0x00000000080035b8                HAL_InitTick
 .text.HAL_Init
                0x0000000008003604       0x2c build/stm32wlxx_hal.o
                0x0000000008003604                HAL_Init
 .text.HAL_IncTick
                0x0000000008003630       0x18 build/stm32wlxx_hal.o
                0x0000000008003630                HAL_IncTick
 .text.HAL_GetTick
                0x0000000008003648        0xc build/stm32wlxx_hal.o
                0x0000000008003648                HAL_GetTick
 .text.boot_init
                0x0000000008003654       0x16 build/board.o
                0x0000000008003654                boot_init
 .text.Error_Handler
                0x000000000800366a        0x4 build/board.o
                0x000000000800366a                Error_Handler
 *fill*         0x000000000800366e        0x2 
 .text.SystemClock_Config
                0x0000000008003670       0x94 build/system.o
                0x0000000008003670                SystemClock_Config
 .text.HAL_MspInit
                0x0000000008003704        0x2 build/system.o
                0x0000000008003704                HAL_MspInit
 .text.NMI_Handler
                0x0000000008003706        0x2 build/stm32wlxx_it.o
                0x0000000008003706                NMI_Handler
 .text.HardFault_Handler
                0x0000000008003708        0x2 build/stm32wlxx_it.o
                0x0000000008003708                HardFault_Handler
 .text.MemManage_Handler
                0x000000000800370a        0x2 build/stm32wlxx_it.o
                0x000000000800370a                MemManage_Handler
 .text.BusFault_Handler
                0x000000000800370c        0x2 build/stm32wlxx_it.o
                0x000000000800370c                BusFault_Handler
 .text.UsageFault_Handler
                0x000000000800370e        0x2 build/stm32wlxx_it.o
                0x000000000800370e                UsageFault_Handler
 .text.SVC_Handler
                0x0000000008003710        0x2 build/stm32wlxx_it.o
                0x0000000008003710                SVC_Handler
 .text.DebugMon_Handler
                0x0000000008003712        0x2 build/stm32wlxx_it.o
                0x0000000008003712                DebugMon_Handler
 .text.PendSV_Handler
                0x0000000008003714        0x2 build/stm32wlxx_it.o
                0x0000000008003714                PendSV_Handler
 .text.SysTick_Handler
                0x0000000008003716        0x4 build/stm32wlxx_it.o
                0x0000000008003716                SysTick_Handler
 *fill*         0x000000000800371a        0x2 
 .text.MX_SPI1_Init
                0x000000000800371c       0x4c build/spi.o
                0x000000000800371c                MX_SPI1_Init
 .text.HAL_SPI_MspInit
                0x0000000008003768       0x8c build/spi.o
                0x0000000008003768                HAL_SPI_MspInit
 .text.MX_GPIO_Init
                0x00000000080037f4       0x2e build/gpio.o
                0x00000000080037f4                MX_GPIO_Init
 .text.startup.main
                0x0000000008003822       0x12 build/main.o
                0x0000000008003822                main
 .text.Reset_Handler
                0x0000000008003834       0x50 build/startup_stm32wle5xx.o
                0x0000000008003834                Reset_Handler
 .text.Default_Handler
                0x0000000008003884        0x2 build/startup_stm32wle5xx.o
                0x0000000008003884                RTC_Alarm_IRQHandler
                0x0000000008003884                EXTI2_IRQHandler
                0x0000000008003884                TIM1_CC_IRQHandler
                0x0000000008003884                EXTI3_IRQHandler
                0x0000000008003884                LPTIM2_IRQHandler
                0x0000000008003884                I2C3_ER_IRQHandler
                0x0000000008003884                LPTIM3_IRQHandler
                0x0000000008003884                EXTI0_IRQHandler
                0x0000000008003884                I2C2_EV_IRQHandler
                0x0000000008003884                TAMP_STAMP_LSECSS_SSRU_IRQHandler
                0x0000000008003884                SPI1_IRQHandler
                0x0000000008003884                DMA2_Channel2_IRQHandler
                0x0000000008003884                DMA1_Channel4_IRQHandler
                0x0000000008003884                PKA_IRQHandler
                0x0000000008003884                TIM17_IRQHandler
                0x0000000008003884                DMA1_Channel7_IRQHandler
                0x0000000008003884                SUBGHZSPI_IRQHandler
                0x0000000008003884                DMA2_Channel1_IRQHandler
                0x0000000008003884                I2C1_EV_IRQHandler
                0x0000000008003884                SUBGHZ_Radio_IRQHandler
                0x0000000008003884                DMAMUX1_OVR_IRQHandler
                0x0000000008003884                DMA1_Channel6_IRQHandler
                0x0000000008003884                TIM16_IRQHandler
                0x0000000008003884                DMA2_Channel4_IRQHandler
                0x0000000008003884                RCC_IRQHandler
                0x0000000008003884                TIM1_TRG_COM_IRQHandler
                0x0000000008003884                DMA1_Channel1_IRQHandler
                0x0000000008003884                Default_Handler
                0x0000000008003884                DMA2_Channel7_IRQHandler
                0x0000000008003884                EXTI15_10_IRQHandler
                0x0000000008003884                ADC_IRQHandler
                0x0000000008003884                I2C3_EV_IRQHandler
                0x0000000008003884                EXTI9_5_IRQHandler
                0x0000000008003884                RTC_WKUP_IRQHandler
                0x0000000008003884                PVD_PVM_IRQHandler
                0x0000000008003884                SPI2_IRQHandler
                0x0000000008003884                DMA2_Channel5_IRQHandler
                0x0000000008003884                DMA1_Channel5_IRQHandler
                0x0000000008003884                EXTI4_IRQHandler
                0x0000000008003884                RNG_IRQHandler
                0x0000000008003884                DMA1_Channel3_IRQHandler
                0x0000000008003884                COMP_IRQHandler
                0x0000000008003884                HSEM_IRQHandler
                0x0000000008003884                TIM1_UP_IRQHandler
                0x0000000008003884                WWDG_IRQHandler
                0x0000000008003884                LPUART1_IRQHandler
                0x0000000008003884                DMA2_Channel6_IRQHandler
                0x0000000008003884                TIM2_IRQHandler
                0x0000000008003884                TIM1_BRK_IRQHandler
                0x0000000008003884                DAC_IRQHandler
                0x0000000008003884                EXTI1_IRQHandler
                0x0000000008003884                AES_IRQHandler
                0x0000000008003884                USART2_IRQHandler
                0x0000000008003884                I2C2_ER_IRQHandler
                0x0000000008003884                DMA1_Channel2_IRQHandler
                0x0000000008003884                FLASH_IRQHandler
                0x0000000008003884                USART1_IRQHandler
                0x0000000008003884                I2C1_ER_IRQHandler
                0x0000000008003884                LPTIM1_IRQHandler
                0x0000000008003884                DMA2_Channel3_IRQHandler
 *fill*         0x0000000008003886        0x2 
 .text.__assert_func
                0x0000000008003888       0x3c /opt/gcc-arm-none-eabi-10.3-2021.10/bin/../lib/gcc/arm-none-eabi/10.3.1/../../../../arm-none-eabi/lib/thumb/v7e-m/nofp/libc_nano.a(lib_a-assert.o)
                0x0000000008003888                __assert_func
 .text.fprintf  0x00000000080038c4       0x24 /opt/gcc-arm-none-eabi-10.3-2021.10/bin/../lib/gcc/arm-none-eabi/10.3.1/../../../../arm-none-eabi/lib/thumb/v7e-m/nofp/libc_nano.a(lib_a-fprintf.o)
                0x00000000080038c4                fprintf
                0x00000000080038c4                fiprintf
 .text.__libc_init_array
                0x00000000080038e8       0x48 /opt/gcc-arm-none-eabi-10.3-2021.10/bin/../lib/gcc/arm-none-eabi/10.3.1/../../../../arm-none-eabi/lib/thumb/v7e-m/nofp/libc_nano.a(lib_a-init.o)
                0x00000000080038e8                __libc_init_array
 .text.malloc   0x0000000008003930       0x10 /opt/gcc-arm-none-eabi-10.3-2021.10/bin/../lib/gcc/arm-none-eabi/10.3.1/../../../../arm-none-eabi/lib/thumb/v7e-m/nofp/libc_nano.a(lib_a-malloc.o)
                0x0000000008003930                malloc
 .text.free     0x0000000008003940       0x10 /opt/gcc-arm-none-eabi-10.3-2021.10/bin/../lib/gcc/arm-none-eabi/10.3.1/../../../../arm-none-eabi/lib/thumb/v7e-m/nofp/libc_nano.a(lib_a-malloc.o)
                0x0000000008003940                free
 .text.memcmp   0x0000000008003950       0x20 /opt/gcc-arm-none-eabi-10.3-2021.10/bin/../lib/gcc/arm-none-eabi/10.3.1/../../../../arm-none-eabi/lib/thumb/v7e-m/nofp/libc_nano.a(lib_a-memcmp.o)
                0x0000000008003950                memcmp
 .text.memcpy   0x0000000008003970       0x1c /opt/gcc-arm-none-eabi-10.3-2021.10/bin/../lib/gcc/arm-none-eabi/10.3.1/../../../../arm-none-eabi/lib/thumb/v7e-m/nofp/libc_nano.a(lib_a-memcpy-stub.o)
                0x0000000008003970                memcpy
 .text.memset   0x000000000800398c       0x10 /opt/gcc-arm-none-eabi-10.3-2021.10/bin/../lib/gcc/arm-none-eabi/10.3.1/../../../../arm-none-eabi/lib/thumb/v7e-m/nofp/libc_nano.a(lib_a-memset.o)
                0x000000000800398c                memset
 .text._free_r  0x000000000800399c       0x94 /opt/gcc-arm-none-eabi-10.3-2021.10/bin/../lib/gcc/arm-none-eabi/10.3.1/../../../../arm-none-eabi/lib/thumb/v7e-m/nofp/libc_nano.a(lib_a-nano-freer.o)
                0x000000000800399c                _free_r
 .text.sbrk_aligned
                0x0000000008003a30       0x40 /opt/gcc-arm-none-eabi-10.3-2021.10/bin/../lib/gcc/arm-none-eabi/10.3.1/../../../../arm-none-eabi/lib/thumb/v7e-m/nofp/libc_nano.a(lib_a-nano-mallocr.o)
 .text._malloc_r
                0x0000000008003a70       0xe8 /opt/gcc-arm-none-eabi-10.3-2021.10/bin/../lib/gcc/arm-none-eabi/10.3.1/../../../../arm-none-eabi/lib/thumb/v7e-m/nofp/libc_nano.a(lib_a-nano-mallocr.o)
                0x0000000008003a70                _malloc_r
 .text.__sfputc_r
                0x0000000008003b58       0x2a /opt/gcc-arm-none-eabi-10.3-2021.10/bin/../lib/gcc/arm-none-eabi/10.3.1/../../../../arm-none-eabi/lib/thumb/v7e-m/nofp/libc_nano.a(lib_a-nano-vfprintf.o)
 .text.__sfputs_r
                0x0000000008003b82       0x24 /opt/gcc-arm-none-eabi-10.3-2021.10/bin/../lib/gcc/arm-none-eabi/10.3.1/../../../../arm-none-eabi/lib/thumb/v7e-m/nofp/libc_nano.a(lib_a-nano-vfprintf.o)
                0x0000000008003b82                __sfputs_r
 *fill*         0x0000000008003ba6        0x2 
 .text._vfprintf_r
                0x0000000008003ba8      0x260 /opt/gcc-arm-none-eabi-10.3-2021.10/bin/../lib/gcc/arm-none-eabi/10.3.1/../../../../arm-none-eabi/lib/thumb/v7e-m/nofp/libc_nano.a(lib_a-nano-vfprintf.o)
                0x0000000008003ba8                _vfiprintf_r
                0x0000000008003ba8                _vfprintf_r
 .text._printf_common
                0x0000000008003e08       0xda /opt/gcc-arm-none-eabi-10.3-2021.10/bin/../lib/gcc/arm-none-eabi/10.3.1/../../../../arm-none-eabi/lib/thumb/v7e-m/nofp/libc_nano.a(lib_a-nano-vfprintf_i.o)
                0x0000000008003e08                _printf_common
 *fill*         0x0000000008003ee2        0x2 
 .text._printf_i
                0x0000000008003ee4      0x24c /opt/gcc-arm-none-eabi-10.3-2021.10/bin/../lib/gcc/arm-none-eabi/10.3.1/../../../../arm-none-eabi/lib/thumb/v7e-m/nofp/libc_nano.a(lib_a-nano-vfprintf_i.o)
                0x0000000008003ee4                _printf_i
 .text.printf   0x0000000008004130       0x30 /opt/gcc-arm-none-eabi-10.3-2021.10/bin/../lib/gcc/arm-none-eabi/10.3.1/../../../../arm-none-eabi/lib/thumb/v7e-m/nofp/libc_nano.a(lib_a-printf.o)
                0x0000000008004130                printf
                0x0000000008004130                iprintf
 .text._sbrk_r  0x0000000008004160       0x20 /opt/gcc-arm-none-eabi-10.3-2021.10/bin/../lib/gcc/arm-none-eabi/10.3.1/../../../../arm-none-eabi/lib/thumb/v7e-m/nofp/libc_nano.a(lib_a-sbrkr.o)
                0x0000000008004160                _sbrk_r
 .text._vsnprintf_r
                0x0000000008004180       0x56 /opt/gcc-arm-none-eabi-10.3-2021.10/bin/../lib/gcc/arm-none-eabi/10.3.1/../../../../arm-none-eabi/lib/thumb/v7e-m/nofp/libc_nano.a(lib_a-vsnprintf.o)
                0x0000000008004180                _vsnprintf_r
                0x0000000008004180                _vsniprintf_r
 *fill*         0x00000000080041d6        0x2 
 .text.vsnprintf
                0x00000000080041d8       0x1c /opt/gcc-arm-none-eabi-10.3-2021.10/bin/../lib/gcc/arm-none-eabi/10.3.1/../../../../arm-none-eabi/lib/thumb/v7e-m/nofp/libc_nano.a(lib_a-vsnprintf.o)
                0x00000000080041d8                vsnprintf
                0x00000000080041d8                vsniprintf
 .text.__swbuf_r
                0x00000000080041f4       0xa4 /opt/gcc-arm-none-eabi-10.3-2021.10/bin/../lib/gcc/arm-none-eabi/10.3.1/../../../../arm-none-eabi/lib/thumb/v7e-m/nofp/libc_nano.a(lib_a-wbuf.o)
                0x00000000080041f4                __swbuf_r
 .text.__swsetup_r
                0x0000000008004298       0xdc /opt/gcc-arm-none-eabi-10.3-2021.10/bin/../lib/gcc/arm-none-eabi/10.3.1/../../../../arm-none-eabi/lib/thumb/v7e-m/nofp/libc_nano.a(lib_a-wsetup.o)
                0x0000000008004298                __swsetup_r
 .text.abort    0x0000000008004374        0xe /opt/gcc-arm-none-eabi-10.3-2021.10/bin/../lib/gcc/arm-none-eabi/10.3.1/../../../../arm-none-eabi/lib/thumb/v7e-m/nofp/libc_nano.a(lib_a-abort.o)
                0x0000000008004374                abort
 *fill*         0x0000000008004382        0x2 
 .text.__sflush_r
                0x0000000008004384      0x104 /opt/gcc-arm-none-eabi-10.3-2021.10/bin/../lib/gcc/arm-none-eabi/10.3.1/../../../../arm-none-eabi/lib/thumb/v7e-m/nofp/libc_nano.a(lib_a-fflush.o)
                0x0000000008004384                __sflush_r
 .text._fflush_r
                0x0000000008004488       0x78 /opt/gcc-arm-none-eabi-10.3-2021.10/bin/../lib/gcc/arm-none-eabi/10.3.1/../../../../arm-none-eabi/lib/thumb/v7e-m/nofp/libc_nano.a(lib_a-fflush.o)
                0x0000000008004488                _fflush_r
 .text.std      0x0000000008004500       0x48 /opt/gcc-arm-none-eabi-10.3-2021.10/bin/../lib/gcc/arm-none-eabi/10.3.1/../../../../arm-none-eabi/lib/thumb/v7e-m/nofp/libc_nano.a(lib_a-findfp.o)
 .text._cleanup_r
                0x0000000008004548        0xc /opt/gcc-arm-none-eabi-10.3-2021.10/bin/../lib/gcc/arm-none-eabi/10.3.1/../../../../arm-none-eabi/lib/thumb/v7e-m/nofp/libc_nano.a(lib_a-findfp.o)
                0x0000000008004548                _cleanup_r
 .text.__sfmoreglue
                0x0000000008004554       0x2c /opt/gcc-arm-none-eabi-10.3-2021.10/bin/../lib/gcc/arm-none-eabi/10.3.1/../../../../arm-none-eabi/lib/thumb/v7e-m/nofp/libc_nano.a(lib_a-findfp.o)
                0x0000000008004554                __sfmoreglue
 .text.__sfp_lock_acquire
                0x0000000008004580        0xc /opt/gcc-arm-none-eabi-10.3-2021.10/bin/../lib/gcc/arm-none-eabi/10.3.1/../../../../arm-none-eabi/lib/thumb/v7e-m/nofp/libc_nano.a(lib_a-findfp.o)
                0x0000000008004580                __sfp_lock_acquire
 .text.__sfp_lock_release
                0x000000000800458c        0xc /opt/gcc-arm-none-eabi-10.3-2021.10/bin/../lib/gcc/arm-none-eabi/10.3.1/../../../../arm-none-eabi/lib/thumb/v7e-m/nofp/libc_nano.a(lib_a-findfp.o)
                0x000000000800458c                __sfp_lock_release
 .text.__sinit_lock_acquire
                0x0000000008004598        0xc /opt/gcc-arm-none-eabi-10.3-2021.10/bin/../lib/gcc/arm-none-eabi/10.3.1/../../../../arm-none-eabi/lib/thumb/v7e-m/nofp/libc_nano.a(lib_a-findfp.o)
                0x0000000008004598                __sinit_lock_acquire
 .text.__sinit_lock_release
                0x00000000080045a4        0xc /opt/gcc-arm-none-eabi-10.3-2021.10/bin/../lib/gcc/arm-none-eabi/10.3.1/../../../../arm-none-eabi/lib/thumb/v7e-m/nofp/libc_nano.a(lib_a-findfp.o)
                0x00000000080045a4                __sinit_lock_release
 .text.__sinit  0x00000000080045b0       0x70 /opt/gcc-arm-none-eabi-10.3-2021.10/bin/../lib/gcc/arm-none-eabi/10.3.1/../../../../arm-none-eabi/lib/thumb/v7e-m/nofp/libc_nano.a(lib_a-findfp.o)
                0x00000000080045b0                __sinit
 .text.__sfp    0x0000000008004620       0x8c /opt/gcc-arm-none-eabi-10.3-2021.10/bin/../lib/gcc/arm-none-eabi/10.3.1/../../../../arm-none-eabi/lib/thumb/v7e-m/nofp/libc_nano.a(lib_a-findfp.o)
                0x0000000008004620                __sfp
 .text._fwalk_reent
                0x00000000080046ac       0x3e /opt/gcc-arm-none-eabi-10.3-2021.10/bin/../lib/gcc/arm-none-eabi/10.3.1/../../../../arm-none-eabi/lib/thumb/v7e-m/nofp/libc_nano.a(lib_a-fwalk.o)
                0x00000000080046ac                _fwalk_reent
 .text.__retarget_lock_init_recursive
                0x00000000080046ea        0x2 /opt/gcc-arm-none-eabi-10.3-2021.10/bin/../lib/gcc/arm-none-eabi/10.3.1/../../../../arm-none-eabi/lib/thumb/v7e-m/nofp/libc_nano.a(lib_a-lock.o)
                0x00000000080046ea                __retarget_lock_init_recursive
 .text.__retarget_lock_acquire_recursive
                0x00000000080046ec        0x2 /opt/gcc-arm-none-eabi-10.3-2021.10/bin/../lib/gcc/arm-none-eabi/10.3.1/../../../../arm-none-eabi/lib/thumb/v7e-m/nofp/libc_nano.a(lib_a-lock.o)
                0x00000000080046ec                __retarget_lock_acquire_recursive
 .text.__retarget_lock_release_recursive
                0x00000000080046ee        0x2 /opt/gcc-arm-none-eabi-10.3-2021.10/bin/../lib/gcc/arm-none-eabi/10.3.1/../../../../arm-none-eabi/lib/thumb/v7e-m/nofp/libc_nano.a(lib_a-lock.o)
                0x00000000080046ee                __retarget_lock_release_recursive
 .text.__swhatbuf_r
                0x00000000080046f0       0x4a /opt/gcc-arm-none-eabi-10.3-2021.10/bin/../lib/gcc/arm-none-eabi/10.3.1/../../../../arm-none-eabi/lib/thumb/v7e-m/nofp/libc_nano.a(lib_a-makebuf.o)
                0x00000000080046f0                __swhatbuf_r
 *fill*         0x000000000800473a        0x2 
 .text.__smakebuf_r
                0x000000000800473c       0x80 /opt/gcc-arm-none-eabi-10.3-2021.10/bin/../lib/gcc/arm-none-eabi/10.3.1/../../../../arm-none-eabi/lib/thumb/v7e-m/nofp/libc_nano.a(lib_a-makebuf.o)
                0x000000000800473c                __smakebuf_r
 .text.memmove  0x00000000080047bc       0x34 /opt/gcc-arm-none-eabi-10.3-2021.10/bin/../lib/gcc/arm-none-eabi/10.3.1/../../../../arm-none-eabi/lib/thumb/v7e-m/nofp/libc_nano.a(lib_a-memmove.o)
                0x00000000080047bc                memmove
 .text.__malloc_lock
                0x00000000080047f0        0xc /opt/gcc-arm-none-eabi-10.3-2021.10/bin/../lib/gcc/arm-none-eabi/10.3.1/../../../../arm-none-eabi/lib/thumb/v7e-m/nofp/libc_nano.a(lib_a-mlock.o)
                0x00000000080047f0                __malloc_lock
 .text.__malloc_unlock
                0x00000000080047fc        0xc /opt/gcc-arm-none-eabi-10.3-2021.10/bin/../lib/gcc/arm-none-eabi/10.3.1/../../../../arm-none-eabi/lib/thumb/v7e-m/nofp/libc_nano.a(lib_a-mlock.o)
                0x00000000080047fc                __malloc_unlock
 .text._realloc_r
                0x0000000008004808       0x5e /opt/gcc-arm-none-eabi-10.3-2021.10/bin/../lib/gcc/arm-none-eabi/10.3.1/../../../../arm-none-eabi/lib/thumb/v7e-m/nofp/libc_nano.a(lib_a-nano-reallocr.o)
                0x0000000008004808                _realloc_r
 .text.__ssputs_r
                0x0000000008004866       0xb6 /opt/gcc-arm-none-eabi-10.3-2021.10/bin/../lib/gcc/arm-none-eabi/10.3.1/../../../../arm-none-eabi/lib/thumb/v7e-m/nofp/libc_nano.a(lib_a-nano-svfprintf.o)
                0x0000000008004866                __ssputs_r
 .text._svfprintf_r
                0x000000000800491c      0x200 /opt/gcc-arm-none-eabi-10.3-2021.10/bin/../lib/gcc/arm-none-eabi/10.3.1/../../../../arm-none-eabi/lib/thumb/v7e-m/nofp/libc_nano.a(lib_a-nano-svfprintf.o)
                0x000000000800491c                _svfprintf_r
                0x000000000800491c                _svfiprintf_r
 .text._raise_r
                0x0000000008004b1c       0x50 /opt/gcc-arm-none-eabi-10.3-2021.10/bin/../lib/gcc/arm-none-eabi/10.3.1/../../../../arm-none-eabi/lib/thumb/v7e-m/nofp/libc_nano.a(lib_a-signal.o)
                0x0000000008004b1c                _raise_r
 .text.raise    0x0000000008004b6c       0x10 /opt/gcc-arm-none-eabi-10.3-2021.10/bin/../lib/gcc/arm-none-eabi/10.3.1/../../../../arm-none-eabi/lib/thumb/v7e-m/nofp/libc_nano.a(lib_a-signal.o)
                0x0000000008004b6c                raise
 .text._kill_r  0x0000000008004b7c       0x24 /opt/gcc-arm-none-eabi-10.3-2021.10/bin/../lib/gcc/arm-none-eabi/10.3.1/../../../../arm-none-eabi/lib/thumb/v7e-m/nofp/libc_nano.a(lib_a-signalr.o)
                0x0000000008004b7c                _kill_r
 .text._getpid_r
                0x0000000008004ba0        0x4 /opt/gcc-arm-none-eabi-10.3-2021.10/bin/../lib/gcc/arm-none-eabi/10.3.1/../../../../arm-none-eabi/lib/thumb/v7e-m/nofp/libc_nano.a(lib_a-signalr.o)
                0x0000000008004ba0                _getpid_r
 .text.__sread  0x0000000008004ba4       0x22 /opt/gcc-arm-none-eabi-10.3-2021.10/bin/../lib/gcc/arm-none-eabi/10.3.1/../../../../arm-none-eabi/lib/thumb/v7e-m/nofp/libc_nano.a(lib_a-stdio.o)
                0x0000000008004ba4                __sread
 .text.__swrite
                0x0000000008004bc6       0x38 /opt/gcc-arm-none-eabi-10.3-2021.10/bin/../lib/gcc/arm-none-eabi/10.3.1/../../../../arm-none-eabi/lib/thumb/v7e-m/nofp/libc_nano.a(lib_a-stdio.o)
                0x0000000008004bc6                __swrite
 .text.__sseek  0x0000000008004bfe       0x24 /opt/gcc-arm-none-eabi-10.3-2021.10/bin/../lib/gcc/arm-none-eabi/10.3.1/../../../../arm-none-eabi/lib/thumb/v7e-m/nofp/libc_nano.a(lib_a-stdio.o)
                0x0000000008004bfe                __sseek
 .text.__sclose
                0x0000000008004c22        0x8 /opt/gcc-arm-none-eabi-10.3-2021.10/bin/../lib/gcc/arm-none-eabi/10.3.1/../../../../arm-none-eabi/lib/thumb/v7e-m/nofp/libc_nano.a(lib_a-stdio.o)
                0x0000000008004c22                __sclose
 *fill*         0x0000000008004c2a        0x2 
 .text._write_r
                0x0000000008004c2c       0x24 /opt/gcc-arm-none-eabi-10.3-2021.10/bin/../lib/gcc/arm-none-eabi/10.3.1/../../../../arm-none-eabi/lib/thumb/v7e-m/nofp/libc_nano.a(lib_a-writer.o)
                0x0000000008004c2c                _write_r
 .text._close_r
                0x0000000008004c50       0x20 /opt/gcc-arm-none-eabi-10.3-2021.10/bin/../lib/gcc/arm-none-eabi/10.3.1/../../../../arm-none-eabi/lib/thumb/v7e-m/nofp/libc_nano.a(lib_a-closer.o)
                0x0000000008004c50                _close_r
 .text._fstat_r
                0x0000000008004c70       0x24 /opt/gcc-arm-none-eabi-10.3-2021.10/bin/../lib/gcc/arm-none-eabi/10.3.1/../../../../arm-none-eabi/lib/thumb/v7e-m/nofp/libc_nano.a(lib_a-fstatr.o)
                0x0000000008004c70                _fstat_r
 .text._isatty_r
                0x0000000008004c94       0x20 /opt/gcc-arm-none-eabi-10.3-2021.10/bin/../lib/gcc/arm-none-eabi/10.3.1/../../../../arm-none-eabi/lib/thumb/v7e-m/nofp/libc_nano.a(lib_a-isattyr.o)
                0x0000000008004c94                _isatty_r
 .text._lseek_r
                0x0000000008004cb4       0x24 /opt/gcc-arm-none-eabi-10.3-2021.10/bin/../lib/gcc/arm-none-eabi/10.3.1/../../../../arm-none-eabi/lib/thumb/v7e-m/nofp/libc_nano.a(lib_a-lseekr.o)
                0x0000000008004cb4                _lseek_r
 .text._malloc_usable_size_r
                0x0000000008004cd8       0x10 /opt/gcc-arm-none-eabi-10.3-2021.10/bin/../lib/gcc/arm-none-eabi/10.3.1/../../../../arm-none-eabi/lib/thumb/v7e-m/nofp/libc_nano.a(lib_a-nano-msizer.o)
                0x0000000008004cd8                _malloc_usable_size_r
 .text._read_r  0x0000000008004ce8       0x24 /opt/gcc-arm-none-eabi-10.3-2021.10/bin/../lib/gcc/arm-none-eabi/10.3.1/../../../../arm-none-eabi/lib/thumb/v7e-m/nofp/libc_nano.a(lib_a-readr.o)
                0x0000000008004ce8                _read_r
 .text._close   0x0000000008004d0c       0x10 /opt/gcc-arm-none-eabi-10.3-2021.10/bin/../lib/gcc/arm-none-eabi/10.3.1/../../../../arm-none-eabi/lib/thumb/v7e-m/nofp/libnosys.a(close.o)
                0x0000000008004d0c                _close
 .text._fstat   0x0000000008004d1c       0x10 /opt/gcc-arm-none-eabi-10.3-2021.10/bin/../lib/gcc/arm-none-eabi/10.3.1/../../../../arm-none-eabi/lib/thumb/v7e-m/nofp/libnosys.a(fstat.o)
                0x0000000008004d1c                _fstat
 .text._getpid  0x0000000008004d2c       0x10 /opt/gcc-arm-none-eabi-10.3-2021.10/bin/../lib/gcc/arm-none-eabi/10.3.1/../../../../arm-none-eabi/lib/thumb/v7e-m/nofp/libnosys.a(getpid.o)
                0x0000000008004d2c                _getpid
 .text._isatty  0x0000000008004d3c       0x10 /opt/gcc-arm-none-eabi-10.3-2021.10/bin/../lib/gcc/arm-none-eabi/10.3.1/../../../../arm-none-eabi/lib/thumb/v7e-m/nofp/libnosys.a(isatty.o)
                0x0000000008004d3c                _isatty
 .text._kill    0x0000000008004d4c       0x10 /opt/gcc-arm-none-eabi-10.3-2021.10/bin/../lib/gcc/arm-none-eabi/10.3.1/../../../../arm-none-eabi/lib/thumb/v7e-m/nofp/libnosys.a(kill.o)
                0x0000000008004d4c                _kill
 .text._lseek   0x0000000008004d5c       0x10 /opt/gcc-arm-none-eabi-10.3-2021.10/bin/../lib/gcc/arm-none-eabi/10.3.1/../../../../arm-none-eabi/lib/thumb/v7e-m/nofp/libnosys.a(lseek.o)
                0x0000000008004d5c                _lseek
 .text._read    0x0000000008004d6c       0x10 /opt/gcc-arm-none-eabi-10.3-2021.10/bin/../lib/gcc/arm-none-eabi/10.3.1/../../../../arm-none-eabi/lib/thumb/v7e-m/nofp/libnosys.a(read.o)
                0x0000000008004d6c                _read
 .text._sbrk    0x0000000008004d7c       0x1c /opt/gcc-arm-none-eabi-10.3-2021.10/bin/../lib/gcc/arm-none-eabi/10.3.1/../../../../arm-none-eabi/lib/thumb/v7e-m/nofp/libnosys.a(sbrk.o)
                0x0000000008004d7c                _sbrk
 .text._write   0x0000000008004d98       0x10 /opt/gcc-arm-none-eabi-10.3-2021.10/bin/../lib/gcc/arm-none-eabi/10.3.1/../../../../arm-none-eabi/lib/thumb/v7e-m/nofp/libnosys.a(write.o)
                0x0000000008004d98                _write
 .text._exit    0x0000000008004da8        0x4 /opt/gcc-arm-none-eabi-10.3-2021.10/bin/../lib/gcc/arm-none-eabi/10.3.1/../../../../arm-none-eabi/lib/thumb/v7e-m/nofp/libnosys.a(_exit.o)
                0x0000000008004da8                _exit
 *(.glue_7)
 .glue_7        0x0000000008004dac        0x0 linker stubs
 *(.glue_7t)
 .glue_7t       0x0000000008004dac        0x0 linker stubs
 *(.eh_frame)
 .eh_frame      0x0000000008004dac        0x0 /opt/gcc-arm-none-eabi-10.3-2021.10/bin/../lib/gcc/arm-none-eabi/10.3.1/thumb/v7e-m/nofp/crtbegin.o
 *(.init)
 .init          0x0000000008004dac        0x4 /opt/gcc-arm-none-eabi-10.3-2021.10/bin/../lib/gcc/arm-none-eabi/10.3.1/thumb/v7e-m/nofp/crti.o
                0x0000000008004dac                _init
 .init          0x0000000008004db0        0x8 /opt/gcc-arm-none-eabi-10.3-2021.10/bin/../lib/gcc/arm-none-eabi/10.3.1/thumb/v7e-m/nofp/crtn.o
 *(.fini)
 .fini          0x0000000008004db8        0x4 /opt/gcc-arm-none-eabi-10.3-2021.10/bin/../lib/gcc/arm-none-eabi/10.3.1/thumb/v7e-m/nofp/crti.o
                0x0000000008004db8                _fini
 .fini          0x0000000008004dbc        0x8 /opt/gcc-arm-none-eabi-10.3-2021.10/bin/../lib/gcc/arm-none-eabi/10.3.1/thumb/v7e-m/nofp/crtn.o
                0x0000000008004dc8                . = ALIGN (0x8)
 *fill*         0x0000000008004dc4        0x4 
                0x0000000008004dc8                _etext = .

.vfp11_veneer   0x0000000008004dc8        0x0
 .vfp11_veneer  0x0000000008004dc8        0x0 linker stubs

.v4_bx          0x0000000008004dc8        0x0
 .v4_bx         0x0000000008004dc8        0x0 linker stubs

.iplt           0x0000000008004dc8        0x0
 .iplt          0x0000000008004dc8        0x0 /opt/gcc-arm-none-eabi-10.3-2021.10/bin/../lib/gcc/arm-none-eabi/10.3.1/thumb/v7e-m/nofp/crtbegin.o

.rodata         0x0000000008004dc8     0x1700
                0x0000000008004dc8                . = ALIGN (0x8)
 *(.rodata)
 .rodata        0x0000000008004dc8        0x8 build/lfs.o
 .rodata        0x0000000008004dd0        0xc build/stm32wlxx_hal_rcc.o
 *(.rodata*)
 .rodata.make_adress_byte_array.str1.1
                0x0000000008004ddc       0x43 build/sfud.o
 .rodata.sfud_read_status.str1.1
                0x0000000008004e1f        0x7 build/sfud.o
 .rodata.wait_busy.str1.1
                0x0000000008004e26       0x25 build/sfud.o
 .rodata.sfud_read.str1.1
                0x0000000008004e4b       0x3a build/sfud.o
 .rodata.set_write_enabled.str1.1
                0x0000000008004e85       0x45 build/sfud.o
 .rodata.sfud_chip_erase.str1.1
                0x0000000008004eca       0x2f build/sfud.o
 .rodata.sfud_erase.str1.1
                0x0000000008004ef9       0x2a build/sfud.o
 .rodata.page256_or_1_byte_write.str1.1
                0x0000000008004f23       0x4f build/sfud.o
 .rodata.sfud_write_status.str1.1
                0x0000000008004f72       0x25 build/sfud.o
 .rodata.sfud_device_init.str1.1
                0x0000000008004f97      0x229 build/sfud.o
 .rodata.sfud_init.str1.1
                0x00000000080051c0       0x83 build/sfud.o
 .rodata.str1.1
                0x0000000008005243      0x169 build/sfud.o
 .rodata.__FUNCTION__.0
                0x00000000080053ac       0x12 build/sfud.o
 .rodata.__FUNCTION__.1
                0x00000000080053be       0x11 build/sfud.o
 .rodata.__FUNCTION__.10
                0x00000000080053cf       0x12 build/sfud.o
 .rodata.__FUNCTION__.15
                0x00000000080053e1        0xe build/sfud.o
 .rodata.__FUNCTION__.2
                0x00000000080053ef        0xa build/sfud.o
 .rodata.__FUNCTION__.4
                0x00000000080053f9       0x18 build/sfud.o
 .rodata.__FUNCTION__.5
                0x0000000008005411        0xb build/sfud.o
 .rodata.__FUNCTION__.6
                0x000000000800541c       0x10 build/sfud.o
 .rodata.__FUNCTION__.7
                0x000000000800542c       0x17 build/sfud.o
 .rodata.__FUNCTION__.8
                0x0000000008005443        0xa build/sfud.o
 *fill*         0x000000000800544d        0x3 
 .rodata.flash_chip_table
                0x0000000008005450      0x258 build/sfud.o
 .rodata.mf_table
                0x00000000080056a8       0x88 build/sfud.o
 .rodata.read_sfdp_data.str1.1
                0x0000000008005730       0x34 build/sfud_sfdp.o
                                         0x66 (size before relaxing)
 .rodata.sfud_read_sfdp.str1.1
                0x0000000008005764      0x682 build/sfud_sfdp.o
 .rodata.sfud_sfdp_get_suitable_eraser.str1.1
                0x0000000008005de6       0x16 build/sfud_sfdp.o
 .rodata.__FUNCTION__.0
                0x0000000008005dfc       0x1e build/sfud_sfdp.o
 .rodata.__FUNCTION__.3
                0x0000000008005e1a        0xf build/sfud_sfdp.o
 .rodata.__FUNCTION__.5
                0x0000000008005e29        0xf build/sfud_sfdp.o
 .rodata.sfud_log_debug.str1.1
                0x0000000008005e38       0x15 build/sfud_port.o
 .rodata.spi_write_read.str1.1
                0x0000000008005e4d       0x2f build/sfud_port.o
                                         0x4d (size before relaxing)
 .rodata.sfud_log_info.str1.1
                0x0000000008005e7c        0x7 build/sfud_port.o
 .rodata.__FUNCTION__.0
                0x0000000008005e83        0xf build/sfud_port.o
 .rodata.lfs_fs_preporphans.str1.1
                0x0000000008005e92       0x4b build/lfs.o
 .rodata.lfs_bd_read.str1.1
                0x0000000008005edd       0x27 build/lfs.o
 .rodata.lfs_dir_fetchmatch.str1.1
                0x0000000008005f04       0x35 build/lfs.o
                                         0x36 (size before relaxing)
 .rodata.lfs_init.str1.1
                0x0000000008005f39      0x23b build/lfs.o
 .rodata.lfs_format.str1.1
                0x0000000008006174        0x9 build/lfs.o
 .rodata.lfs_mount.str1.1
                0x000000000800617d      0x154 build/lfs.o
 .rodata.__func__.24
                0x00000000080062d1        0xc build/lfs.o
 .rodata.__func__.25
                0x00000000080062dd        0x9 build/lfs.o
 *fill*         0x00000000080062e6        0x2 
 .rodata.rtable.0
                0x00000000080062e8       0x40 build/lfs_util.o
 .rodata.lfs_cfg
                0x0000000008006328       0x4c build/lfs_port.o
                0x0000000008006328                lfs_cfg
 .rodata.AHBPrescTable
                0x0000000008006374       0x40 build/system_stm32wlxx.o
                0x0000000008006374                AHBPrescTable
 .rodata.MSIRangeTable
                0x00000000080063b4       0x40 build/system_stm32wlxx.o
                0x00000000080063b4                MSIRangeTable
 .rodata.__assert_func.str1.1
                0x00000000080063f4       0x3c /opt/gcc-arm-none-eabi-10.3-2021.10/bin/../lib/gcc/arm-none-eabi/10.3.1/../../../../arm-none-eabi/lib/thumb/v7e-m/nofp/libc_nano.a(lib_a-assert.o)
                                         0x3d (size before relaxing)
 .rodata._global_impure_ptr
                0x0000000008006430        0x4 /opt/gcc-arm-none-eabi-10.3-2021.10/bin/../lib/gcc/arm-none-eabi/10.3.1/../../../../arm-none-eabi/lib/thumb/v7e-m/nofp/libc_nano.a(lib_a-impure.o)
                0x0000000008006430                _global_impure_ptr
 .rodata._vfprintf_r.str1.1
                0x0000000008006434       0x11 /opt/gcc-arm-none-eabi-10.3-2021.10/bin/../lib/gcc/arm-none-eabi/10.3.1/../../../../arm-none-eabi/lib/thumb/v7e-m/nofp/libc_nano.a(lib_a-nano-vfprintf.o)
 .rodata._printf_i.str1.1
                0x0000000008006445       0x22 /opt/gcc-arm-none-eabi-10.3-2021.10/bin/../lib/gcc/arm-none-eabi/10.3.1/../../../../arm-none-eabi/lib/thumb/v7e-m/nofp/libc_nano.a(lib_a-nano-vfprintf_i.o)
 *fill*         0x0000000008006467        0x1 
 .rodata.__sf_fake_stderr
                0x0000000008006468       0x20 /opt/gcc-arm-none-eabi-10.3-2021.10/bin/../lib/gcc/arm-none-eabi/10.3.1/../../../../arm-none-eabi/lib/thumb/v7e-m/nofp/libc_nano.a(lib_a-findfp.o)
                0x0000000008006468                __sf_fake_stderr
 .rodata.__sf_fake_stdin
                0x0000000008006488       0x20 /opt/gcc-arm-none-eabi-10.3-2021.10/bin/../lib/gcc/arm-none-eabi/10.3.1/../../../../arm-none-eabi/lib/thumb/v7e-m/nofp/libc_nano.a(lib_a-findfp.o)
                0x0000000008006488                __sf_fake_stdin
 .rodata.__sf_fake_stdout
                0x00000000080064a8       0x20 /opt/gcc-arm-none-eabi-10.3-2021.10/bin/../lib/gcc/arm-none-eabi/10.3.1/../../../../arm-none-eabi/lib/thumb/v7e-m/nofp/libc_nano.a(lib_a-findfp.o)
                0x00000000080064a8                __sf_fake_stdout
 .rodata._svfprintf_r.str1.1
                0x00000000080064c8       0x11 /opt/gcc-arm-none-eabi-10.3-2021.10/bin/../lib/gcc/arm-none-eabi/10.3.1/../../../../arm-none-eabi/lib/thumb/v7e-m/nofp/libc_nano.a(lib_a-nano-svfprintf.o)
                0x00000000080064e0                . = ALIGN (0x8)

.rel.dyn        0x00000000080064c8        0x0
 .rel.iplt      0x00000000080064c8        0x0 /opt/gcc-arm-none-eabi-10.3-2021.10/bin/../lib/gcc/arm-none-eabi/10.3.1/thumb/v7e-m/nofp/crtbegin.o

.ARM.extab      0x00000000080064c8        0x0
                0x00000000080064c8                . = ALIGN (0x8)
 *(.ARM.extab* .gnu.linkonce.armextab.*)
                0x00000000080064c8                . = ALIGN (0x8)

.ARM            0x00000000080064c8        0x0
                0x00000000080064c8                . = ALIGN (0x8)
                0x00000000080064c8                __exidx_start = .
 *(.ARM.exidx*)
                0x00000000080064c8                __exidx_end = .
                0x00000000080064c8                . = ALIGN (0x8)

.preinit_array  0x00000000080064c8        0x0
                0x00000000080064c8                . = ALIGN (0x8)
                0x00000000080064c8                PROVIDE (__preinit_array_start = .)
 *(.preinit_array*)
                0x00000000080064c8                PROVIDE (__preinit_array_end = .)
                0x00000000080064c8                . = ALIGN (0x8)

.init_array     0x00000000080064c8        0x8
                0x00000000080064c8                . = ALIGN (0x8)
                0x00000000080064c8                PROVIDE (__init_array_start = .)
 *(SORT_BY_NAME(.init_array.*))
 *(.init_array*)
 .init_array    0x00000000080064c8        0x4 /opt/gcc-arm-none-eabi-10.3-2021.10/bin/../lib/gcc/arm-none-eabi/10.3.1/thumb/v7e-m/nofp/crtbegin.o
                0x00000000080064cc                PROVIDE (__init_array_end = .)
                0x00000000080064d0                . = ALIGN (0x8)
 *fill*         0x00000000080064cc        0x4 

.fini_array     0x00000000080064d0        0x8
                0x00000000080064d0                . = ALIGN (0x8)
                [!provide]                        PROVIDE (__fini_array_start = .)
 *(SORT_BY_NAME(.fini_array.*))
 *(.fini_array*)
 .fini_array    0x00000000080064d0        0x4 /opt/gcc-arm-none-eabi-10.3-2021.10/bin/../lib/gcc/arm-none-eabi/10.3.1/thumb/v7e-m/nofp/crtbegin.o
                [!provide]                        PROVIDE (__fini_array_end = .)
                0x00000000080064d8                . = ALIGN (0x8)
 *fill*         0x00000000080064d4        0x4 
                0x00000000080064d8                _sidata = LOADADDR (.data)

.data           0x0000000020000000       0xf0 load address 0x00000000080064d8
                0x0000000020000000                . = ALIGN (0x8)
                0x0000000020000000                _sdata = .
 *(.data)
 *(.data*)
 .data.flash_table
                0x0000000020000000       0x74 build/sfud.o
 .data.spi1     0x0000000020000074        0xc build/sfud_port.o
 .data.SystemCoreClock
                0x0000000020000080        0x4 build/system_stm32wlxx.o
                0x0000000020000080                SystemCoreClock
 .data.uwTickFreq
                0x0000000020000084        0x1 build/stm32wlxx_hal.o
                0x0000000020000084                uwTickFreq
 *fill*         0x0000000020000085        0x3 
 .data.uwTickPrio
                0x0000000020000088        0x4 build/stm32wlxx_hal.o
                0x0000000020000088                uwTickPrio
 .data._impure_ptr
                0x000000002000008c        0x4 /opt/gcc-arm-none-eabi-10.3-2021.10/bin/../lib/gcc/arm-none-eabi/10.3.1/../../../../arm-none-eabi/lib/thumb/v7e-m/nofp/libc_nano.a(lib_a-impure.o)
                0x000000002000008c                _impure_ptr
 .data.impure_data
                0x0000000020000090       0x60 /opt/gcc-arm-none-eabi-10.3-2021.10/bin/../lib/gcc/arm-none-eabi/10.3.1/../../../../arm-none-eabi/lib/thumb/v7e-m/nofp/libc_nano.a(lib_a-impure.o)
                0x00000000200000f0                . = ALIGN (0x8)
                0x00000000200000f0                _edata = .

.igot.plt       0x00000000200000f0        0x0 load address 0x00000000080065c8
 .igot.plt      0x00000000200000f0        0x0 /opt/gcc-arm-none-eabi-10.3-2021.10/bin/../lib/gcc/arm-none-eabi/10.3.1/thumb/v7e-m/nofp/crtbegin.o
                0x00000000200000f0                . = ALIGN (0x8)

.bss            0x00000000200000f0      0x318 load address 0x00000000080065c8
                0x00000000200000f0                _sbss = .
                0x00000000200000f0                __bss_start__ = _sbss
 *(.bss)
 .bss           0x00000000200000f0       0x1c /opt/gcc-arm-none-eabi-10.3-2021.10/bin/../lib/gcc/arm-none-eabi/10.3.1/thumb/v7e-m/nofp/crtbegin.o
 *(.bss*)
 .bss.cmd_data.3
                0x000000002000010c      0x105 build/sfud.o
 .bss.log_buf   0x0000000020000211      0x100 build/sfud_port.o
 *fill*         0x0000000020000311        0x3 
 .bss.lfs       0x0000000020000314       0x78 build/lfs_port.o
                0x0000000020000314                lfs
 .bss.uwTick    0x000000002000038c        0x4 build/stm32wlxx_hal.o
                0x000000002000038c                uwTick
 .bss.hspi1     0x0000000020000390       0x64 build/spi.o
                0x0000000020000390                hspi1
 .bss.__malloc_free_list
                0x00000000200003f4        0x4 /opt/gcc-arm-none-eabi-10.3-2021.10/bin/../lib/gcc/arm-none-eabi/10.3.1/../../../../arm-none-eabi/lib/thumb/v7e-m/nofp/libc_nano.a(lib_a-nano-mallocr.o)
                0x00000000200003f4                __malloc_free_list
 .bss.__malloc_sbrk_start
                0x00000000200003f8        0x4 /opt/gcc-arm-none-eabi-10.3-2021.10/bin/../lib/gcc/arm-none-eabi/10.3.1/../../../../arm-none-eabi/lib/thumb/v7e-m/nofp/libc_nano.a(lib_a-nano-mallocr.o)
                0x00000000200003f8                __malloc_sbrk_start
 .bss.__lock___malloc_recursive_mutex
                0x00000000200003fc        0x1 /opt/gcc-arm-none-eabi-10.3-2021.10/bin/../lib/gcc/arm-none-eabi/10.3.1/../../../../arm-none-eabi/lib/thumb/v7e-m/nofp/libc_nano.a(lib_a-lock.o)
                0x00000000200003fc                __lock___malloc_recursive_mutex
 .bss.__lock___sfp_recursive_mutex
                0x00000000200003fd        0x1 /opt/gcc-arm-none-eabi-10.3-2021.10/bin/../lib/gcc/arm-none-eabi/10.3.1/../../../../arm-none-eabi/lib/thumb/v7e-m/nofp/libc_nano.a(lib_a-lock.o)
                0x00000000200003fd                __lock___sfp_recursive_mutex
 .bss.__lock___sinit_recursive_mutex
                0x00000000200003fe        0x1 /opt/gcc-arm-none-eabi-10.3-2021.10/bin/../lib/gcc/arm-none-eabi/10.3.1/../../../../arm-none-eabi/lib/thumb/v7e-m/nofp/libc_nano.a(lib_a-lock.o)
                0x00000000200003fe                __lock___sinit_recursive_mutex
 *fill*         0x00000000200003ff        0x1 
 .bss.errno     0x0000000020000400        0x4 /opt/gcc-arm-none-eabi-10.3-2021.10/bin/../lib/gcc/arm-none-eabi/10.3.1/../../../../arm-none-eabi/lib/thumb/v7e-m/nofp/libc_nano.a(lib_a-reent.o)
                0x0000000020000400                errno
 .bss.heap_end.0
                0x0000000020000404        0x4 /opt/gcc-arm-none-eabi-10.3-2021.10/bin/../lib/gcc/arm-none-eabi/10.3.1/../../../../arm-none-eabi/lib/thumb/v7e-m/nofp/libnosys.a(sbrk.o)
 *(COMMON)
                0x0000000020000408                . = ALIGN (0x8)
                0x0000000020000408                _ebss = .
                0x0000000020000408                __bss_end__ = _ebss
                0x0000000020000408                . = ALIGN (0x8)

RAM1_region     0x0000000020000408        0x0 load address 0x00000000080065c8
                0x0000000020000408                _sRAM1_region = .
 *(.RAM1_region)
                0x0000000020000408                . = ALIGN (0x8)
                0x0000000020000408                _eRAM1_region = .
                0x0000000020000408                . = ALIGN (0x8)

RAM2_region     0x0000000020008000        0x0
                0x0000000020008000                _sRAM2_region = .
 *(.RAM2_region)
                0x0000000020008000                . = ALIGN (0x8)
                0x0000000020008000                _eRAM2_region = .

._user_heap_stack
                0x0000000020000408      0x600
                0x0000000020000408                . = ALIGN (0x8)
                0x0000000020000408                PROVIDE (end = .)
                [!provide]                        PROVIDE (_end = .)
                0x0000000020000608                . = (. + _Min_Heap_Size)
 *fill*         0x0000000020000408      0x200 
                0x0000000020000a08                . = (. + _Min_Stack_Size)
 *fill*         0x0000000020000608      0x400 
                0x0000000020000a08                . = ALIGN (0x8)

/DISCARD/
 libc.a(*)
 libm.a(*)
 libgcc.a(*)

.ARM.attributes
                0x0000000000000000       0x2a
 *(.ARM.attributes)
 .ARM.attributes
                0x0000000000000000       0x1e /opt/gcc-arm-none-eabi-10.3-2021.10/bin/../lib/gcc/arm-none-eabi/10.3.1/thumb/v7e-m/nofp/crti.o
 .ARM.attributes
                0x000000000000001e       0x2e /opt/gcc-arm-none-eabi-10.3-2021.10/bin/../lib/gcc/arm-none-eabi/10.3.1/thumb/v7e-m/nofp/crtbegin.o
 .ARM.attributes
                0x000000000000004c       0x2e build/sfud.o
 .ARM.attributes
                0x000000000000007a       0x2e build/sfud_sfdp.o
 .ARM.attributes
                0x00000000000000a8       0x2e build/sfud_port.o
 .ARM.attributes
                0x00000000000000d6       0x2e build/lfs.o
 .ARM.attributes
                0x0000000000000104       0x2e build/lfs_util.o
 .ARM.attributes
                0x0000000000000132       0x2e build/lfs_port.o
 .ARM.attributes
                0x0000000000000160       0x2e build/system_stm32wlxx.o
 .ARM.attributes
                0x000000000000018e       0x2e build/stm32wlxx_hal_spi.o
 .ARM.attributes
                0x00000000000001bc       0x2e build/stm32wlxx_hal_gpio.o
 .ARM.attributes
                0x00000000000001ea       0x2e build/stm32wlxx_hal_cortex.o
 .ARM.attributes
                0x0000000000000218       0x2e build/stm32wlxx_hal_pwr.o
 .ARM.attributes
                0x0000000000000246       0x2e build/stm32wlxx_hal_rcc.o
 .ARM.attributes
                0x0000000000000274       0x2e build/stm32wlxx_hal_pwr_ex.o
 .ARM.attributes
                0x00000000000002a2       0x2e build/stm32wlxx_hal.o
 .ARM.attributes
                0x00000000000002d0       0x2e build/board.o
 .ARM.attributes
                0x00000000000002fe       0x2e build/system.o
 .ARM.attributes
                0x000000000000032c       0x2e build/stm32wlxx_it.o
 .ARM.attributes
                0x000000000000035a       0x2e build/spi.o
 .ARM.attributes
                0x0000000000000388       0x2e build/gpio.o
 .ARM.attributes
                0x00000000000003b6       0x2e build/main.o
 .ARM.attributes
                0x00000000000003e4       0x21 build/startup_stm32wle5xx.o
 .ARM.attributes
                0x0000000000000405       0x2e /opt/gcc-arm-none-eabi-10.3-2021.10/bin/../lib/gcc/arm-none-eabi/10.3.1/../../../../arm-none-eabi/lib/thumb/v7e-m/nofp/libc_nano.a(lib_a-assert.o)
 .ARM.attributes
                0x0000000000000433       0x2e /opt/gcc-arm-none-eabi-10.3-2021.10/bin/../lib/gcc/arm-none-eabi/10.3.1/../../../../arm-none-eabi/lib/thumb/v7e-m/nofp/libc_nano.a(lib_a-fprintf.o)
 .ARM.attributes
                0x0000000000000461       0x2e /opt/gcc-arm-none-eabi-10.3-2021.10/bin/../lib/gcc/arm-none-eabi/10.3.1/../../../../arm-none-eabi/lib/thumb/v7e-m/nofp/libc_nano.a(lib_a-impure.o)
 .ARM.attributes
                0x000000000000048f       0x2e /opt/gcc-arm-none-eabi-10.3-2021.10/bin/../lib/gcc/arm-none-eabi/10.3.1/../../../../arm-none-eabi/lib/thumb/v7e-m/nofp/libc_nano.a(lib_a-init.o)
 .ARM.attributes
                0x00000000000004bd       0x2e /opt/gcc-arm-none-eabi-10.3-2021.10/bin/../lib/gcc/arm-none-eabi/10.3.1/../../../../arm-none-eabi/lib/thumb/v7e-m/nofp/libc_nano.a(lib_a-malloc.o)
 .ARM.attributes
                0x00000000000004eb       0x2e /opt/gcc-arm-none-eabi-10.3-2021.10/bin/../lib/gcc/arm-none-eabi/10.3.1/../../../../arm-none-eabi/lib/thumb/v7e-m/nofp/libc_nano.a(lib_a-memcmp.o)
 .ARM.attributes
                0x0000000000000519       0x2e /opt/gcc-arm-none-eabi-10.3-2021.10/bin/../lib/gcc/arm-none-eabi/10.3.1/../../../../arm-none-eabi/lib/thumb/v7e-m/nofp/libc_nano.a(lib_a-memcpy-stub.o)
 .ARM.attributes
                0x0000000000000547       0x2e /opt/gcc-arm-none-eabi-10.3-2021.10/bin/../lib/gcc/arm-none-eabi/10.3.1/../../../../arm-none-eabi/lib/thumb/v7e-m/nofp/libc_nano.a(lib_a-memset.o)
 .ARM.attributes
                0x0000000000000575       0x2e /opt/gcc-arm-none-eabi-10.3-2021.10/bin/../lib/gcc/arm-none-eabi/10.3.1/../../../../arm-none-eabi/lib/thumb/v7e-m/nofp/libc_nano.a(lib_a-nano-freer.o)
 .ARM.attributes
                0x00000000000005a3       0x2e /opt/gcc-arm-none-eabi-10.3-2021.10/bin/../lib/gcc/arm-none-eabi/10.3.1/../../../../arm-none-eabi/lib/thumb/v7e-m/nofp/libc_nano.a(lib_a-nano-mallocr.o)
 .ARM.attributes
                0x00000000000005d1       0x2e /opt/gcc-arm-none-eabi-10.3-2021.10/bin/../lib/gcc/arm-none-eabi/10.3.1/../../../../arm-none-eabi/lib/thumb/v7e-m/nofp/libc_nano.a(lib_a-nano-vfprintf.o)
 .ARM.attributes
                0x00000000000005ff       0x2e /opt/gcc-arm-none-eabi-10.3-2021.10/bin/../lib/gcc/arm-none-eabi/10.3.1/../../../../arm-none-eabi/lib/thumb/v7e-m/nofp/libc_nano.a(lib_a-nano-vfprintf_i.o)
 .ARM.attributes
                0x000000000000062d       0x2e /opt/gcc-arm-none-eabi-10.3-2021.10/bin/../lib/gcc/arm-none-eabi/10.3.1/../../../../arm-none-eabi/lib/thumb/v7e-m/nofp/libc_nano.a(lib_a-printf.o)
 .ARM.attributes
                0x000000000000065b       0x2e /opt/gcc-arm-none-eabi-10.3-2021.10/bin/../lib/gcc/arm-none-eabi/10.3.1/../../../../arm-none-eabi/lib/thumb/v7e-m/nofp/libc_nano.a(lib_a-sbrkr.o)
 .ARM.attributes
                0x0000000000000689       0x2e /opt/gcc-arm-none-eabi-10.3-2021.10/bin/../lib/gcc/arm-none-eabi/10.3.1/../../../../arm-none-eabi/lib/thumb/v7e-m/nofp/libc_nano.a(lib_a-vsnprintf.o)
 .ARM.attributes
                0x00000000000006b7       0x2e /opt/gcc-arm-none-eabi-10.3-2021.10/bin/../lib/gcc/arm-none-eabi/10.3.1/../../../../arm-none-eabi/lib/thumb/v7e-m/nofp/libc_nano.a(lib_a-wbuf.o)
 .ARM.attributes
                0x00000000000006e5       0x2e /opt/gcc-arm-none-eabi-10.3-2021.10/bin/../lib/gcc/arm-none-eabi/10.3.1/../../../../arm-none-eabi/lib/thumb/v7e-m/nofp/libc_nano.a(lib_a-wsetup.o)
 .ARM.attributes
                0x0000000000000713       0x2e /opt/gcc-arm-none-eabi-10.3-2021.10/bin/../lib/gcc/arm-none-eabi/10.3.1/../../../../arm-none-eabi/lib/thumb/v7e-m/nofp/libc_nano.a(lib_a-abort.o)
 .ARM.attributes
                0x0000000000000741       0x2e /opt/gcc-arm-none-eabi-10.3-2021.10/bin/../lib/gcc/arm-none-eabi/10.3.1/../../../../arm-none-eabi/lib/thumb/v7e-m/nofp/libc_nano.a(lib_a-fflush.o)
 .ARM.attributes
                0x000000000000076f       0x2e /opt/gcc-arm-none-eabi-10.3-2021.10/bin/../lib/gcc/arm-none-eabi/10.3.1/../../../../arm-none-eabi/lib/thumb/v7e-m/nofp/libc_nano.a(lib_a-findfp.o)
 .ARM.attributes
                0x000000000000079d       0x2e /opt/gcc-arm-none-eabi-10.3-2021.10/bin/../lib/gcc/arm-none-eabi/10.3.1/../../../../arm-none-eabi/lib/thumb/v7e-m/nofp/libc_nano.a(lib_a-fwalk.o)
 .ARM.attributes
                0x00000000000007cb       0x2e /opt/gcc-arm-none-eabi-10.3-2021.10/bin/../lib/gcc/arm-none-eabi/10.3.1/../../../../arm-none-eabi/lib/thumb/v7e-m/nofp/libc_nano.a(lib_a-lock.o)
 .ARM.attributes
                0x00000000000007f9       0x2e /opt/gcc-arm-none-eabi-10.3-2021.10/bin/../lib/gcc/arm-none-eabi/10.3.1/../../../../arm-none-eabi/lib/thumb/v7e-m/nofp/libc_nano.a(lib_a-makebuf.o)
 .ARM.attributes
                0x0000000000000827       0x1c /opt/gcc-arm-none-eabi-10.3-2021.10/bin/../lib/gcc/arm-none-eabi/10.3.1/../../../../arm-none-eabi/lib/thumb/v7e-m/nofp/libc_nano.a(lib_a-memchr.o)
 .ARM.attributes
                0x0000000000000843       0x2e /opt/gcc-arm-none-eabi-10.3-2021.10/bin/../lib/gcc/arm-none-eabi/10.3.1/../../../../arm-none-eabi/lib/thumb/v7e-m/nofp/libc_nano.a(lib_a-memmove.o)
 .ARM.attributes
                0x0000000000000871       0x2e /opt/gcc-arm-none-eabi-10.3-2021.10/bin/../lib/gcc/arm-none-eabi/10.3.1/../../../../arm-none-eabi/lib/thumb/v7e-m/nofp/libc_nano.a(lib_a-mlock.o)
 .ARM.attributes
                0x000000000000089f       0x2e /opt/gcc-arm-none-eabi-10.3-2021.10/bin/../lib/gcc/arm-none-eabi/10.3.1/../../../../arm-none-eabi/lib/thumb/v7e-m/nofp/libc_nano.a(lib_a-nano-reallocr.o)
 .ARM.attributes
                0x00000000000008cd       0x2e /opt/gcc-arm-none-eabi-10.3-2021.10/bin/../lib/gcc/arm-none-eabi/10.3.1/../../../../arm-none-eabi/lib/thumb/v7e-m/nofp/libc_nano.a(lib_a-nano-svfprintf.o)
 .ARM.attributes
                0x00000000000008fb       0x2e /opt/gcc-arm-none-eabi-10.3-2021.10/bin/../lib/gcc/arm-none-eabi/10.3.1/../../../../arm-none-eabi/lib/thumb/v7e-m/nofp/libc_nano.a(lib_a-reent.o)
 .ARM.attributes
                0x0000000000000929       0x2e /opt/gcc-arm-none-eabi-10.3-2021.10/bin/../lib/gcc/arm-none-eabi/10.3.1/../../../../arm-none-eabi/lib/thumb/v7e-m/nofp/libc_nano.a(lib_a-signal.o)
 .ARM.attributes
                0x0000000000000957       0x2e /opt/gcc-arm-none-eabi-10.3-2021.10/bin/../lib/gcc/arm-none-eabi/10.3.1/../../../../arm-none-eabi/lib/thumb/v7e-m/nofp/libc_nano.a(lib_a-signalr.o)
 .ARM.attributes
                0x0000000000000985       0x2e /opt/gcc-arm-none-eabi-10.3-2021.10/bin/../lib/gcc/arm-none-eabi/10.3.1/../../../../arm-none-eabi/lib/thumb/v7e-m/nofp/libc_nano.a(lib_a-stdio.o)
 .ARM.attributes
                0x00000000000009b3       0x2e /opt/gcc-arm-none-eabi-10.3-2021.10/bin/../lib/gcc/arm-none-eabi/10.3.1/../../../../arm-none-eabi/lib/thumb/v7e-m/nofp/libc_nano.a(lib_a-writer.o)
 .ARM.attributes
                0x00000000000009e1       0x2e /opt/gcc-arm-none-eabi-10.3-2021.10/bin/../lib/gcc/arm-none-eabi/10.3.1/../../../../arm-none-eabi/lib/thumb/v7e-m/nofp/libc_nano.a(lib_a-closer.o)
 .ARM.attributes
                0x0000000000000a0f       0x2e /opt/gcc-arm-none-eabi-10.3-2021.10/bin/../lib/gcc/arm-none-eabi/10.3.1/../../../../arm-none-eabi/lib/thumb/v7e-m/nofp/libc_nano.a(lib_a-fstatr.o)
 .ARM.attributes
                0x0000000000000a3d       0x2e /opt/gcc-arm-none-eabi-10.3-2021.10/bin/../lib/gcc/arm-none-eabi/10.3.1/../../../../arm-none-eabi/lib/thumb/v7e-m/nofp/libc_nano.a(lib_a-isattyr.o)
 .ARM.attributes
                0x0000000000000a6b       0x2e /opt/gcc-arm-none-eabi-10.3-2021.10/bin/../lib/gcc/arm-none-eabi/10.3.1/../../../../arm-none-eabi/lib/thumb/v7e-m/nofp/libc_nano.a(lib_a-lseekr.o)
 .ARM.attributes
                0x0000000000000a99       0x2e /opt/gcc-arm-none-eabi-10.3-2021.10/bin/../lib/gcc/arm-none-eabi/10.3.1/../../../../arm-none-eabi/lib/thumb/v7e-m/nofp/libc_nano.a(lib_a-nano-msizer.o)
 .ARM.attributes
                0x0000000000000ac7       0x2e /opt/gcc-arm-none-eabi-10.3-2021.10/bin/../lib/gcc/arm-none-eabi/10.3.1/../../../../arm-none-eabi/lib/thumb/v7e-m/nofp/libc_nano.a(lib_a-readr.o)
 .ARM.attributes
                0x0000000000000af5       0x2e /opt/gcc-arm-none-eabi-10.3-2021.10/bin/../lib/gcc/arm-none-eabi/10.3.1/../../../../arm-none-eabi/lib/thumb/v7e-m/nofp/libnosys.a(close.o)
 .ARM.attributes
                0x0000000000000b23       0x2e /opt/gcc-arm-none-eabi-10.3-2021.10/bin/../lib/gcc/arm-none-eabi/10.3.1/../../../../arm-none-eabi/lib/thumb/v7e-m/nofp/libnosys.a(fstat.o)
 .ARM.attributes
                0x0000000000000b51       0x2e /opt/gcc-arm-none-eabi-10.3-2021.10/bin/../lib/gcc/arm-none-eabi/10.3.1/../../../../arm-none-eabi/lib/thumb/v7e-m/nofp/libnosys.a(getpid.o)
 .ARM.attributes
                0x0000000000000b7f       0x2e /opt/gcc-arm-none-eabi-10.3-2021.10/bin/../lib/gcc/arm-none-eabi/10.3.1/../../../../arm-none-eabi/lib/thumb/v7e-m/nofp/libnosys.a(isatty.o)
 .ARM.attributes
                0x0000000000000bad       0x2e /opt/gcc-arm-none-eabi-10.3-2021.10/bin/../lib/gcc/arm-none-eabi/10.3.1/../../../../arm-none-eabi/lib/thumb/v7e-m/nofp/libnosys.a(kill.o)
 .ARM.attributes
                0x0000000000000bdb       0x2e /opt/gcc-arm-none-eabi-10.3-2021.10/bin/../lib/gcc/arm-none-eabi/10.3.1/../../../../arm-none-eabi/lib/thumb/v7e-m/nofp/libnosys.a(lseek.o)
 .ARM.attributes
                0x0000000000000c09       0x2e /opt/gcc-arm-none-eabi-10.3-2021.10/bin/../lib/gcc/arm-none-eabi/10.3.1/../../../../arm-none-eabi/lib/thumb/v7e-m/nofp/libnosys.a(read.o)
 .ARM.attributes
                0x0000000000000c37       0x2e /opt/gcc-arm-none-eabi-10.3-2021.10/bin/../lib/gcc/arm-none-eabi/10.3.1/../../../../arm-none-eabi/lib/thumb/v7e-m/nofp/libnosys.a(sbrk.o)
 .ARM.attributes
                0x0000000000000c65       0x2e /opt/gcc-arm-none-eabi-10.3-2021.10/bin/../lib/gcc/arm-none-eabi/10.3.1/../../../../arm-none-eabi/lib/thumb/v7e-m/nofp/libnosys.a(write.o)
 .ARM.attributes
                0x0000000000000c93       0x2e /opt/gcc-arm-none-eabi-10.3-2021.10/bin/../lib/gcc/arm-none-eabi/10.3.1/../../../../arm-none-eabi/lib/thumb/v7e-m/nofp/libnosys.a(_exit.o)
 .ARM.attributes
                0x0000000000000cc1       0x1e /opt/gcc-arm-none-eabi-10.3-2021.10/bin/../lib/gcc/arm-none-eabi/10.3.1/thumb/v7e-m/nofp/crtn.o
OUTPUT(build/bootloader.elf elf32-littlearm)
LOAD linker stubs
LOAD /opt/gcc-arm-none-eabi-10.3-2021.10/bin/../lib/gcc/arm-none-eabi/10.3.1/../../../../arm-none-eabi/lib/thumb/v7e-m/nofp/libc.a
LOAD /opt/gcc-arm-none-eabi-10.3-2021.10/bin/../lib/gcc/arm-none-eabi/10.3.1/../../../../arm-none-eabi/lib/thumb/v7e-m/nofp/libm.a
LOAD /opt/gcc-arm-none-eabi-10.3-2021.10/bin/../lib/gcc/arm-none-eabi/10.3.1/thumb/v7e-m/nofp/libgcc.a

.debug_info     0x0000000000000000    0x1c120
 .debug_info    0x0000000000000000     0x21b7 build/sfud.o
 .debug_info    0x00000000000021b7      0xd4b build/sfud_sfdp.o
 .debug_info    0x0000000000002f02     0x1186 build/sfud_port.o
 .debug_info    0x0000000000004088     0xc445 build/lfs.o
 .debug_info    0x00000000000104cd      0x180 build/lfs_util.o
 .debug_info    0x000000000001064d      0xa9a build/lfs_port.o
 .debug_info    0x00000000000110e7      0x4da build/system_stm32wlxx.o
 .debug_info    0x00000000000115c1     0x286c build/stm32wlxx_hal_spi.o
 .debug_info    0x0000000000013e2d      0x737 build/stm32wlxx_hal_gpio.o
 .debug_info    0x0000000000014564     0x10f1 build/stm32wlxx_hal_cortex.o
 .debug_info    0x0000000000015655      0xa3e build/stm32wlxx_hal_pwr.o
 .debug_info    0x0000000000016093     0x1e4b build/stm32wlxx_hal_rcc.o
 .debug_info    0x0000000000017ede     0x1077 build/stm32wlxx_hal_pwr_ex.o
 .debug_info    0x0000000000018f55     0x1430 build/stm32wlxx_hal.o
 .debug_info    0x000000000001a385      0x1b5 build/board.o
 .debug_info    0x000000000001a53a      0x5c3 build/system.o
 .debug_info    0x000000000001aafd      0x18f build/stm32wlxx_it.o
 .debug_info    0x000000000001ac8c      0xe73 build/spi.o
 .debug_info    0x000000000001baff      0x428 build/gpio.o
 .debug_info    0x000000000001bf27      0x1d7 build/main.o
 .debug_info    0x000000000001c0fe       0x22 build/startup_stm32wle5xx.o

.debug_abbrev   0x0000000000000000     0x35c6
 .debug_abbrev  0x0000000000000000      0x5a2 build/sfud.o
 .debug_abbrev  0x00000000000005a2      0x31f build/sfud_sfdp.o
 .debug_abbrev  0x00000000000008c1      0x2eb build/sfud_port.o
 .debug_abbrev  0x0000000000000bac      0x66b build/lfs.o
 .debug_abbrev  0x0000000000001217       0xe8 build/lfs_util.o
 .debug_abbrev  0x00000000000012ff      0x1e2 build/lfs_port.o
 .debug_abbrev  0x00000000000014e1      0x12c build/system_stm32wlxx.o
 .debug_abbrev  0x000000000000160d      0x38b build/stm32wlxx_hal_spi.o
 .debug_abbrev  0x0000000000001998      0x22f build/stm32wlxx_hal_gpio.o
 .debug_abbrev  0x0000000000001bc7      0x371 build/stm32wlxx_hal_cortex.o
 .debug_abbrev  0x0000000000001f38      0x218 build/stm32wlxx_hal_pwr.o
 .debug_abbrev  0x0000000000002150      0x435 build/stm32wlxx_hal_rcc.o
 .debug_abbrev  0x0000000000002585      0x369 build/stm32wlxx_hal_pwr_ex.o
 .debug_abbrev  0x00000000000028ee      0x401 build/stm32wlxx_hal.o
 .debug_abbrev  0x0000000000002cef      0x11f build/board.o
 .debug_abbrev  0x0000000000002e0e      0x1bd build/system.o
 .debug_abbrev  0x0000000000002fcb       0xf1 build/stm32wlxx_it.o
 .debug_abbrev  0x00000000000030bc      0x2a5 build/spi.o
 .debug_abbrev  0x0000000000003361      0x13f build/gpio.o
 .debug_abbrev  0x00000000000034a0      0x114 build/main.o
 .debug_abbrev  0x00000000000035b4       0x12 build/startup_stm32wle5xx.o

.debug_loc      0x0000000000000000    0x11c68
 .debug_loc     0x0000000000000000     0x1cb2 build/sfud.o
 .debug_loc     0x0000000000001cb2      0x703 build/sfud_sfdp.o
 .debug_loc     0x00000000000023b5      0x39e build/sfud_port.o
 .debug_loc     0x0000000000002753     0xa929 build/lfs.o
 .debug_loc     0x000000000000d07c      0x101 build/lfs_util.o
 .debug_loc     0x000000000000d17d       0x7e build/lfs_port.o
 .debug_loc     0x000000000000d1fb      0x116 build/system_stm32wlxx.o
 .debug_loc     0x000000000000d311     0x24fd build/stm32wlxx_hal_spi.o
 .debug_loc     0x000000000000f80e      0x395 build/stm32wlxx_hal_gpio.o
 .debug_loc     0x000000000000fba3      0x5b7 build/stm32wlxx_hal_cortex.o
 .debug_loc     0x000000000001015a      0x234 build/stm32wlxx_hal_pwr.o
 .debug_loc     0x000000000001038e      0xc20 build/stm32wlxx_hal_rcc.o
 .debug_loc     0x0000000000010fae      0x61d build/stm32wlxx_hal_pwr_ex.o
 .debug_loc     0x00000000000115cb      0x458 build/stm32wlxx_hal.o
 .debug_loc     0x0000000000011a23       0x2c build/board.o
 .debug_loc     0x0000000000011a4f       0x39 build/system.o
 .debug_loc     0x0000000000011a88      0x168 build/spi.o
 .debug_loc     0x0000000000011bf0       0x58 build/gpio.o
 .debug_loc     0x0000000000011c48       0x20 build/main.o

.debug_aranges  0x0000000000000000      0xc10
 .debug_aranges
                0x0000000000000000       0x98 build/sfud.o
 .debug_aranges
                0x0000000000000098       0x30 build/sfud_sfdp.o
 .debug_aranges
                0x00000000000000c8       0x50 build/sfud_port.o
 .debug_aranges
                0x0000000000000118      0x2f0 build/lfs.o
 .debug_aranges
                0x0000000000000408       0x20 build/lfs_util.o
 .debug_aranges
                0x0000000000000428       0x28 build/lfs_port.o
 .debug_aranges
                0x0000000000000450       0x28 build/system_stm32wlxx.o
 .debug_aranges
                0x0000000000000478      0x1b0 build/stm32wlxx_hal_spi.o
 .debug_aranges
                0x0000000000000628       0x58 build/stm32wlxx_hal_gpio.o
 .debug_aranges
                0x0000000000000680       0xa8 build/stm32wlxx_hal_cortex.o
 .debug_aranges
                0x0000000000000728       0x98 build/stm32wlxx_hal_pwr.o
 .debug_aranges
                0x00000000000007c0       0xc0 build/stm32wlxx_hal_rcc.o
 .debug_aranges
                0x0000000000000880      0x140 build/stm32wlxx_hal_pwr_ex.o
 .debug_aranges
                0x00000000000009c0      0x118 build/stm32wlxx_hal.o
 .debug_aranges
                0x0000000000000ad8       0x28 build/board.o
 .debug_aranges
                0x0000000000000b00       0x28 build/system.o
 .debug_aranges
                0x0000000000000b28       0x50 build/stm32wlxx_it.o
 .debug_aranges
                0x0000000000000b78       0x30 build/spi.o
 .debug_aranges
                0x0000000000000ba8       0x20 build/gpio.o
 .debug_aranges
                0x0000000000000bc8       0x20 build/main.o
 .debug_aranges
                0x0000000000000be8       0x28 build/startup_stm32wle5xx.o

.debug_ranges   0x0000000000000000     0x2e80
 .debug_ranges  0x0000000000000000      0x170 build/sfud.o
 .debug_ranges  0x0000000000000170       0x98 build/sfud_sfdp.o
 .debug_ranges  0x0000000000000208       0x40 build/sfud_port.o
 .debug_ranges  0x0000000000000248     0x20a8 build/lfs.o
 .debug_ranges  0x00000000000022f0       0x30 build/lfs_util.o
 .debug_ranges  0x0000000000002320       0x18 build/lfs_port.o
 .debug_ranges  0x0000000000002338       0x18 build/system_stm32wlxx.o
 .debug_ranges  0x0000000000002350      0x248 build/stm32wlxx_hal_spi.o
 .debug_ranges  0x0000000000002598       0x48 build/stm32wlxx_hal_gpio.o
 .debug_ranges  0x00000000000025e0      0x150 build/stm32wlxx_hal_cortex.o
 .debug_ranges  0x0000000000002730       0x88 build/stm32wlxx_hal_pwr.o
 .debug_ranges  0x00000000000027b8      0x2e8 build/stm32wlxx_hal_rcc.o
 .debug_ranges  0x0000000000002aa0      0x160 build/stm32wlxx_hal_pwr_ex.o
 .debug_ranges  0x0000000000002c00      0x150 build/stm32wlxx_hal.o
 .debug_ranges  0x0000000000002d50       0x18 build/board.o
 .debug_ranges  0x0000000000002d68       0x18 build/system.o
 .debug_ranges  0x0000000000002d80       0x40 build/stm32wlxx_it.o
 .debug_ranges  0x0000000000002dc0       0x68 build/spi.o
 .debug_ranges  0x0000000000002e28       0x28 build/gpio.o
 .debug_ranges  0x0000000000002e50       0x10 build/main.o
 .debug_ranges  0x0000000000002e60       0x20 build/startup_stm32wle5xx.o

.debug_line     0x0000000000000000    0x101ec
 .debug_line    0x0000000000000000     0x10c6 build/sfud.o
 .debug_line    0x00000000000010c6      0x717 build/sfud_sfdp.o
 .debug_line    0x00000000000017dd      0x4ee build/sfud_port.o
 .debug_line    0x0000000000001ccb     0x6641 build/lfs.o
 .debug_line    0x000000000000830c      0x1d3 build/lfs_util.o
 .debug_line    0x00000000000084df      0x1c3 build/lfs_port.o
 .debug_line    0x00000000000086a2      0x2b5 build/system_stm32wlxx.o
 .debug_line    0x0000000000008957     0x2e37 build/stm32wlxx_hal_spi.o
 .debug_line    0x000000000000b78e      0x6c7 build/stm32wlxx_hal_gpio.o
 .debug_line    0x000000000000be55      0x7af build/stm32wlxx_hal_cortex.o
 .debug_line    0x000000000000c604      0x4a8 build/stm32wlxx_hal_pwr.o
 .debug_line    0x000000000000caac     0x16af build/stm32wlxx_hal_rcc.o
 .debug_line    0x000000000000e15b      0x969 build/stm32wlxx_hal_pwr_ex.o
 .debug_line    0x000000000000eac4      0x920 build/stm32wlxx_hal.o
 .debug_line    0x000000000000f3e4      0x1c5 build/board.o
 .debug_line    0x000000000000f5a9      0x244 build/system.o
 .debug_line    0x000000000000f7ed      0x21a build/stm32wlxx_it.o
 .debug_line    0x000000000000fa07      0x37a build/spi.o
 .debug_line    0x000000000000fd81      0x1d6 build/gpio.o
 .debug_line    0x000000000000ff57      0x1e9 build/main.o
 .debug_line    0x0000000000010140       0xac build/startup_stm32wle5xx.o

.debug_str      0x0000000000000000     0x4ee3
 .debug_str     0x0000000000000000      0x62d build/sfud.o
                                        0x70b (size before relaxing)
 .debug_str     0x000000000000062d       0xc8 build/sfud_sfdp.o
                                        0x4ad (size before relaxing)
 .debug_str     0x00000000000006f5      0x661 build/sfud_port.o
                                        0xa8a (size before relaxing)
 .debug_str     0x0000000000000d56     0x124a build/lfs.o
                                       0x1552 (size before relaxing)
 .debug_str     0x0000000000001fa0       0x25 build/lfs_util.o
                                        0x1b3 (size before relaxing)
 .debug_str     0x0000000000001fc5       0x44 build/lfs_port.o
                                        0x619 (size before relaxing)
 .debug_str     0x0000000000002009      0x212 build/system_stm32wlxx.o
                                        0x393 (size before relaxing)
 .debug_str     0x000000000000221b      0x651 build/stm32wlxx_hal_spi.o
                                        0xd3a (size before relaxing)
 .debug_str     0x000000000000286c      0x1a1 build/stm32wlxx_hal_gpio.o
                                        0x418 (size before relaxing)
 .debug_str     0x0000000000002a0d      0x8bc build/stm32wlxx_hal_cortex.o
                                        0xae3 (size before relaxing)
 .debug_str     0x00000000000032c9      0x37a build/stm32wlxx_hal_pwr.o
                                        0x60a (size before relaxing)
 .debug_str     0x0000000000003643      0x916 build/stm32wlxx_hal_rcc.o
                                        0xda4 (size before relaxing)
 .debug_str     0x0000000000003f59      0x613 build/stm32wlxx_hal_pwr_ex.o
                                        0xa08 (size before relaxing)
 .debug_str     0x000000000000456c      0x6d3 build/stm32wlxx_hal.o
                                        0xec3 (size before relaxing)
 .debug_str     0x0000000000004c3f       0x64 build/board.o
                                        0x1e8 (size before relaxing)
 .debug_str     0x0000000000004ca3       0x20 build/system.o
                                        0x3fc (size before relaxing)
 .debug_str     0x0000000000004cc3       0xb6 build/stm32wlxx_it.o
                                        0x22a (size before relaxing)
 .debug_str     0x0000000000004d79       0x56 build/spi.o
                                        0x946 (size before relaxing)
 .debug_str     0x0000000000004dcf       0x1e build/gpio.o
                                        0x323 (size before relaxing)
 .debug_str     0x0000000000004ded       0x9d build/main.o
                                        0x241 (size before relaxing)
 .debug_str     0x0000000000004e8a       0x59 build/startup_stm32wle5xx.o
                                         0x70 (size before relaxing)

.comment        0x0000000000000000       0x49
 .comment       0x0000000000000000       0x49 build/sfud.o
                                         0x4a (size before relaxing)
 .comment       0x0000000000000049       0x4a build/sfud_sfdp.o
 .comment       0x0000000000000049       0x4a build/sfud_port.o
 .comment       0x0000000000000049       0x4a build/lfs.o
 .comment       0x0000000000000049       0x4a build/lfs_util.o
 .comment       0x0000000000000049       0x4a build/lfs_port.o
 .comment       0x0000000000000049       0x4a build/system_stm32wlxx.o
 .comment       0x0000000000000049       0x4a build/stm32wlxx_hal_spi.o
 .comment       0x0000000000000049       0x4a build/stm32wlxx_hal_gpio.o
 .comment       0x0000000000000049       0x4a build/stm32wlxx_hal_cortex.o
 .comment       0x0000000000000049       0x4a build/stm32wlxx_hal_pwr.o
 .comment       0x0000000000000049       0x4a build/stm32wlxx_hal_rcc.o
 .comment       0x0000000000000049       0x4a build/stm32wlxx_hal_pwr_ex.o
 .comment       0x0000000000000049       0x4a build/stm32wlxx_hal.o
 .comment       0x0000000000000049       0x4a build/board.o
 .comment       0x0000000000000049       0x4a build/system.o
 .comment       0x0000000000000049       0x4a build/stm32wlxx_it.o
 .comment       0x0000000000000049       0x4a build/spi.o
 .comment       0x0000000000000049       0x4a build/gpio.o
 .comment       0x0000000000000049       0x4a build/main.o

.debug_frame    0x0000000000000000     0x2f9c
 .debug_frame   0x0000000000000000      0x238 build/sfud.o
 .debug_frame   0x0000000000000238       0x78 build/sfud_sfdp.o
 .debug_frame   0x00000000000002b0       0xdc build/sfud_port.o
 .debug_frame   0x000000000000038c      0xc44 build/lfs.o
 .debug_frame   0x0000000000000fd0       0x2c build/lfs_util.o
 .debug_frame   0x0000000000000ffc       0x54 build/lfs_port.o
 .debug_frame   0x0000000000001050       0x38 build/system_stm32wlxx.o
 .debug_frame   0x0000000000001088      0x648 build/stm32wlxx_hal_spi.o
 .debug_frame   0x00000000000016d0       0xd0 build/stm32wlxx_hal_gpio.o
 .debug_frame   0x00000000000017a0      0x158 build/stm32wlxx_hal_cortex.o
 .debug_frame   0x00000000000018f8      0x118 build/stm32wlxx_hal_pwr.o
 .debug_frame   0x0000000000001a10      0x1f0 build/stm32wlxx_hal_rcc.o
 .debug_frame   0x0000000000001c00      0x268 build/stm32wlxx_hal_pwr_ex.o
 .debug_frame   0x0000000000001e68      0x260 build/stm32wlxx_hal.o
 .debug_frame   0x00000000000020c8       0x3c build/board.o
 .debug_frame   0x0000000000002104       0x3c build/system.o
 .debug_frame   0x0000000000002140       0xa0 build/stm32wlxx_it.o
 .debug_frame   0x00000000000021e0       0x70 build/spi.o
 .debug_frame   0x0000000000002250       0x28 build/gpio.o
 .debug_frame   0x0000000000002278       0x28 build/main.o
 .debug_frame   0x00000000000022a0       0x40 /opt/gcc-arm-none-eabi-10.3-2021.10/bin/../lib/gcc/arm-none-eabi/10.3.1/../../../../arm-none-eabi/lib/thumb/v7e-m/nofp/libc_nano.a(lib_a-assert.o)
 .debug_frame   0x00000000000022e0       0x64 /opt/gcc-arm-none-eabi-10.3-2021.10/bin/../lib/gcc/arm-none-eabi/10.3.1/../../../../arm-none-eabi/lib/thumb/v7e-m/nofp/libc_nano.a(lib_a-fprintf.o)
 .debug_frame   0x0000000000002344       0x2c /opt/gcc-arm-none-eabi-10.3-2021.10/bin/../lib/gcc/arm-none-eabi/10.3.1/../../../../arm-none-eabi/lib/thumb/v7e-m/nofp/libc_nano.a(lib_a-init.o)
 .debug_frame   0x0000000000002370       0x30 /opt/gcc-arm-none-eabi-10.3-2021.10/bin/../lib/gcc/arm-none-eabi/10.3.1/../../../../arm-none-eabi/lib/thumb/v7e-m/nofp/libc_nano.a(lib_a-malloc.o)
 .debug_frame   0x00000000000023a0       0x28 /opt/gcc-arm-none-eabi-10.3-2021.10/bin/../lib/gcc/arm-none-eabi/10.3.1/../../../../arm-none-eabi/lib/thumb/v7e-m/nofp/libc_nano.a(lib_a-memcmp.o)
 .debug_frame   0x00000000000023c8       0x28 /opt/gcc-arm-none-eabi-10.3-2021.10/bin/../lib/gcc/arm-none-eabi/10.3.1/../../../../arm-none-eabi/lib/thumb/v7e-m/nofp/libc_nano.a(lib_a-memcpy-stub.o)
 .debug_frame   0x00000000000023f0       0x20 /opt/gcc-arm-none-eabi-10.3-2021.10/bin/../lib/gcc/arm-none-eabi/10.3.1/../../../../arm-none-eabi/lib/thumb/v7e-m/nofp/libc_nano.a(lib_a-memset.o)
 .debug_frame   0x0000000000002410       0x38 /opt/gcc-arm-none-eabi-10.3-2021.10/bin/../lib/gcc/arm-none-eabi/10.3.1/../../../../arm-none-eabi/lib/thumb/v7e-m/nofp/libc_nano.a(lib_a-nano-freer.o)
 .debug_frame   0x0000000000002448       0x4c /opt/gcc-arm-none-eabi-10.3-2021.10/bin/../lib/gcc/arm-none-eabi/10.3.1/../../../../arm-none-eabi/lib/thumb/v7e-m/nofp/libc_nano.a(lib_a-nano-mallocr.o)
 .debug_frame   0x0000000000002494       0xac /opt/gcc-arm-none-eabi-10.3-2021.10/bin/../lib/gcc/arm-none-eabi/10.3.1/../../../../arm-none-eabi/lib/thumb/v7e-m/nofp/libc_nano.a(lib_a-nano-vfprintf.o)
 .debug_frame   0x0000000000002540       0x60 /opt/gcc-arm-none-eabi-10.3-2021.10/bin/../lib/gcc/arm-none-eabi/10.3.1/../../../../arm-none-eabi/lib/thumb/v7e-m/nofp/libc_nano.a(lib_a-nano-vfprintf_i.o)
 .debug_frame   0x00000000000025a0       0x74 /opt/gcc-arm-none-eabi-10.3-2021.10/bin/../lib/gcc/arm-none-eabi/10.3.1/../../../../arm-none-eabi/lib/thumb/v7e-m/nofp/libc_nano.a(lib_a-printf.o)
 .debug_frame   0x0000000000002614       0x2c /opt/gcc-arm-none-eabi-10.3-2021.10/bin/../lib/gcc/arm-none-eabi/10.3.1/../../../../arm-none-eabi/lib/thumb/v7e-m/nofp/libc_nano.a(lib_a-sbrkr.o)
 .debug_frame   0x0000000000002640       0x4c /opt/gcc-arm-none-eabi-10.3-2021.10/bin/../lib/gcc/arm-none-eabi/10.3.1/../../../../arm-none-eabi/lib/thumb/v7e-m/nofp/libc_nano.a(lib_a-vsnprintf.o)
 .debug_frame   0x000000000000268c       0x40 /opt/gcc-arm-none-eabi-10.3-2021.10/bin/../lib/gcc/arm-none-eabi/10.3.1/../../../../arm-none-eabi/lib/thumb/v7e-m/nofp/libc_nano.a(lib_a-wbuf.o)
 .debug_frame   0x00000000000026cc       0x2c /opt/gcc-arm-none-eabi-10.3-2021.10/bin/../lib/gcc/arm-none-eabi/10.3.1/../../../../arm-none-eabi/lib/thumb/v7e-m/nofp/libc_nano.a(lib_a-wsetup.o)
 .debug_frame   0x00000000000026f8       0x28 /opt/gcc-arm-none-eabi-10.3-2021.10/bin/../lib/gcc/arm-none-eabi/10.3.1/../../../../arm-none-eabi/lib/thumb/v7e-m/nofp/libc_nano.a(lib_a-abort.o)
 .debug_frame   0x0000000000002720       0x5c /opt/gcc-arm-none-eabi-10.3-2021.10/bin/../lib/gcc/arm-none-eabi/10.3.1/../../../../arm-none-eabi/lib/thumb/v7e-m/nofp/libc_nano.a(lib_a-fflush.o)
 .debug_frame   0x000000000000277c      0x14c /opt/gcc-arm-none-eabi-10.3-2021.10/bin/../lib/gcc/arm-none-eabi/10.3.1/../../../../arm-none-eabi/lib/thumb/v7e-m/nofp/libc_nano.a(lib_a-findfp.o)
 .debug_frame   0x00000000000028c8       0x54 /opt/gcc-arm-none-eabi-10.3-2021.10/bin/../lib/gcc/arm-none-eabi/10.3.1/../../../../arm-none-eabi/lib/thumb/v7e-m/nofp/libc_nano.a(lib_a-fwalk.o)
 .debug_frame   0x000000000000291c       0xb0 /opt/gcc-arm-none-eabi-10.3-2021.10/bin/../lib/gcc/arm-none-eabi/10.3.1/../../../../arm-none-eabi/lib/thumb/v7e-m/nofp/libc_nano.a(lib_a-lock.o)
 .debug_frame   0x00000000000029cc       0x58 /opt/gcc-arm-none-eabi-10.3-2021.10/bin/../lib/gcc/arm-none-eabi/10.3.1/../../../../arm-none-eabi/lib/thumb/v7e-m/nofp/libc_nano.a(lib_a-makebuf.o)
 .debug_frame   0x0000000000002a24       0x28 /opt/gcc-arm-none-eabi-10.3-2021.10/bin/../lib/gcc/arm-none-eabi/10.3.1/../../../../arm-none-eabi/lib/thumb/v7e-m/nofp/libc_nano.a(lib_a-memmove.o)
 .debug_frame   0x0000000000002a4c       0x30 /opt/gcc-arm-none-eabi-10.3-2021.10/bin/../lib/gcc/arm-none-eabi/10.3.1/../../../../arm-none-eabi/lib/thumb/v7e-m/nofp/libc_nano.a(lib_a-mlock.o)
 .debug_frame   0x0000000000002a7c       0x3c /opt/gcc-arm-none-eabi-10.3-2021.10/bin/../lib/gcc/arm-none-eabi/10.3.1/../../../../arm-none-eabi/lib/thumb/v7e-m/nofp/libc_nano.a(lib_a-nano-reallocr.o)
 .debug_frame   0x0000000000002ab8       0x90 /opt/gcc-arm-none-eabi-10.3-2021.10/bin/../lib/gcc/arm-none-eabi/10.3.1/../../../../arm-none-eabi/lib/thumb/v7e-m/nofp/libc_nano.a(lib_a-nano-svfprintf.o)
 .debug_frame   0x0000000000002b48       0x5c /opt/gcc-arm-none-eabi-10.3-2021.10/bin/../lib/gcc/arm-none-eabi/10.3.1/../../../../arm-none-eabi/lib/thumb/v7e-m/nofp/libc_nano.a(lib_a-reent.o)
 .debug_frame   0x0000000000002ba4       0xcc /opt/gcc-arm-none-eabi-10.3-2021.10/bin/../lib/gcc/arm-none-eabi/10.3.1/../../../../arm-none-eabi/lib/thumb/v7e-m/nofp/libc_nano.a(lib_a-signal.o)
 .debug_frame   0x0000000000002c70       0x3c /opt/gcc-arm-none-eabi-10.3-2021.10/bin/../lib/gcc/arm-none-eabi/10.3.1/../../../../arm-none-eabi/lib/thumb/v7e-m/nofp/libc_nano.a(lib_a-signalr.o)
 .debug_frame   0x0000000000002cac       0x88 /opt/gcc-arm-none-eabi-10.3-2021.10/bin/../lib/gcc/arm-none-eabi/10.3.1/../../../../arm-none-eabi/lib/thumb/v7e-m/nofp/libc_nano.a(lib_a-stdio.o)
 .debug_frame   0x0000000000002d34       0x2c /opt/gcc-arm-none-eabi-10.3-2021.10/bin/../lib/gcc/arm-none-eabi/10.3.1/../../../../arm-none-eabi/lib/thumb/v7e-m/nofp/libc_nano.a(lib_a-writer.o)
 .debug_frame   0x0000000000002d60       0x2c /opt/gcc-arm-none-eabi-10.3-2021.10/bin/../lib/gcc/arm-none-eabi/10.3.1/../../../../arm-none-eabi/lib/thumb/v7e-m/nofp/libc_nano.a(lib_a-closer.o)
 .debug_frame   0x0000000000002d8c       0x2c /opt/gcc-arm-none-eabi-10.3-2021.10/bin/../lib/gcc/arm-none-eabi/10.3.1/../../../../arm-none-eabi/lib/thumb/v7e-m/nofp/libc_nano.a(lib_a-fstatr.o)
 .debug_frame   0x0000000000002db8       0x2c /opt/gcc-arm-none-eabi-10.3-2021.10/bin/../lib/gcc/arm-none-eabi/10.3.1/../../../../arm-none-eabi/lib/thumb/v7e-m/nofp/libc_nano.a(lib_a-isattyr.o)
 .debug_frame   0x0000000000002de4       0x2c /opt/gcc-arm-none-eabi-10.3-2021.10/bin/../lib/gcc/arm-none-eabi/10.3.1/../../../../arm-none-eabi/lib/thumb/v7e-m/nofp/libc_nano.a(lib_a-lseekr.o)
 .debug_frame   0x0000000000002e10       0x20 /opt/gcc-arm-none-eabi-10.3-2021.10/bin/../lib/gcc/arm-none-eabi/10.3.1/../../../../arm-none-eabi/lib/thumb/v7e-m/nofp/libc_nano.a(lib_a-nano-msizer.o)
 .debug_frame   0x0000000000002e30       0x2c /opt/gcc-arm-none-eabi-10.3-2021.10/bin/../lib/gcc/arm-none-eabi/10.3.1/../../../../arm-none-eabi/lib/thumb/v7e-m/nofp/libc_nano.a(lib_a-readr.o)
 .debug_frame   0x0000000000002e5c       0x20 /opt/gcc-arm-none-eabi-10.3-2021.10/bin/../lib/gcc/arm-none-eabi/10.3.1/../../../../arm-none-eabi/lib/thumb/v7e-m/nofp/libnosys.a(close.o)
 .debug_frame   0x0000000000002e7c       0x20 /opt/gcc-arm-none-eabi-10.3-2021.10/bin/../lib/gcc/arm-none-eabi/10.3.1/../../../../arm-none-eabi/lib/thumb/v7e-m/nofp/libnosys.a(fstat.o)
 .debug_frame   0x0000000000002e9c       0x20 /opt/gcc-arm-none-eabi-10.3-2021.10/bin/../lib/gcc/arm-none-eabi/10.3.1/../../../../arm-none-eabi/lib/thumb/v7e-m/nofp/libnosys.a(getpid.o)
 .debug_frame   0x0000000000002ebc       0x20 /opt/gcc-arm-none-eabi-10.3-2021.10/bin/../lib/gcc/arm-none-eabi/10.3.1/../../../../arm-none-eabi/lib/thumb/v7e-m/nofp/libnosys.a(isatty.o)
 .debug_frame   0x0000000000002edc       0x20 /opt/gcc-arm-none-eabi-10.3-2021.10/bin/../lib/gcc/arm-none-eabi/10.3.1/../../../../arm-none-eabi/lib/thumb/v7e-m/nofp/libnosys.a(kill.o)
 .debug_frame   0x0000000000002efc       0x20 /opt/gcc-arm-none-eabi-10.3-2021.10/bin/../lib/gcc/arm-none-eabi/10.3.1/../../../../arm-none-eabi/lib/thumb/v7e-m/nofp/libnosys.a(lseek.o)
 .debug_frame   0x0000000000002f1c       0x20 /opt/gcc-arm-none-eabi-10.3-2021.10/bin/../lib/gcc/arm-none-eabi/10.3.1/../../../../arm-none-eabi/lib/thumb/v7e-m/nofp/libnosys.a(read.o)
 .debug_frame   0x0000000000002f3c       0x20 /opt/gcc-arm-none-eabi-10.3-2021.10/bin/../lib/gcc/arm-none-eabi/10.3.1/../../../../arm-none-eabi/lib/thumb/v7e-m/nofp/libnosys.a(sbrk.o)
 .debug_frame   0x0000000000002f5c       0x20 /opt/gcc-arm-none-eabi-10.3-2021.10/bin/../lib/gcc/arm-none-eabi/10.3.1/../../../../arm-none-eabi/lib/thumb/v7e-m/nofp/libnosys.a(write.o)
 .debug_frame   0x0000000000002f7c       0x20 /opt/gcc-arm-none-eabi-10.3-2021.10/bin/../lib/gcc/arm-none-eabi/10.3.1/../../../../arm-none-eabi/lib/thumb/v7e-m/nofp/libnosys.a(_exit.o)

.stab           0x0000000000000000       0xcc